<html>
<body>
<pre>
<h1>礦ision Build Log</h1>
<h2>Tool Versions:</h2>
IDE-Version: μVision V5.25.2.0
Copyright (C) 2018 ARM Ltd and ARM Germany GmbH. All rights reserved.
License Information: z h, i, LIC=9N012-9WQ05-MQH0F-6M2HD-MC3LU-Z0J47
 
Tool Versions:
Toolchain:       MDK-ARM Professional  Version: 5.25.2.0
Toolchain Path:  D:\Program Files\Keil_v5\ARM\ARMCC\Bin
C Compiler:      Armcc.exe V5.06 update 6 (build 750)
Assembler:       Armasm.exe V5.06 update 6 (build 750)
Linker/Locator:  ArmLink.exe V5.06 update 6 (build 750)
Library Manager: ArmAr.exe V5.06 update 6 (build 750)
Hex Converter:   FromElf.exe V5.06 update 6 (build 750)
CPU DLL:         SARMCM3.DLL V5.25.2.0
Dialog DLL:      DARMCM1.DLL V1.19.1.0
Target DLL:      Segger\JL2CM3.dll V2.99.29.0
Dialog DLL:      TARMCM1.DLL V1.14.0.0
 
<h2>Project:</h2>
E:\HD\HCF570\HCF570\HCF570-STM32L0x1\MDK-ARM\STM32L0x1.uvprojx
Project File Date:  02/04/2020

<h2>Output:</h2>
*** Using Compiler 'V5.06 update 6 (build 750)', folder: 'D:\Program Files\Keil_v5\ARM\ARMCC\Bin'
Build target 'STM32L0x1'
compiling storage.c...
..\Src\storage.c(19): warning:  #177-D: variable "temp8"  was declared but never referenced
  	short temp8=0;
..\Src\storage.c: 1 warning, 0 errors
compiling lowpower.c...
compiling main.c...
../Src/main.c(66): warning:  #177-D: variable "i"  was declared but never referenced
  	uint8_t temp[2]={0},i=0;
../Src/main.c(152): warning:  #188-D: enumerated type mixed with another type
  			SI_POWER_ON();
../Src/main.c(174): warning:  #188-D: enumerated type mixed with another type
  			SI_POWER_OFF();//或者进入低功耗模式
../Src/main.c(113): warning:  #177-D: variable "i"  was declared but never referenced
  	uint16_t i = 0,j=0;
../Src/main.c(113): warning:  #177-D: variable "j"  was declared but never referenced
  	uint16_t i = 0,j=0;
../Src/main.c: 5 warnings, 0 errors
compiling stm32l0xx_it.c...
compiling check.c...
compiling stm32l0xx_hal_msp.c...
compiling data_tran.c...
..\Src\data_tran.c(262): warning:  #177-D: variable "Sample_interval"  was declared but never referenced
  	uint32_t Sample_interval=0;	//采集时间间隔，不配置时，默认1h
..\Src\data_tran.c(477): warning:  #177-D: variable "SI_ack"  was declared but never referenced
  	uint8_t SI_ack[64]={0};
..\Src\data_tran.c(780): warning:  #940-D: missing return statement at end of non-void function "dev_data_request" 
  }
..\Src\data_tran.c(520): warning:  #550-D: variable "send_num"  was set but never used
  	uint16_t send_num=0;
..\Src\data_tran.c(525): warning:  #177-D: variable "dID"  was declared but never referenced
  	uint32_t dID=0;
..\Src\data_tran.c(830): warning:  #940-D: missing return statement at end of non-void function "Instruction_Process" 
  }
..\Src\data_tran.c: 6 warnings, 0 errors
compiling SI4463.c...
..\SI4463\SI4463.c(320): warning:  #188-D: enumerated type mixed with another type
      SI_SET_SDN_HIGH( );		//关设备
..\SI4463\SI4463.c(322): warning:  #188-D: enumerated type mixed with another type
      SI_SET_SDN_LOW( );		//开设备
..\SI4463\SI4463.c: 2 warnings, 0 errors
compiling GPIO.c...
..\BSP\GPIO.c(83): warning:  #188-D: enumerated type mixed with another type
  	LED1_OFF();
..\BSP\GPIO.c(84): warning:  #188-D: enumerated type mixed with another type
  	SI_POWER_OFF();
..\BSP\GPIO.c: 2 warnings, 0 errors
compiling SPI.c...
..\BSP\SPI.c(47): warning:  #188-D: enumerated type mixed with another type
  			if(sta==0) SPIFLASH_CS_L();
..\BSP\SPI.c(48): warning:  #188-D: enumerated type mixed with another type
  			else	   SPIFLASH_CS_H();
..\BSP\SPI.c(51): warning:  #188-D: enumerated type mixed with another type
  			if(sta==0) SPIAS10_CS_L();
..\BSP\SPI.c(52): warning:  #188-D: enumerated type mixed with another type
  			else	   SPIAS10_CS_H();
..\BSP\SPI.c: 4 warnings, 0 errors
compiling uart.c...
compiling RTC.c...
..\BSP\RTC.c(225): warning:  #940-D: missing return statement at end of non-void function "Set_AlarmA" 
  }
..\BSP\RTC.c: 1 warning, 0 errors
compiling ADC.c...
..\BSP\ADC.c(131): warning:  #188-D: enumerated type mixed with another type
  	OP_POWER_ON();
..\BSP\ADC.c(142): warning:  #188-D: enumerated type mixed with another type
  	OP_POWER_OFF();
..\BSP\ADC.c: 2 warnings, 0 errors
compiling Clock_Config.c...
compiling system_stm32l0xx.c...
compiling stm32l0xx_hal_adc_ex.c...
compiling stm32l0xx_hal_rtc_ex.c...
compiling IEEPROM.c...
compiling at45db.c...
compiling stm32l0xx_hal_rtc.c...
compiling stm32l0xx_hal_adc.c...
compiling stm32l0xx_hal_tim_ex.c...
compiling stm32l0xx_hal.c...
compiling stm32l0xx_hal_tim.c...
compiling stm32l0xx_hal_i2c_ex.c...
compiling stm32l0xx_hal_spi.c...
compiling stm32l0xx_hal_rcc.c...
compiling stm32l0xx_hal_i2c.c...
compiling stm32l0xx_hal_rcc_ex.c...
compiling stm32l0xx_hal_flash.c...
compiling stm32l0xx_hal_flash_ramfunc.c...
compiling stm32l0xx_hal_flash_ex.c...
compiling stm32l0xx_hal_gpio.c...
compiling stm32l0xx_hal_pwr.c...
assembling startup_stm32l031xx.s...
compiling stm32l0xx_hal_dma.c...
compiling stm32l0xx_hal_pwr_ex.c...
compiling stm32l0xx_hal_cortex.c...
compiling stm32l0xx_hal_uart_ex.c...
compiling stm32l0xx_hal_uart.c...
linking...
Program Size: Code=26376 RO-data=984 RW-data=64 ZI-data=1536  
FromELF: creating hex file...
"..\Output\STM32L0x1.axf" - 0 Error(s), 23 Warning(s).

<h2>Software Packages used:</h2>

Package Vendor: ARM
                http://www.keil.com/pack/ARM.CMSIS.5.3.0.pack
                ARM.CMSIS.5.3.0
                CMSIS (Cortex Microcontroller Software Interface Standard)
   * Component: CORE Version: 5.1.1

Package Vendor: Keil
                http://www.keil.com/pack/Keil.STM32L0xx_DFP.2.0.0.pack
                Keil.STM32L0xx_DFP.2.0.0
                STMicroelectronics STM32L0 Series Device Support, Drivers and Examples

<h2>Collection of Component include folders:</h2>
  .\RTE\_STM32L0x1
  D:\Program Files\Keil_v5\ARM\PACK\ARM\CMSIS\5.3.0\CMSIS\Include
  D:\Program Files\Keil_v5\ARM\PACK\Keil\STM32L0xx_DFP\2.0.0\Drivers\CMSIS\Device\ST\STM32L0xx\Include

<h2>Collection of Component Files used:</h2>

   * Component: ARM::CMSIS:CORE:5.1.1
Build Time Elapsed:  00:00:12
</pre>
</body>
</html>
