Component: ARM Compiler 5.06 update 6 (build 750) Tool: armlink [4d35ed]

==============================================================================

Section Cross References

    main.o(i.Dev_ReInit) refers to clock_config.o(i.SystemClock_Config_MSI_2MHz) for SystemClock_Config_MSI_2MHz
    main.o(i.Dev_ReInit) refers to gpio.o(i.MX_GPIO_Init) for MX_GPIO_Init
    main.o(i.Dev_ReInit) refers to spi.o(i.MX_SPI1_Init) for MX_SPI1_Init
    main.o(i.Dev_ReInit) refers to adc.o(i.MX_ADC_Init) for MX_ADC_Init
    main.o(i.Dev_ReInit) refers to uart.o(i.MX_LPUART1_UART_Init) for MX_LPUART1_UART_Init
    main.o(i.Dev_ReInit) refers to rtc.o(i.MX_RTC_Init) for MX_RTC_Init
    main.o(i.Dev_ReInit) refers to rtc.o(i.Set_Alarm) for Set_Alarm
    main.o(i.Dev_ReInit) refers to at45db.o(i.AT45dbxx_Init) for AT45dbxx_Init
    main.o(i.HAL_Get_CPU_RCC_Clock) refers to stm32l0xx_hal_rcc.o(i.HAL_RCC_GetSysClockFreq) for HAL_RCC_GetSysClockFreq
    main.o(i.HAL_Get_CPU_RCC_Clock) refers to dfltui.o(.text) for __aeabi_ui2d
    main.o(i.HAL_Get_CPU_RCC_Clock) refers to ddiv.o(.text) for __aeabi_ddiv
    main.o(i.HAL_Get_CPU_RCC_Clock) refers to printfa.o(i.__0printf) for __2printf
    main.o(i.HAL_Get_CPU_RCC_Clock) refers to stm32l0xx_hal_rcc.o(i.HAL_RCC_GetHCLKFreq) for HAL_RCC_GetHCLKFreq
    main.o(i.main) refers to stm32l0xx_hal.o(i.HAL_Init) for HAL_Init
    main.o(i.main) refers to main.o(i.Dev_ReInit) for Dev_ReInit
    main.o(i.main) refers to printfa.o(i.__0printf) for __2printf
    main.o(i.main) refers to main.o(i.HAL_Get_CPU_RCC_Clock) for HAL_Get_CPU_RCC_Clock
    main.o(i.main) refers to uwrite4.o(.text) for __aeabi_uwrite4
    main.o(i.main) refers to ieeprom.o(i.EEWrite) for EEWrite
    main.o(i.main) refers to stm32l0xx_hal.o(i.HAL_Delay) for HAL_Delay
    main.o(i.main) refers to ieeprom.o(i.EERead) for EERead
    main.o(i.main) refers to uread4.o(.text) for __aeabi_uread4
    main.o(i.main) refers to rtc.o(i.RTC_CalendarShow) for RTC_CalendarShow
    main.o(i.main) refers to adc.o(i.get_adc) for get_adc
    main.o(i.main) refers to at45db.o(i.AT45_test) for AT45_test
    main.o(i.main) refers to stm32l0xx_hal_gpio.o(i.HAL_GPIO_WritePin) for HAL_GPIO_WritePin
    main.o(i.main) refers to si4463.o(i.SI446x_Init) for SI446x_Init
    main.o(i.main) refers to data_tran.o(i.Instruction_Process) for Instruction_Process
    main.o(i.main) refers to lowpower.o(i.enter_stopmode) for enter_stopmode
    main.o(i.main) refers to storage.o(.bss) for Deviceinfo
    main.o(i.main) refers to main.o(.data) for .data
    stm32l0xx_it.o(i.ADCx_IRQHandler) refers to stm32l0xx_hal_adc.o(i.HAL_ADC_IRQHandler) for HAL_ADC_IRQHandler
    stm32l0xx_it.o(i.ADCx_IRQHandler) refers to adc.o(.bss) for hadc
    stm32l0xx_it.o(i.RTC_IRQHandler) refers to stm32l0xx_hal_rtc.o(i.HAL_RTC_AlarmIRQHandler) for HAL_RTC_AlarmIRQHandler
    stm32l0xx_it.o(i.RTC_IRQHandler) refers to stm32l0xx_hal_rtc_ex.o(i.HAL_RTCEx_WakeUpTimerIRQHandler) for HAL_RTCEx_WakeUpTimerIRQHandler
    stm32l0xx_it.o(i.RTC_IRQHandler) refers to rtc.o(.bss) for hrtc
    stm32l0xx_it.o(i.SysTick_Handler) refers to stm32l0xx_hal.o(i.HAL_IncTick) for HAL_IncTick
    stm32l0xx_it.o(i.SysTick_Handler) refers to stm32l0xx_hal_gpio.o(i.HAL_GPIO_TogglePin) for HAL_GPIO_TogglePin
    stm32l0xx_it.o(i.SysTick_Handler) refers to stm32l0xx_it.o(.data) for .data
    stm32l0xx_it.o(i.SysTick_Handler) refers to main.o(.data) for re_window
    stm32l0xx_hal_msp.o(i.HAL_ADC_MspDeInit) refers to stm32l0xx_hal_gpio.o(i.HAL_GPIO_DeInit) for HAL_GPIO_DeInit
    stm32l0xx_hal_msp.o(i.HAL_ADC_MspInit) refers to memseta.o(.text) for __aeabi_memclr4
    stm32l0xx_hal_msp.o(i.HAL_ADC_MspInit) refers to stm32l0xx_hal_gpio.o(i.HAL_GPIO_Init) for HAL_GPIO_Init
    stm32l0xx_hal_msp.o(i.HAL_RTC_MspDeInit) refers to stm32l0xx_hal_cortex.o(i.HAL_NVIC_DisableIRQ) for HAL_NVIC_DisableIRQ
    stm32l0xx_hal_msp.o(i.HAL_RTC_MspInit) refers to stm32l0xx_hal_cortex.o(i.HAL_NVIC_SetPriority) for HAL_NVIC_SetPriority
    stm32l0xx_hal_msp.o(i.HAL_RTC_MspInit) refers to stm32l0xx_hal_cortex.o(i.HAL_NVIC_EnableIRQ) for HAL_NVIC_EnableIRQ
    stm32l0xx_hal_msp.o(i.HAL_SPI_MspDeInit) refers to stm32l0xx_hal_gpio.o(i.HAL_GPIO_DeInit) for HAL_GPIO_DeInit
    stm32l0xx_hal_msp.o(i.HAL_SPI_MspInit) refers to memseta.o(.text) for __aeabi_memclr4
    stm32l0xx_hal_msp.o(i.HAL_SPI_MspInit) refers to stm32l0xx_hal_gpio.o(i.HAL_GPIO_Init) for HAL_GPIO_Init
    stm32l0xx_hal_msp.o(i.HAL_UART_MspDeInit) refers to stm32l0xx_hal_gpio.o(i.HAL_GPIO_DeInit) for HAL_GPIO_DeInit
    stm32l0xx_hal_msp.o(i.HAL_UART_MspInit) refers to memseta.o(.text) for __aeabi_memclr4
    stm32l0xx_hal_msp.o(i.HAL_UART_MspInit) refers to stm32l0xx_hal_gpio.o(i.HAL_GPIO_Init) for HAL_GPIO_Init
    lowpower.o(i.enter_stopmode) refers to printfa.o(i.__0printf) for __2printf
    lowpower.o(i.enter_stopmode) refers to stm32l0xx_hal_pwr_ex.o(i.HAL_PWREx_EnableUltraLowPower) for HAL_PWREx_EnableUltraLowPower
[...]
    ..\SI4463\SI4463.c                       0x00000000   Number         0  si4463.o ABSOLUTE
    ..\Src\data_tran.c                       0x00000000   Number         0  data_tran.o ABSOLUTE
    ..\Src\lowpower.c                        0x00000000   Number         0  lowpower.o ABSOLUTE
    ..\Src\main.c                            0x00000000   Number         0  main.o ABSOLUTE
    ..\Src\stm32l0xx_hal_msp.c               0x00000000   Number         0  stm32l0xx_hal_msp.o ABSOLUTE
    ..\Src\stm32l0xx_it.c                    0x00000000   Number         0  stm32l0xx_it.o ABSOLUTE
    ..\Src\storage.c                         0x00000000   Number         0  storage.o ABSOLUTE
    ..\Src\system_stm32l0xx.c                0x00000000   Number         0  system_stm32l0xx.o ABSOLUTE
    ..\\BSP\\ADC.c                           0x00000000   Number         0  adc.o ABSOLUTE
    ..\\BSP\\Clock_Config.c                  0x00000000   Number         0  clock_config.o ABSOLUTE
    ..\\BSP\\GPIO.c                          0x00000000   Number         0  gpio.o ABSOLUTE
    ..\\BSP\\IEEPROM.c                       0x00000000   Number         0  ieeprom.o ABSOLUTE
    ..\\BSP\\RTC.c                           0x00000000   Number         0  rtc.o ABSOLUTE
    ..\\BSP\\SPI.c                           0x00000000   Number         0  spi.o ABSOLUTE
    ..\\BSP\\dataflash\\at45db.c             0x00000000   Number         0  at45db.o ABSOLUTE
    ..\\BSP\\uart.c                          0x00000000   Number         0  uart.o ABSOLUTE
    ..\\Drivers\\STM32L0xx_HAL_Driver\\Src\\stm32l0xx_hal_uart.c 0x00000000   Number         0  stm32l0xx_hal_uart.o ABSOLUTE
    ..\\Drivers\\STM32L0xx_HAL_Driver\\Src\\stm32l0xx_hal_uart_ex.c 0x00000000   Number         0  stm32l0xx_hal_uart_ex.o ABSOLUTE
    ..\\SI4463\\SI4463.c                     0x00000000   Number         0  si4463.o ABSOLUTE
    ..\\Src\\data_tran.c                     0x00000000   Number         0  data_tran.o ABSOLUTE
    ..\\Src\\lowpower.c                      0x00000000   Number         0  lowpower.o ABSOLUTE
    ..\\Src\\storage.c                       0x00000000   Number         0  storage.o ABSOLUTE
    cdcmple.s                                0x00000000   Number         0  cdcmple.o ABSOLUTE
    cdrcmple.s                               0x00000000   Number         0  cdrcmple.o ABSOLUTE
    dc.s                                     0x00000000   Number         0  dc.o ABSOLUTE
    handlers.s                               0x00000000   Number         0  handlers.o ABSOLUTE
    init.s                                   0x00000000   Number         0  init.o ABSOLUTE
    startup_stm32l031xx.s                    0x00000000   Number         0  startup_stm32l031xx.o ABSOLUTE
    RESET                                    0x08000000   Section      192  startup_stm32l031xx.o(RESET)
    .ARM.Collect$$$$00000000                 0x080000c0   Section        0  entry.o(.ARM.Collect$$$$00000000)
    .ARM.Collect$$$$00000001                 0x080000c0   Section        4  entry2.o(.ARM.Collect$$$$00000001)
    .ARM.Collect$$$$00000004                 0x080000c4   Section        4  entry5.o(.ARM.Collect$$$$00000004)
    .ARM.Collect$$$$00000008                 0x080000c8   Section        0  entry7b.o(.ARM.Collect$$$$00000008)
    .ARM.Collect$$$$0000000A                 0x080000c8   Section        0  entry8b.o(.ARM.Collect$$$$0000000A)
    .ARM.Collect$$$$0000000B                 0x080000c8   Section        8  entry9a.o(.ARM.Collect$$$$0000000B)
    .ARM.Collect$$$$0000000D                 0x080000d0   Section        0  entry10a.o(.ARM.Collect$$$$0000000D)
    .ARM.Collect$$$$0000000F                 0x080000d0   Section        0  entry11a.o(.ARM.Collect$$$$0000000F)
    .ARM.Collect$$$$00002712                 0x080000d0   Section        4  entry2.o(.ARM.Collect$$$$00002712)
    __lit__00000000                          0x080000d0   Data           4  entry2.o(.ARM.Collect$$$$00002712)
    .text                                    0x080000d4   Section       28  startup_stm32l031xx.o(.text)
    .text                                    0x080000f0   Section        0  uidiv.o(.text)
    .text                                    0x0800011c   Section        0  idiv.o(.text)
    .text                                    0x08000144   Section        0  uldiv.o(.text)
    .text                                    0x080001a4   Section        0  mktime.o(.text)
    .text                                    0x08000230   Section        0  memseta.o(.text)
    .text                                    0x08000254   Section        0  uread4.o(.text)
    .text                                    0x08000268   Section        0  uwrite4.o(.text)
    .text                                    0x0800027a   Section        0  fmul.o(.text)
    .text                                    0x080002f4   Section        0  fdiv.o(.text)
    .text                                    0x08000370   Section        0  dadd.o(.text)
    .text                                    0x080004d4   Section        0  dmul.o(.text)
    .text                                    0x080005a4   Section        0  ddiv.o(.text)
    .text                                    0x08000694   Section        0  dfltui.o(.text)
    .text                                    0x080006b0   Section        0  ffixui.o(.text)
    .text                                    0x080006d8   Section        0  f2d.o(.text)
    .text                                    0x08000700   Section        0  d2f.o(.text)
    .text                                    0x08000738   Section        0  llshl.o(.text)
    .text                                    0x08000758   Section        0  llushr.o(.text)
    .text                                    0x0800077a   Section        0  llsshr.o(.text)
    .text                                    0x080007a0   Section        0  localtime_i.o(.text)
    .text                                    0x08000814   Section        0  iusefp.o(.text)
    .text                                    0x08000814   Section        0  fepilogue.o(.text)
    .text                                    0x08000896   Section        0  depilogue.o(.text)
    .text                                    0x08000954   Section        0  dscalb.o(.text)
    .text                                    0x08000980   Section        0  dflti.o(.text)
    .text                                    0x080009a8   Section        0  dfixul.o(.text)
    .text                                    0x080009e8   Section       40  cdrcmple.o(.text)
    .text                                    0x08000a10   Section       36  init.o(.text)
    .text                                    0x08000a34   Section        0  dsqrt.o(.text)
    i.ADC_ConversionStop                     0x08000ad6   Section        0  stm32l0xx_hal_adc.o(i.ADC_ConversionStop)
    ADC_ConversionStop                       0x08000ad7   Thumb Code    82  stm32l0xx_hal_adc.o(i.ADC_ConversionStop)
    i.ADC_DelayMicroSecond                   0x08000b28   Section        0  stm32l0xx_hal_adc.o(i.ADC_DelayMicroSecond)
    ADC_DelayMicroSecond                     0x08000b29   Thumb Code    28  stm32l0xx_hal_adc.o(i.ADC_DelayMicroSecond)
    i.ADC_Disable                            0x08000b4c   Section        0  stm32l0xx_hal_adc.o(i.ADC_Disable)
    ADC_Disable                              0x08000b4d   Thumb Code    96  stm32l0xx_hal_adc.o(i.ADC_Disable)
    i.ADC_Enable                             0x08000bac   Section        0  stm32l0xx_hal_adc.o(i.ADC_Enable)
    ADC_Enable                               0x08000bad   Thumb Code    96  stm32l0xx_hal_adc.o(i.ADC_Enable)
    i.AT45_test                              0x08000c10   Section        0  at45db.o(i.AT45_test)
    i.AT45dbxx_Init                          0x08000ca8   Section        0  at45db.o(i.AT45dbxx_Init)
    i.AT45dbxx_ReadPage                      0x08000de8   Section        0  at45db.o(i.AT45dbxx_ReadPage)
    i.AT45dbxx_ReadStatus                    0x08000e4c   Section        0  at45db.o(i.AT45dbxx_ReadStatus)
    i.AT45dbxx_Resume                        0x08000e70   Section        0  at45db.o(i.AT45dbxx_Resume)
    i.AT45dbxx_Spi                           0x08000e8c   Section        0  at45db.o(i.AT45dbxx_Spi)
    i.AT45dbxx_WaitBusy                      0x08000eb0   Section        0  at45db.o(i.AT45dbxx_WaitBusy)
    i.AT45dbxx_WritePage                     0x08000ee0   Section        0  at45db.o(i.AT45dbxx_WritePage)
    i.Dev_ReInit                             0x08000f38   Section        0  main.o(i.Dev_ReInit)
    i.EERead                                 0x08000f5c   Section        0  ieeprom.o(i.EERead)
    i.EEWrite                                0x08000f7c   Section        0  ieeprom.o(i.EEWrite)
    i.Error_Handler                          0x08000fb0   Section        0  main.o(i.Error_Handler)
    i.FLASH_SetErrorCode                     0x08000fb4   Section        0  stm32l0xx_hal_flash.o(i.FLASH_SetErrorCode)
    FLASH_SetErrorCode                       0x08000fb5   Thumb Code   134  stm32l0xx_hal_flash.o(i.FLASH_SetErrorCode)
    i.FLASH_WaitForLastOperation             0x08001044   Section        0  stm32l0xx_hal_flash.o(i.FLASH_WaitForLastOperation)
    i.HAL_ADCEx_Calibration_Start            0x080010b4   Section        0  stm32l0xx_hal_adc_ex.o(i.HAL_ADCEx_Calibration_Start)
    i.HAL_ADCEx_DisableVREFINT               0x08001160   Section        0  stm32l0xx_hal_adc_ex.o(i.HAL_ADCEx_DisableVREFINT)
    i.HAL_ADCEx_EnableVREFINT                0x08001170   Section        0  stm32l0xx_hal_adc_ex.o(i.HAL_ADCEx_EnableVREFINT)
    i.HAL_ADC_ConfigChannel                  0x080011a0   Section        0  stm32l0xx_hal_adc.o(i.HAL_ADC_ConfigChannel)
    i.HAL_ADC_GetState                       0x08001234   Section        0  stm32l0xx_hal_adc.o(i.HAL_ADC_GetState)
    i.HAL_ADC_GetValue                       0x08001238   Section        0  stm32l0xx_hal_adc.o(i.HAL_ADC_GetValue)
    i.HAL_ADC_Init                           0x08001240   Section        0  stm32l0xx_hal_adc.o(i.HAL_ADC_Init)
    i.HAL_ADC_MspDeInit                      0x08001408   Section        0  stm32l0xx_hal_msp.o(i.HAL_ADC_MspDeInit)
    i.HAL_ADC_MspInit                        0x0800143c   Section        0  stm32l0xx_hal_msp.o(i.HAL_ADC_MspInit)
    i.HAL_ADC_PollForConversion              0x0800148c   Section        0  stm32l0xx_hal_adc.o(i.HAL_ADC_PollForConversion)
    i.HAL_ADC_Start                          0x0800154c   Section        0  stm32l0xx_hal_adc.o(i.HAL_ADC_Start)
    i.HAL_ADC_Stop                           0x080015a8   Section        0  stm32l0xx_hal_adc.o(i.HAL_ADC_Stop)
    i.HAL_Delay                              0x080015e6   Section        0  stm32l0xx_hal.o(i.HAL_Delay)
    i.HAL_FLASHEx_DATAEEPROM_Lock            0x08001604   Section        0  stm32l0xx_hal_flash_ex.o(i.HAL_FLASHEx_DATAEEPROM_Lock)
    i.HAL_FLASHEx_DATAEEPROM_Program         0x08001618   Section        0  stm32l0xx_hal_flash_ex.o(i.HAL_FLASHEx_DATAEEPROM_Program)
    i.HAL_FLASHEx_DATAEEPROM_Unlock          0x0800166c   Section        0  stm32l0xx_hal_flash_ex.o(i.HAL_FLASHEx_DATAEEPROM_Unlock)
    i.HAL_GPIO_DeInit                        0x080016a0   Section        0  stm32l0xx_hal_gpio.o(i.HAL_GPIO_DeInit)
    i.HAL_GPIO_Init                          0x08001774   Section        0  stm32l0xx_hal_gpio.o(i.HAL_GPIO_Init)
    i.HAL_GPIO_TogglePin                     0x080018dc   Section        0  stm32l0xx_hal_gpio.o(i.HAL_GPIO_TogglePin)
    i.HAL_GPIO_WritePin                      0x080018e4   Section        0  stm32l0xx_hal_gpio.o(i.HAL_GPIO_WritePin)
    i.HAL_GetTick                            0x080018f0   Section        0  stm32l0xx_hal.o(i.HAL_GetTick)
    i.HAL_Get_CPU_RCC_Clock                  0x080018fc   Section        0  main.o(i.HAL_Get_CPU_RCC_Clock)
    i.HAL_IncTick                            0x08001978   Section        0  stm32l0xx_hal.o(i.HAL_IncTick)
    i.HAL_Init                               0x08001988   Section        0  stm32l0xx_hal.o(i.HAL_Init)
    i.HAL_InitTick                           0x080019b0   Section        0  stm32l0xx_hal.o(i.HAL_InitTick)
    i.HAL_MspInit                            0x080019e0   Section        0  stm32l0xx_hal_msp.o(i.HAL_MspInit)
    i.HAL_NVIC_EnableIRQ                     0x080019f8   Section        0  stm32l0xx_hal_cortex.o(i.HAL_NVIC_EnableIRQ)
    i.HAL_NVIC_SetPriority                   0x08001a0c   Section        0  stm32l0xx_hal_cortex.o(i.HAL_NVIC_SetPriority)
    i.HAL_PWREx_EnableFastWakeUp             0x08001a14   Section        0  stm32l0xx_hal_pwr_ex.o(i.HAL_PWREx_EnableFastWakeUp)
    i.HAL_PWREx_EnableUltraLowPower          0x08001a24   Section        0  stm32l0xx_hal_pwr_ex.o(i.HAL_PWREx_EnableUltraLowPower)
    i.HAL_PWR_EnableBkUpAccess               0x08001a34   Section        0  stm32l0xx_hal_pwr.o(i.HAL_PWR_EnableBkUpAccess)
    i.HAL_PWR_EnterSTOPMode                  0x08001a44   Section        0  stm32l0xx_hal_pwr.o(i.HAL_PWR_EnterSTOPMode)
    i.HAL_RCCEx_PeriphCLKConfig              0x08001a78   Section        0  stm32l0xx_hal_rcc_ex.o(i.HAL_RCCEx_PeriphCLKConfig)
    i.HAL_RCC_ClockConfig                    0x08001bc8   Section        0  stm32l0xx_hal_rcc.o(i.HAL_RCC_ClockConfig)
    i.HAL_RCC_GetHCLKFreq                    0x08001d34   Section        0  stm32l0xx_hal_rcc.o(i.HAL_RCC_GetHCLKFreq)
    i.HAL_RCC_GetPCLK1Freq                   0x08001d40   Section        0  stm32l0xx_hal_rcc.o(i.HAL_RCC_GetPCLK1Freq)
    i.HAL_RCC_GetPCLK2Freq                   0x08001d60   Section        0  stm32l0xx_hal_rcc.o(i.HAL_RCC_GetPCLK2Freq)
    i.HAL_RCC_GetSysClockFreq                0x08001d80   Section        0  stm32l0xx_hal_rcc.o(i.HAL_RCC_GetSysClockFreq)
    i.HAL_RCC_OscConfig                      0x08001df8   Section        0  stm32l0xx_hal_rcc.o(i.HAL_RCC_OscConfig)
    i.HAL_RTCEx_AlarmBEventCallback          0x08002224   Section        0  stm32l0xx_hal_rtc_ex.o(i.HAL_RTCEx_AlarmBEventCallback)
    i.HAL_RTCEx_BKUPRead                     0x08002226   Section        0  stm32l0xx_hal_rtc_ex.o(i.HAL_RTCEx_BKUPRead)
    i.HAL_RTCEx_BKUPWrite                    0x08002232   Section        0  stm32l0xx_hal_rtc_ex.o(i.HAL_RTCEx_BKUPWrite)
    i.HAL_RTCEx_SetWakeUpTimer_IT            0x08002240   Section        0  stm32l0xx_hal_rtc_ex.o(i.HAL_RTCEx_SetWakeUpTimer_IT)
    i.HAL_RTCEx_WakeUpTimerEventCallback     0x08002338   Section        0  rtc.o(i.HAL_RTCEx_WakeUpTimerEventCallback)
    i.HAL_RTCEx_WakeUpTimerIRQHandler        0x08002344   Section        0  stm32l0xx_hal_rtc_ex.o(i.HAL_RTCEx_WakeUpTimerIRQHandler)
    i.HAL_RTC_AlarmAEventCallback            0x0800237c   Section        0  rtc.o(i.HAL_RTC_AlarmAEventCallback)
    i.HAL_RTC_AlarmIRQHandler                0x08002388   Section        0  stm32l0xx_hal_rtc.o(i.HAL_RTC_AlarmIRQHandler)
    i.HAL_RTC_GetDate                        0x080023e8   Section        0  stm32l0xx_hal_rtc.o(i.HAL_RTC_GetDate)
    i.HAL_RTC_GetTime                        0x0800242c   Section        0  stm32l0xx_hal_rtc.o(i.HAL_RTC_GetTime)
    i.HAL_RTC_Init                           0x08002488   Section        0  stm32l0xx_hal_rtc.o(i.HAL_RTC_Init)
    i.HAL_RTC_MspInit                        0x08002544   Section        0  stm32l0xx_hal_msp.o(i.HAL_RTC_MspInit)
    i.HAL_RTC_SetAlarm_IT                    0x08002574   Section        0  stm32l0xx_hal_rtc.o(i.HAL_RTC_SetAlarm_IT)
    i.HAL_RTC_SetDate                        0x08002704   Section        0  stm32l0xx_hal_rtc.o(i.HAL_RTC_SetDate)
    i.HAL_RTC_SetTime                        0x080027c8   Section        0  stm32l0xx_hal_rtc.o(i.HAL_RTC_SetTime)
    i.HAL_RTC_WaitForSynchro                 0x080028b0   Section        0  stm32l0xx_hal_rtc.o(i.HAL_RTC_WaitForSynchro)
    i.HAL_ResumeTick                         0x080028e4   Section        0  stm32l0xx_hal.o(i.HAL_ResumeTick)
    i.HAL_SPI_DeInit                         0x080028f4   Section        0  stm32l0xx_hal_spi.o(i.HAL_SPI_DeInit)
    i.HAL_SPI_Init                           0x08002924   Section        0  stm32l0xx_hal_spi.o(i.HAL_SPI_Init)
    i.HAL_SPI_MspDeInit                      0x0800299c   Section        0  stm32l0xx_hal_msp.o(i.HAL_SPI_MspDeInit)
    i.HAL_SPI_MspInit                        0x080029c4   Section        0  stm32l0xx_hal_msp.o(i.HAL_SPI_MspInit)
    i.HAL_SPI_Receive                        0x08002a1c   Section        0  stm32l0xx_hal_spi.o(i.HAL_SPI_Receive)
    i.HAL_SPI_Transmit                       0x08002b62   Section        0  stm32l0xx_hal_spi.o(i.HAL_SPI_Transmit)
    i.HAL_SPI_TransmitReceive                0x08002cbe   Section        0  stm32l0xx_hal_spi.o(i.HAL_SPI_TransmitReceive)
    i.HAL_SYSTICK_Config                     0x08002eb0   Section        0  stm32l0xx_hal_cortex.o(i.HAL_SYSTICK_Config)
    i.HAL_SuspendTick                        0x08002ee0   Section        0  stm32l0xx_hal.o(i.HAL_SuspendTick)
    i.HAL_UART_Init                          0x08002ef0   Section        0  stm32l0xx_hal_uart.o(i.HAL_UART_Init)
    i.HAL_UART_MspInit                       0x08002f5c   Section        0  stm32l0xx_hal_msp.o(i.HAL_UART_MspInit)
    i.HAL_UART_Transmit                      0x08002fb8   Section        0  stm32l0xx_hal_uart.o(i.HAL_UART_Transmit)
    i.HardFault_Handler                      0x08003086   Section        0  stm32l0xx_it.o(i.HardFault_Handler)
    i.Instruction_Process                    0x08003088   Section        0  data_tran.o(i.Instruction_Process)
    i.MX_ADC_Init                            0x0800308c   Section        0  adc.o(i.MX_ADC_Init)
    i.MX_GPIO_Deinit                         0x08003104   Section        0  gpio.o(i.MX_GPIO_Deinit)
    i.MX_GPIO_Init                           0x080031c0   Section        0  gpio.o(i.MX_GPIO_Init)
    i.MX_LPUART1_UART_Init                   0x0800325c   Section        0  uart.o(i.MX_LPUART1_UART_Init)
    i.MX_RTC_Init                            0x08003294   Section        0  rtc.o(i.MX_RTC_Init)
    i.MX_SPI1_Init                           0x080032ec   Section        0  spi.o(i.MX_SPI1_Init)
    i.NMI_Handler                            0x0800332c   Section        0  stm32l0xx_it.o(i.NMI_Handler)
    i.NVIC_SetPriority                       0x08003330   Section        0  stm32l0xx_hal_cortex.o(i.NVIC_SetPriority)
    NVIC_SetPriority                         0x08003331   Thumb Code    60  stm32l0xx_hal_cortex.o(i.NVIC_SetPriority)
    i.PendSV_Handler                         0x08003374   Section        0  stm32l0xx_it.o(i.PendSV_Handler)
    i.RTC_Bcd2ToByte                         0x08003376   Section        0  stm32l0xx_hal_rtc.o(i.RTC_Bcd2ToByte)
    i.RTC_ByteToBcd2                         0x08003386   Section        0  stm32l0xx_hal_rtc.o(i.RTC_ByteToBcd2)
    i.RTC_CalendarShow                       0x080033a0   Section        0  rtc.o(i.RTC_CalendarShow)
    i.RTC_DateTime_To_Timestamp              0x08003424   Section        0  rtc.o(i.RTC_DateTime_To_Timestamp)
    i.RTC_EnterInitMode                      0x08003450   Section        0  stm32l0xx_hal_rtc.o(i.RTC_EnterInitMode)
    i.RTC_Get_Week                           0x08003488   Section        0  rtc.o(i.RTC_Get_Week)
    i.RTC_IRQHandler                         0x080034f4   Section        0  stm32l0xx_it.o(i.RTC_IRQHandler)
    i.RTC_SetDataTime                        0x08003508   Section        0  rtc.o(i.RTC_SetDataTime)
    i.SI446x_Change_Status                   0x080035b4   Section        0  si4463.o(i.SI446x_Change_Status)
    i.SI446x_Config_Gpio                     0x080035cc   Section        0  si4463.o(i.SI446x_Config_Gpio)
    i.SI446x_Config_Init                     0x08003604   Section        0  si4463.o(i.SI446x_Config_Init)
    i.SI446x_Get_Device_Status               0x080036c0   Section        0  si4463.o(i.SI446x_Get_Device_Status)
    i.SI446x_Init                            0x080036e4   Section        0  si4463.o(i.SI446x_Init)
    i.SI446x_Power_Up                        0x08003720   Section        0  si4463.o(i.SI446x_Power_Up)
    i.SI446x_Read_Response                   0x0800374c   Section        0  si4463.o(i.SI446x_Read_Response)
    i.SI446x_Reset                           0x08003784   Section        0  si4463.o(i.SI446x_Reset)
    i.SI446x_Reset_RxFifo                    0x080037b0   Section        0  si4463.o(i.SI446x_Reset_RxFifo)
    i.SI446x_Reset_TxFifo                    0x080037c6   Section        0  si4463.o(i.SI446x_Reset_TxFifo)
    i.SI446x_Set_Power                       0x080037dc   Section        0  si4463.o(i.SI446x_Set_Power)
    i.SI446x_Set_Property_1                  0x080037ec   Section        0  si4463.o(i.SI446x_Set_Property_1)
    i.SI446x_Start_Rx                        0x08003810   Section        0  si4463.o(i.SI446x_Start_Rx)
    i.SI446x_Wait_Cts                        0x0800384a   Section        0  si4463.o(i.SI446x_Wait_Cts)
    i.SI446x_Write_Cmds                      0x08003886   Section        0  si4463.o(i.SI446x_Write_Cmds)
    i.SPI_EndRxTransaction                   0x080038b6   Section        0  stm32l0xx_hal_spi.o(i.SPI_EndRxTransaction)
    SPI_EndRxTransaction                     0x080038b7   Thumb Code    92  stm32l0xx_hal_spi.o(i.SPI_EndRxTransaction)
    i.SPI_EndRxTxTransaction                 0x08003912   Section        0  stm32l0xx_hal_spi.o(i.SPI_EndRxTxTransaction)
    SPI_EndRxTxTransaction                   0x08003913   Thumb Code    66  stm32l0xx_hal_spi.o(i.SPI_EndRxTxTransaction)
    i.SPI_SELECT                             0x08003954   Section        0  spi.o(i.SPI_SELECT)
    i.SPI_WaitFlagStateUntilTimeout          0x0800398c   Section        0  stm32l0xx_hal_spi.o(i.SPI_WaitFlagStateUntilTimeout)
    SPI_WaitFlagStateUntilTimeout            0x0800398d   Thumb Code   140  stm32l0xx_hal_spi.o(i.SPI_WaitFlagStateUntilTimeout)
    i.SVC_Handler                            0x08003a18   Section        0  stm32l0xx_it.o(i.SVC_Handler)
    i.Set_Alarm                              0x08003a1c   Section        0  rtc.o(i.Set_Alarm)
    i.SysTick_Handler                        0x08003a84   Section        0  stm32l0xx_it.o(i.SysTick_Handler)
    i.SystemClock_Config_MSI_2MHz            0x08003ac0   Section        0  clock_config.o(i.SystemClock_Config_MSI_2MHz)
    i.SystemInit                             0x08003b64   Section        0  system_stm32l0xx.o(i.SystemInit)
    i.UART_AdvFeatureConfig                  0x08003bb8   Section        0  stm32l0xx_hal_uart.o(i.UART_AdvFeatureConfig)
    i.UART_CheckIdleState                    0x08003c84   Section        0  stm32l0xx_hal_uart.o(i.UART_CheckIdleState)
    i.UART_SetConfig                         0x08003ce4   Section        0  stm32l0xx_hal_uart.o(i.UART_SetConfig)
    i.UART_WaitOnFlagUntilTimeout            0x08003ee8   Section        0  stm32l0xx_hal_uart.o(i.UART_WaitOnFlagUntilTimeout)
    i.__0printf                              0x08003f4c   Section        0  printfa.o(i.__0printf)
    i.__ARM_clz                              0x08003f6c   Section        0  depilogue.o(i.__ARM_clz)
    i.__ARM_common_switch8                   0x08003f9a   Section        0  at45db.o(i.__ARM_common_switch8)
    i.__ARM_fpclassify                       0x08003fb4   Section        0  fpclassify.o(i.__ARM_fpclassify)
    i.__kernel_poly                          0x08003fe0   Section        0  poly.o(i.__kernel_poly)
    i.__mathlib_dbl_divzero                  0x0800408c   Section        0  dunder.o(i.__mathlib_dbl_divzero)
    i.__mathlib_dbl_infnan2                  0x080040a0   Section        0  dunder.o(i.__mathlib_dbl_infnan2)
    i.__mathlib_dbl_invalid                  0x080040a8   Section        0  dunder.o(i.__mathlib_dbl_invalid)
    i.__mathlib_dbl_overflow                 0x080040b8   Section        0  dunder.o(i.__mathlib_dbl_overflow)
    i.__mathlib_dbl_underflow                0x080040cc   Section        0  dunder.o(i.__mathlib_dbl_underflow)
    i.__scatterload_copy                     0x080040e0   Section       14  handlers.o(i.__scatterload_copy)
    i.__scatterload_null                     0x080040ee   Section        2  handlers.o(i.__scatterload_null)
    i.__scatterload_zeroinit                 0x080040f0   Section       14  handlers.o(i.__scatterload_zeroinit)
    i.__set_errno                            0x08004100   Section        0  errno.o(i.__set_errno)
    i._fp_digits                             0x0800410c   Section        0  printfa.o(i._fp_digits)
    _fp_digits                               0x0800410d   Thumb Code   344  printfa.o(i._fp_digits)
    i._printf_core                           0x08004280   Section        0  printfa.o(i._printf_core)
    _printf_core                             0x08004281   Thumb Code  1754  printfa.o(i._printf_core)
    i._printf_post_padding                   0x0800496c   Section        0  printfa.o(i._printf_post_padding)
    _printf_post_padding                     0x0800496d   Thumb Code    32  printfa.o(i._printf_post_padding)
    i._printf_pre_padding                    0x0800498c   Section        0  printfa.o(i._printf_pre_padding)
    _printf_pre_padding                      0x0800498d   Thumb Code    44  printfa.o(i._printf_pre_padding)
    i.drv_spi_read_write_byte                0x080049b8   Section        0  si4463.o(i.drv_spi_read_write_byte)
    i.enter_stopmode                         0x080049dc   Section        0  lowpower.o(i.enter_stopmode)
    i.fputc                                  0x08004a7c   Section        0  uart.o(i.fputc)
    i.get_adc                                0x08004a98   Section        0  adc.o(i.get_adc)
    i.get_temp_t                             0x08004b68   Section        0  adc.o(i.get_temp_t)
    i.get_vdd_v                              0x08004c38   Section        0  adc.o(i.get_vdd_v)
    i.main                                   0x08004cac   Section        0  main.o(i.main)
    i.pow                                    0x08004ea8   Section        0  pow.o(i.pow)
    i.sqrt                                   0x080058a4   Section        0  sqrt.o(i.sqrt)
    .constdata                               0x080058ec   Section      330  si4463.o(.constdata)
    config_table                             0x080058ec   Data         330  si4463.o(.constdata)
    .constdata                               0x08005a36   Section       25  system_stm32l0xx.o(.constdata)
    .constdata                               0x08005a4f   Section        8  system_stm32l0xx.o(.constdata)
    .constdata                               0x08005a58   Section      136  pow.o(.constdata)
    bp                                       0x08005a58   Data          16  pow.o(.constdata)
    dp_h                                     0x08005a68   Data          16  pow.o(.constdata)
    dp_l                                     0x08005a78   Data          16  pow.o(.constdata)
    L                                        0x08005a88   Data          48  pow.o(.constdata)
    P                                        0x08005ab8   Data          40  pow.o(.constdata)
    .constdata                               0x08005ae0   Section       12  mktime.o(.constdata)
    monlen                                   0x08005ae0   Data          12  mktime.o(.constdata)
    .constdata                               0x08005af0   Section        8  qnan.o(.constdata)
    .constdata                               0x08005af8   Section       12  localtime_i.o(.constdata)
    monlen                                   0x08005af8   Data          12  localtime_i.o(.constdata)
    .data                                    0x20000000   Section        8  main.o(.data)
    .data                                    0x20000008   Section        4  stm32l0xx_it.o(.data)
    .data                                    0x2000000c   Section       12  adc.o(.data)
    .data                                    0x20000018   Section        8  at45db.o(.data)
    .data                                    0x20000020   Section        4  system_stm32l0xx.o(.data)
    .data                                    0x20000024   Section        4  stm32l0xx_hal.o(.data)
    .data                                    0x20000028   Section        4  stdout.o(.data)
    .data                                    0x2000002c   Section        4  errno.o(.data)
    _errno                                   0x2000002c   Data           4  errno.o(.data)
    .bss                                     0x20000030   Section       18  storage.o(.bss)
    .bss                                     0x20000044   Section       92  adc.o(.bss)
    .bss                                     0x200000a0   Section       36  rtc.o(.bss)
    .bss                                     0x200000c4   Section       88  spi.o(.bss)
    .bss                                     0x2000011c   Section      128  uart.o(.bss)
    .bss                                     0x2000019c   Section       24  stm32l0xx_hal_flash.o(.bss)
    STACK                                    0x200001b8   Section     1024  startup_stm32l031xx.o(STACK)

    Global Symbols

    Symbol Name                              Value     Ov Type        Size  Object(Section)

    BuildAttributes$$THM_ISAv3M$S$PE$A:L22$X:L11$S22$IEEE1$IW$USESV6$~STKCKD$USESV7$~SHL$OTIME$ROPI$IEEEX$EBA8$MICROLIB$REQ8$PRES8$EABIv2 0x00000000   Number         0  anon$$obj.o ABSOLUTE
    __ARM_use_no_argv                        0x00000000   Number         0  main.o ABSOLUTE
    _printf_a                                0x00000000   Number         0  stubs.o ABSOLUTE
    _printf_c                                0x00000000   Number         0  stubs.o ABSOLUTE
    _printf_charcount                        0x00000000   Number         0  stubs.o ABSOLUTE
    _printf_d                                0x00000000   Number         0  stubs.o ABSOLUTE
    _printf_e                                0x00000000   Number         0  stubs.o ABSOLUTE
    _printf_f                                0x00000000   Number         0  stubs.o ABSOLUTE
    _printf_flags                            0x00000000   Number         0  stubs.o ABSOLUTE
    _printf_fp_dec                           0x00000000   Number         0  stubs.o ABSOLUTE
    _printf_fp_hex                           0x00000000   Number         0  stubs.o ABSOLUTE
    _printf_g                                0x00000000   Number         0  stubs.o ABSOLUTE
    _printf_i                                0x00000000   Number         0  stubs.o ABSOLUTE
    _printf_int_dec                          0x00000000   Number         0  stubs.o ABSOLUTE
    _printf_l                                0x00000000   Number         0  stubs.o ABSOLUTE
    _printf_lc                               0x00000000   Number         0  stubs.o ABSOLUTE
    _printf_ll                               0x00000000   Number         0  stubs.o ABSOLUTE
    _printf_lld                              0x00000000   Number         0  stubs.o ABSOLUTE
    _printf_lli                              0x00000000   Number         0  stubs.o ABSOLUTE
    _printf_llo                              0x00000000   Number         0  stubs.o ABSOLUTE
    _printf_llu                              0x00000000   Number         0  stubs.o ABSOLUTE
    _printf_llx                              0x00000000   Number         0  stubs.o ABSOLUTE
    _printf_longlong_dec                     0x00000000   Number         0  stubs.o ABSOLUTE
    _printf_longlong_hex                     0x00000000   Number         0  stubs.o ABSOLUTE
    _printf_longlong_oct                     0x00000000   Number         0  stubs.o ABSOLUTE
    _printf_ls                               0x00000000   Number         0  stubs.o ABSOLUTE
    _printf_mbtowc                           0x00000000   Number         0  stubs.o ABSOLUTE
    _printf_n                                0x00000000   Number         0  stubs.o ABSOLUTE
    _printf_o                                0x00000000   Number         0  stubs.o ABSOLUTE
    _printf_p                                0x00000000   Number         0  stubs.o ABSOLUTE
    _printf_percent                          0x00000000   Number         0  stubs.o ABSOLUTE
    _printf_pre_padding                      0x00000000   Number         0  stubs.o ABSOLUTE
    _printf_return_value                     0x00000000   Number         0  stubs.o ABSOLUTE
    _printf_s                                0x00000000   Number         0  stubs.o ABSOLUTE
    _printf_sizespec                         0x00000000   Number         0  stubs.o ABSOLUTE
    _printf_str                              0x00000000   Number         0  stubs.o ABSOLUTE
    _printf_truncate_signed                  0x00000000   Number         0  stubs.o ABSOLUTE
    _printf_truncate_unsigned                0x00000000   Number         0  stubs.o ABSOLUTE
    _printf_u                                0x00000000   Number         0  stubs.o ABSOLUTE
    _printf_wc                               0x00000000   Number         0  stubs.o ABSOLUTE
    _printf_wctomb                           0x00000000   Number         0  stubs.o ABSOLUTE
    _printf_widthprec                        0x00000000   Number         0  stubs.o ABSOLUTE
    _printf_x                                0x00000000   Number         0  stubs.o ABSOLUTE
    __cpp_initialize__aeabi_                  - Undefined Weak Reference
    __cxa_finalize                            - Undefined Weak Reference
    __decompress                              - Undefined Weak Reference
    _clock_init                               - Undefined Weak Reference
    _microlib_exit                            - Undefined Weak Reference
    __Vectors_Size                           0x000000c0   Number         0  startup_stm32l031xx.o ABSOLUTE
    __Vectors                                0x08000000   Data           4  startup_stm32l031xx.o(RESET)
    __Vectors_End                            0x080000c0   Data           0  startup_stm32l031xx.o(RESET)
    __main                                   0x080000c1   Thumb Code     0  entry.o(.ARM.Collect$$$$00000000)
    _main_stk                                0x080000c1   Thumb Code     0  entry2.o(.ARM.Collect$$$$00000001)
    _main_scatterload                        0x080000c5   Thumb Code     0  entry5.o(.ARM.Collect$$$$00000004)
    __main_after_scatterload                 0x080000c9   Thumb Code     0  entry5.o(.ARM.Collect$$$$00000004)
    _main_clock                              0x080000c9   Thumb Code     0  entry7b.o(.ARM.Collect$$$$00000008)
    _main_cpp_init                           0x080000c9   Thumb Code     0  entry8b.o(.ARM.Collect$$$$0000000A)
    _main_init                               0x080000c9   Thumb Code     0  entry9a.o(.ARM.Collect$$$$0000000B)
    __rt_final_cpp                           0x080000d1   Thumb Code     0  entry10a.o(.ARM.Collect$$$$0000000D)
    __rt_final_exit                          0x080000d1   Thumb Code     0  entry11a.o(.ARM.Collect$$$$0000000F)
    Reset_Handler                            0x080000d5   Thumb Code     8  startup_stm32l031xx.o(.text)
    ADC1_COMP_IRQHandler                     0x080000e7   Thumb Code     0  startup_stm32l031xx.o(.text)
    DMA1_Channel1_IRQHandler                 0x080000e7   Thumb Code     0  startup_stm32l031xx.o(.text)
    DMA1_Channel2_3_IRQHandler               0x080000e7   Thumb Code     0  startup_stm32l031xx.o(.text)
    DMA1_Channel4_5_6_7_IRQHandler           0x080000e7   Thumb Code     0  startup_stm32l031xx.o(.text)
    EXTI0_1_IRQHandler                       0x080000e7   Thumb Code     0  startup_stm32l031xx.o(.text)
    EXTI2_3_IRQHandler                       0x080000e7   Thumb Code     0  startup_stm32l031xx.o(.text)
    EXTI4_15_IRQHandler                      0x080000e7   Thumb Code     0  startup_stm32l031xx.o(.text)
    FLASH_IRQHandler                         0x080000e7   Thumb Code     0  startup_stm32l031xx.o(.text)
    I2C1_IRQHandler                          0x080000e7   Thumb Code     0  startup_stm32l031xx.o(.text)
    LPTIM1_IRQHandler                        0x080000e7   Thumb Code     0  startup_stm32l031xx.o(.text)
    LPUART1_IRQHandler                       0x080000e7   Thumb Code     0  startup_stm32l031xx.o(.text)
    PVD_IRQHandler                           0x080000e7   Thumb Code     0  startup_stm32l031xx.o(.text)
    RCC_IRQHandler                           0x080000e7   Thumb Code     0  startup_stm32l031xx.o(.text)
    SPI1_IRQHandler                          0x080000e7   Thumb Code     0  startup_stm32l031xx.o(.text)
    TIM21_IRQHandler                         0x080000e7   Thumb Code     0  startup_stm32l031xx.o(.text)
    TIM22_IRQHandler                         0x080000e7   Thumb Code     0  startup_stm32l031xx.o(.text)
    TIM2_IRQHandler                          0x080000e7   Thumb Code     0  startup_stm32l031xx.o(.text)
    USART2_IRQHandler                        0x080000e7   Thumb Code     0  startup_stm32l031xx.o(.text)
    WWDG_IRQHandler                          0x080000e7   Thumb Code     0  startup_stm32l031xx.o(.text)
    __aeabi_uidiv                            0x080000f1   Thumb Code     0  uidiv.o(.text)
    __aeabi_uidivmod                         0x080000f1   Thumb Code    44  uidiv.o(.text)
    __aeabi_idiv                             0x0800011d   Thumb Code     0  idiv.o(.text)
    __aeabi_idivmod                          0x0800011d   Thumb Code    40  idiv.o(.text)
    __aeabi_uldivmod                         0x08000145   Thumb Code    96  uldiv.o(.text)
    mktime                                   0x080001a5   Thumb Code   124  mktime.o(.text)
    __aeabi_memset                           0x08000231   Thumb Code    14  memseta.o(.text)
    __aeabi_memset4                          0x08000231   Thumb Code     0  memseta.o(.text)
    __aeabi_memset8                          0x08000231   Thumb Code     0  memseta.o(.text)
    __aeabi_memclr                           0x0800023f   Thumb Code     4  memseta.o(.text)
    __aeabi_memclr4                          0x0800023f   Thumb Code     0  memseta.o(.text)
    __aeabi_memclr8                          0x0800023f   Thumb Code     0  memseta.o(.text)
    _memset$wrapper                          0x08000243   Thumb Code    18  memseta.o(.text)
    __aeabi_uread4                           0x08000255   Thumb Code    20  uread4.o(.text)
    __rt_uread4                              0x08000255   Thumb Code     0  uread4.o(.text)
    _uread4                                  0x08000255   Thumb Code     0  uread4.o(.text)
    __aeabi_uwrite4                          0x08000269   Thumb Code    18  uwrite4.o(.text)
    __rt_uwrite4                             0x08000269   Thumb Code     0  uwrite4.o(.text)
    _uwrite4                                 0x08000269   Thumb Code     0  uwrite4.o(.text)
    __aeabi_fmul                             0x0800027b   Thumb Code   122  fmul.o(.text)
    __aeabi_fdiv                             0x080002f5   Thumb Code   124  fdiv.o(.text)
    __aeabi_dadd                             0x08000371   Thumb Code   328  dadd.o(.text)
    __aeabi_dsub                             0x080004b9   Thumb Code    12  dadd.o(.text)
    __aeabi_drsub                            0x080004c5   Thumb Code    12  dadd.o(.text)
    __aeabi_dmul                             0x080004d5   Thumb Code   202  dmul.o(.text)
    __aeabi_ddiv                             0x080005a5   Thumb Code   234  ddiv.o(.text)
    __aeabi_ui2d                             0x08000695   Thumb Code    24  dfltui.o(.text)
    __aeabi_f2uiz                            0x080006b1   Thumb Code    40  ffixui.o(.text)
    __aeabi_f2d                              0x080006d9   Thumb Code    40  f2d.o(.text)
    __aeabi_d2f                              0x08000701   Thumb Code    56  d2f.o(.text)
    __aeabi_llsl                             0x08000739   Thumb Code    32  llshl.o(.text)
    _ll_shift_l                              0x08000739   Thumb Code     0  llshl.o(.text)
    __aeabi_llsr                             0x08000759   Thumb Code    34  llushr.o(.text)
    _ll_ushift_r                             0x08000759   Thumb Code     0  llushr.o(.text)
    __aeabi_lasr                             0x0800077b   Thumb Code    38  llsshr.o(.text)
    _ll_sshift_r                             0x0800077b   Thumb Code     0  llsshr.o(.text)
    _localtime                               0x080007a1   Thumb Code   104  localtime_i.o(.text)
    __I$use$fp                               0x08000815   Thumb Code     0  iusefp.o(.text)
    _float_round                             0x08000815   Thumb Code    16  fepilogue.o(.text)
    _float_epilogue                          0x08000825   Thumb Code   114  fepilogue.o(.text)
    _double_round                            0x08000897   Thumb Code    26  depilogue.o(.text)
    _double_epilogue                         0x080008b1   Thumb Code   164  depilogue.o(.text)
    __ARM_scalbn                             0x08000955   Thumb Code    44  dscalb.o(.text)
    scalbn                                   0x08000955   Thumb Code     0  dscalb.o(.text)
    __aeabi_i2d                              0x08000981   Thumb Code    34  dflti.o(.text)
    __aeabi_d2ulz                            0x080009a9   Thumb Code    54  dfixul.o(.text)
    __aeabi_cdrcmple                         0x080009e9   Thumb Code    38  cdrcmple.o(.text)
    __scatterload                            0x08000a11   Thumb Code    28  init.o(.text)
    __scatterload_rt2                        0x08000a11   Thumb Code     0  init.o(.text)
    _dsqrt                                   0x08000a35   Thumb Code   162  dsqrt.o(.text)
    AT45_test                                0x08000c11   Thumb Code   138  at45db.o(i.AT45_test)
    AT45dbxx_Init                            0x08000ca9   Thumb Code   278  at45db.o(i.AT45dbxx_Init)
    AT45dbxx_ReadPage                        0x08000de9   Thumb Code    90  at45db.o(i.AT45dbxx_ReadPage)
    AT45dbxx_ReadStatus                      0x08000e4d   Thumb Code    36  at45db.o(i.AT45dbxx_ReadStatus)
    AT45dbxx_Resume                          0x08000e71   Thumb Code    26  at45db.o(i.AT45dbxx_Resume)
    AT45dbxx_Spi                             0x08000e8d   Thumb Code    32  at45db.o(i.AT45dbxx_Spi)
    AT45dbxx_WaitBusy                        0x08000eb1   Thumb Code    46  at45db.o(i.AT45dbxx_WaitBusy)
    AT45dbxx_WritePage                       0x08000ee1   Thumb Code    80  at45db.o(i.AT45dbxx_WritePage)
    Dev_ReInit                               0x08000f39   Thumb Code    36  main.o(i.Dev_ReInit)
    EERead                                   0x08000f5d   Thumb Code    26  ieeprom.o(i.EERead)
    EEWrite                                  0x08000f7d   Thumb Code    46  ieeprom.o(i.EEWrite)
    Error_Handler                            0x08000fb1   Thumb Code     2  main.o(i.Error_Handler)
    FLASH_WaitForLastOperation               0x08001045   Thumb Code   106  stm32l0xx_hal_flash.o(i.FLASH_WaitForLastOperation)
    HAL_ADCEx_Calibration_Start              0x080010b5   Thumb Code   170  stm32l0xx_hal_adc_ex.o(i.HAL_ADCEx_Calibration_Start)
    HAL_ADCEx_DisableVREFINT                 0x08001161   Thumb Code    12  stm32l0xx_hal_adc_ex.o(i.HAL_ADCEx_DisableVREFINT)
    HAL_ADCEx_EnableVREFINT                  0x08001171   Thumb Code    44  stm32l0xx_hal_adc_ex.o(i.HAL_ADCEx_EnableVREFINT)
    HAL_ADC_ConfigChannel                    0x080011a1   Thumb Code   140  stm32l0xx_hal_adc.o(i.HAL_ADC_ConfigChannel)
    HAL_ADC_GetState                         0x08001235   Thumb Code     4  stm32l0xx_hal_adc.o(i.HAL_ADC_GetState)
    HAL_ADC_GetValue                         0x08001239   Thumb Code     6  stm32l0xx_hal_adc.o(i.HAL_ADC_GetValue)
    HAL_ADC_Init                             0x08001241   Thumb Code   446  stm32l0xx_hal_adc.o(i.HAL_ADC_Init)
    HAL_ADC_MspDeInit                        0x08001409   Thumb Code    44  stm32l0xx_hal_msp.o(i.HAL_ADC_MspDeInit)
    HAL_ADC_MspInit                          0x0800143d   Thumb Code    72  stm32l0xx_hal_msp.o(i.HAL_ADC_MspInit)
    HAL_ADC_PollForConversion                0x0800148d   Thumb Code   192  stm32l0xx_hal_adc.o(i.HAL_ADC_PollForConversion)
    HAL_ADC_Start                            0x0800154d   Thumb Code    86  stm32l0xx_hal_adc.o(i.HAL_ADC_Start)
    HAL_ADC_Stop                             0x080015a9   Thumb Code    62  stm32l0xx_hal_adc.o(i.HAL_ADC_Stop)
    HAL_Delay                                0x080015e7   Thumb Code    28  stm32l0xx_hal.o(i.HAL_Delay)
    HAL_FLASHEx_DATAEEPROM_Lock              0x08001605   Thumb Code    14  stm32l0xx_hal_flash_ex.o(i.HAL_FLASHEx_DATAEEPROM_Lock)
    HAL_FLASHEx_DATAEEPROM_Program           0x08001619   Thumb Code    76  stm32l0xx_hal_flash_ex.o(i.HAL_FLASHEx_DATAEEPROM_Program)
    HAL_FLASHEx_DATAEEPROM_Unlock            0x0800166d   Thumb Code    40  stm32l0xx_hal_flash_ex.o(i.HAL_FLASHEx_DATAEEPROM_Unlock)
    HAL_GPIO_DeInit                          0x080016a1   Thumb Code   192  stm32l0xx_hal_gpio.o(i.HAL_GPIO_DeInit)
    HAL_GPIO_Init                            0x08001775   Thumb Code   336  stm32l0xx_hal_gpio.o(i.HAL_GPIO_Init)
    HAL_GPIO_TogglePin                       0x080018dd   Thumb Code     8  stm32l0xx_hal_gpio.o(i.HAL_GPIO_TogglePin)
    HAL_GPIO_WritePin                        0x080018e5   Thumb Code    12  stm32l0xx_hal_gpio.o(i.HAL_GPIO_WritePin)
    HAL_GetTick                              0x080018f1   Thumb Code     6  stm32l0xx_hal.o(i.HAL_GetTick)
    HAL_Get_CPU_RCC_Clock                    0x080018fd   Thumb Code    58  main.o(i.HAL_Get_CPU_RCC_Clock)
    HAL_IncTick                              0x08001979   Thumb Code    10  stm32l0xx_hal.o(i.HAL_IncTick)
    HAL_Init                                 0x08001989   Thumb Code    36  stm32l0xx_hal.o(i.HAL_Init)
    HAL_InitTick                             0x080019b1   Thumb Code    44  stm32l0xx_hal.o(i.HAL_InitTick)
    HAL_MspInit                              0x080019e1   Thumb Code    20  stm32l0xx_hal_msp.o(i.HAL_MspInit)
    HAL_NVIC_EnableIRQ                       0x080019f9   Thumb Code    14  stm32l0xx_hal_cortex.o(i.HAL_NVIC_EnableIRQ)
    HAL_NVIC_SetPriority                     0x08001a0d   Thumb Code     8  stm32l0xx_hal_cortex.o(i.HAL_NVIC_SetPriority)
    HAL_PWREx_EnableFastWakeUp               0x08001a15   Thumb Code    12  stm32l0xx_hal_pwr_ex.o(i.HAL_PWREx_EnableFastWakeUp)
    HAL_PWREx_EnableUltraLowPower            0x08001a25   Thumb Code    12  stm32l0xx_hal_pwr_ex.o(i.HAL_PWREx_EnableUltraLowPower)
    HAL_PWR_EnableBkUpAccess                 0x08001a35   Thumb Code    12  stm32l0xx_hal_pwr.o(i.HAL_PWR_EnableBkUpAccess)
    HAL_PWR_EnterSTOPMode                    0x08001a45   Thumb Code    44  stm32l0xx_hal_pwr.o(i.HAL_PWR_EnterSTOPMode)
    HAL_RCCEx_PeriphCLKConfig                0x08001a79   Thumb Code   324  stm32l0xx_hal_rcc_ex.o(i.HAL_RCCEx_PeriphCLKConfig)
    HAL_RCC_ClockConfig                      0x08001bc9   Thumb Code   344  stm32l0xx_hal_rcc.o(i.HAL_RCC_ClockConfig)
    HAL_RCC_GetHCLKFreq                      0x08001d35   Thumb Code     6  stm32l0xx_hal_rcc.o(i.HAL_RCC_GetHCLKFreq)
    HAL_RCC_GetPCLK1Freq                     0x08001d41   Thumb Code    20  stm32l0xx_hal_rcc.o(i.HAL_RCC_GetPCLK1Freq)
    HAL_RCC_GetPCLK2Freq                     0x08001d61   Thumb Code    20  stm32l0xx_hal_rcc.o(i.HAL_RCC_GetPCLK2Freq)
    HAL_RCC_GetSysClockFreq                  0x08001d81   Thumb Code   100  stm32l0xx_hal_rcc.o(i.HAL_RCC_GetSysClockFreq)
    HAL_RCC_OscConfig                        0x08001df9   Thumb Code  1068  stm32l0xx_hal_rcc.o(i.HAL_RCC_OscConfig)
    HAL_RTCEx_AlarmBEventCallback            0x08002225   Thumb Code     2  stm32l0xx_hal_rtc_ex.o(i.HAL_RTCEx_AlarmBEventCallback)
    HAL_RTCEx_BKUPRead                       0x08002227   Thumb Code    12  stm32l0xx_hal_rtc_ex.o(i.HAL_RTCEx_BKUPRead)
    HAL_RTCEx_BKUPWrite                      0x08002233   Thumb Code    12  stm32l0xx_hal_rtc_ex.o(i.HAL_RTCEx_BKUPWrite)
    HAL_RTCEx_SetWakeUpTimer_IT              0x08002241   Thumb Code   238  stm32l0xx_hal_rtc_ex.o(i.HAL_RTCEx_SetWakeUpTimer_IT)
    HAL_RTCEx_WakeUpTimerEventCallback       0x08002339   Thumb Code     8  rtc.o(i.HAL_RTCEx_WakeUpTimerEventCallback)
    HAL_RTCEx_WakeUpTimerIRQHandler          0x08002345   Thumb Code    48  stm32l0xx_hal_rtc_ex.o(i.HAL_RTCEx_WakeUpTimerIRQHandler)
    HAL_RTC_AlarmAEventCallback              0x0800237d   Thumb Code     8  rtc.o(i.HAL_RTC_AlarmAEventCallback)
    HAL_RTC_AlarmIRQHandler                  0x08002389   Thumb Code    88  stm32l0xx_hal_rtc.o(i.HAL_RTC_AlarmIRQHandler)
    HAL_RTC_GetDate                          0x080023e9   Thumb Code    68  stm32l0xx_hal_rtc.o(i.HAL_RTC_GetDate)
    HAL_RTC_GetTime                          0x0800242d   Thumb Code    88  stm32l0xx_hal_rtc.o(i.HAL_RTC_GetTime)
    HAL_RTC_Init                             0x08002489   Thumb Code   184  stm32l0xx_hal_rtc.o(i.HAL_RTC_Init)
    HAL_RTC_MspInit                          0x08002545   Thumb Code    40  stm32l0xx_hal_msp.o(i.HAL_RTC_MspInit)
    HAL_RTC_SetAlarm_IT                      0x08002575   Thumb Code   390  stm32l0xx_hal_rtc.o(i.HAL_RTC_SetAlarm_IT)
    HAL_RTC_SetDate                          0x08002705   Thumb Code   190  stm32l0xx_hal_rtc.o(i.HAL_RTC_SetDate)
    HAL_RTC_SetTime                          0x080027c9   Thumb Code   228  stm32l0xx_hal_rtc.o(i.HAL_RTC_SetTime)
    HAL_RTC_WaitForSynchro                   0x080028b1   Thumb Code    52  stm32l0xx_hal_rtc.o(i.HAL_RTC_WaitForSynchro)
    HAL_ResumeTick                           0x080028e5   Thumb Code    12  stm32l0xx_hal.o(i.HAL_ResumeTick)
    HAL_SPI_DeInit                           0x080028f5   Thumb Code    48  stm32l0xx_hal_spi.o(i.HAL_SPI_DeInit)
    HAL_SPI_Init                             0x08002925   Thumb Code   118  stm32l0xx_hal_spi.o(i.HAL_SPI_Init)
    HAL_SPI_MspDeInit                        0x0800299d   Thumb Code    32  stm32l0xx_hal_msp.o(i.HAL_SPI_MspDeInit)
    HAL_SPI_MspInit                          0x080029c5   Thumb Code    78  stm32l0xx_hal_msp.o(i.HAL_SPI_MspInit)
    HAL_SPI_Receive                          0x08002a1d   Thumb Code   326  stm32l0xx_hal_spi.o(i.HAL_SPI_Receive)
    HAL_SPI_Transmit                         0x08002b63   Thumb Code   348  stm32l0xx_hal_spi.o(i.HAL_SPI_Transmit)
    HAL_SPI_TransmitReceive                  0x08002cbf   Thumb Code   496  stm32l0xx_hal_spi.o(i.HAL_SPI_TransmitReceive)
    HAL_SYSTICK_Config                       0x08002eb1   Thumb Code    38  stm32l0xx_hal_cortex.o(i.HAL_SYSTICK_Config)
    HAL_SuspendTick                          0x08002ee1   Thumb Code    12  stm32l0xx_hal.o(i.HAL_SuspendTick)
    HAL_UART_Init                            0x08002ef1   Thumb Code   106  stm32l0xx_hal_uart.o(i.HAL_UART_Init)
    HAL_UART_MspInit                         0x08002f5d   Thumb Code    82  stm32l0xx_hal_msp.o(i.HAL_UART_MspInit)
    HAL_UART_Transmit                        0x08002fb9   Thumb Code   206  stm32l0xx_hal_uart.o(i.HAL_UART_Transmit)
    HardFault_Handler                        0x08003087   Thumb Code     2  stm32l0xx_it.o(i.HardFault_Handler)
    Instruction_Process                      0x08003089   Thumb Code     2  data_tran.o(i.Instruction_Process)
    MX_ADC_Init                              0x0800308d   Thumb Code   108  adc.o(i.MX_ADC_Init)
    MX_GPIO_Deinit                           0x08003105   Thumb Code   176  gpio.o(i.MX_GPIO_Deinit)
    MX_GPIO_Init                             0x080031c1   Thumb Code   148  gpio.o(i.MX_GPIO_Init)
    MX_LPUART1_UART_Init                     0x0800325d   Thumb Code    48  uart.o(i.MX_LPUART1_UART_Init)
    MX_RTC_Init                              0x08003295   Thumb Code    72  rtc.o(i.MX_RTC_Init)
    MX_SPI1_Init                             0x080032ed   Thumb Code    56  spi.o(i.MX_SPI1_Init)
    NMI_Handler                              0x0800332d   Thumb Code     2  stm32l0xx_it.o(i.NMI_Handler)
    PendSV_Handler                           0x08003375   Thumb Code     2  stm32l0xx_it.o(i.PendSV_Handler)
    RTC_Bcd2ToByte                           0x08003377   Thumb Code    16  stm32l0xx_hal_rtc.o(i.RTC_Bcd2ToByte)
    RTC_ByteToBcd2                           0x08003387   Thumb Code    24  stm32l0xx_hal_rtc.o(i.RTC_ByteToBcd2)
    RTC_CalendarShow                         0x080033a1   Thumb Code    86  rtc.o(i.RTC_CalendarShow)
    RTC_DateTime_To_Timestamp                0x08003425   Thumb Code    38  rtc.o(i.RTC_DateTime_To_Timestamp)
    RTC_EnterInitMode                        0x08003451   Thumb Code    56  stm32l0xx_hal_rtc.o(i.RTC_EnterInitMode)
    RTC_Get_Week                             0x08003489   Thumb Code   108  rtc.o(i.RTC_Get_Week)
    RTC_IRQHandler                           0x080034f5   Thumb Code    16  stm32l0xx_it.o(i.RTC_IRQHandler)
    RTC_SetDataTime                          0x08003509   Thumb Code   164  rtc.o(i.RTC_SetDataTime)
    SI446x_Change_Status                     0x080035b5   Thumb Code    24  si4463.o(i.SI446x_Change_Status)
    SI446x_Config_Gpio                       0x080035cd   Thumb Code    54  si4463.o(i.SI446x_Config_Gpio)
    SI446x_Config_Init                       0x08003605   Thumb Code   178  si4463.o(i.SI446x_Config_Init)
    SI446x_Get_Device_Status                 0x080036c1   Thumb Code    36  si4463.o(i.SI446x_Get_Device_Status)
    SI446x_Init                              0x080036e5   Thumb Code    56  si4463.o(i.SI446x_Init)
    SI446x_Power_Up                          0x08003721   Thumb Code    44  si4463.o(i.SI446x_Power_Up)
    SI446x_Read_Response                     0x0800374d   Thumb Code    56  si4463.o(i.SI446x_Read_Response)
    SI446x_Reset                             0x08003785   Thumb Code    40  si4463.o(i.SI446x_Reset)
    SI446x_Reset_RxFifo                      0x080037b1   Thumb Code    22  si4463.o(i.SI446x_Reset_RxFifo)
    SI446x_Reset_TxFifo                      0x080037c7   Thumb Code    22  si4463.o(i.SI446x_Reset_TxFifo)
    SI446x_Set_Power                         0x080037dd   Thumb Code    12  si4463.o(i.SI446x_Set_Power)
    SI446x_Set_Property_1                    0x080037ed   Thumb Code    36  si4463.o(i.SI446x_Set_Property_1)
    SI446x_Start_Rx                          0x08003811   Thumb Code    58  si4463.o(i.SI446x_Start_Rx)
    SI446x_Wait_Cts                          0x0800384b   Thumb Code    60  si4463.o(i.SI446x_Wait_Cts)
    SI446x_Write_Cmds                        0x08003887   Thumb Code    48  si4463.o(i.SI446x_Write_Cmds)
    SPI_SELECT                               0x08003955   Thumb Code    52  spi.o(i.SPI_SELECT)
    SVC_Handler                              0x08003a19   Thumb Code     2  stm32l0xx_it.o(i.SVC_Handler)
    Set_Alarm                                0x08003a1d   Thumb Code    94  rtc.o(i.Set_Alarm)
    SysTick_Handler                          0x08003a85   Thumb Code    50  stm32l0xx_it.o(i.SysTick_Handler)
    SystemClock_Config_MSI_2MHz              0x08003ac1   Thumb Code   154  clock_config.o(i.SystemClock_Config_MSI_2MHz)
    SystemInit                               0x08003b65   Thumb Code    66  system_stm32l0xx.o(i.SystemInit)
    UART_AdvFeatureConfig                    0x08003bb9   Thumb Code   202  stm32l0xx_hal_uart.o(i.UART_AdvFeatureConfig)
    UART_CheckIdleState                      0x08003c85   Thumb Code    90  stm32l0xx_hal_uart.o(i.UART_CheckIdleState)
    UART_SetConfig                           0x08003ce5   Thumb Code   474  stm32l0xx_hal_uart.o(i.UART_SetConfig)
    UART_WaitOnFlagUntilTimeout              0x08003ee9   Thumb Code    98  stm32l0xx_hal_uart.o(i.UART_WaitOnFlagUntilTimeout)
    __0printf                                0x08003f4d   Thumb Code    24  printfa.o(i.__0printf)
    __1printf                                0x08003f4d   Thumb Code     0  printfa.o(i.__0printf)
    __2printf                                0x08003f4d   Thumb Code     0  printfa.o(i.__0printf)
    __c89printf                              0x08003f4d   Thumb Code     0  printfa.o(i.__0printf)
    printf                                   0x08003f4d   Thumb Code     0  printfa.o(i.__0printf)
    __ARM_clz                                0x08003f6d   Thumb Code    46  depilogue.o(i.__ARM_clz)
    __ARM_common_switch8                     0x08003f9b   Thumb Code    26  at45db.o(i.__ARM_common_switch8)
    __ARM_fpclassify                         0x08003fb5   Thumb Code    40  fpclassify.o(i.__ARM_fpclassify)
    __kernel_poly                            0x08003fe1   Thumb Code   172  poly.o(i.__kernel_poly)
    __mathlib_dbl_divzero                    0x0800408d   Thumb Code    16  dunder.o(i.__mathlib_dbl_divzero)
    __mathlib_dbl_infnan2                    0x080040a1   Thumb Code     8  dunder.o(i.__mathlib_dbl_infnan2)
    __mathlib_dbl_invalid                    0x080040a9   Thumb Code    16  dunder.o(i.__mathlib_dbl_invalid)
    __mathlib_dbl_overflow                   0x080040b9   Thumb Code    16  dunder.o(i.__mathlib_dbl_overflow)
    __mathlib_dbl_underflow                  0x080040cd   Thumb Code    14  dunder.o(i.__mathlib_dbl_underflow)
    __scatterload_copy                       0x080040e1   Thumb Code    14  handlers.o(i.__scatterload_copy)
    __scatterload_null                       0x080040ef   Thumb Code     2  handlers.o(i.__scatterload_null)
    __scatterload_zeroinit                   0x080040f1   Thumb Code    14  handlers.o(i.__scatterload_zeroinit)
    __set_errno                              0x08004101   Thumb Code     6  errno.o(i.__set_errno)
    drv_spi_read_write_byte                  0x080049b9   Thumb Code    32  si4463.o(i.drv_spi_read_write_byte)
    enter_stopmode                           0x080049dd   Thumb Code   108  lowpower.o(i.enter_stopmode)
    fputc                                    0x08004a7d   Thumb Code    18  uart.o(i.fputc)
    get_adc                                  0x08004a99   Thumb Code   170  adc.o(i.get_adc)
    get_temp_t                               0x08004b69   Thumb Code   168  adc.o(i.get_temp_t)
    get_vdd_v                                0x08004c39   Thumb Code    96  adc.o(i.get_vdd_v)
    main                                     0x08004cad   Thumb Code   296  main.o(i.main)
    pow                                      0x08004ea9   Thumb Code  2548  pow.o(i.pow)
    sqrt                                     0x080058a5   Thumb Code    66  sqrt.o(i.sqrt)
    AHBPrescTable                            0x08005a36   Data          16  system_stm32l0xx.o(.constdata)
    PLLMulTable                              0x08005a46   Data           9  system_stm32l0xx.o(.constdata)
    APBPrescTable                            0x08005a4f   Data           8  system_stm32l0xx.o(.constdata)
    __mathlib_zero                           0x08005af0   Data           8  qnan.o(.constdata)
    Region$$Table$$Base                      0x08005b04   Number         0  anon$$obj.o(Region$$Table)
    Region$$Table$$Limit                     0x08005b24   Number         0  anon$$obj.o(Region$$Table)
    alarm_flag                               0x20000000   Data           1  main.o(.data)
    wakeup_flag                              0x20000001   Data           1  main.o(.data)
    re_window                                0x20000004   Data           4  main.o(.data)
    sys_count                                0x20000008   Data           4  stm32l0xx_it.o(.data)
    ubADC_overrun_status                     0x2000000c   Data           1  adc.o(.data)
    sConfig                                  0x20000010   Data           8  adc.o(.data)
    AT45dbxx                                 0x20000018   Data           8  at45db.o(.data)
    SystemCoreClock                          0x20000020   Data           4  system_stm32l0xx.o(.data)
    uwTick                                   0x20000024   Data           4  stm32l0xx_hal.o(.data)
    __stdout                                 0x20000028   Data           4  stdout.o(.data)
    Deviceinfo                               0x20000030   Data          18  storage.o(.bss)
    hadc                                     0x20000044   Data          92  adc.o(.bss)
    hrtc                                     0x200000a0   Data          36  rtc.o(.bss)
    hspi1                                    0x200000c4   Data          88  spi.o(.bss)
    hlpuart1                                 0x2000011c   Data         128  uart.o(.bss)
    pFlash                                   0x2000019c   Data          24  stm32l0xx_hal_flash.o(.bss)
    __initial_sp                             0x200005b8   Data           0  startup_stm32l031xx.o(STACK)



==============================================================================

Memory Map of the image

  Image Entry point : 0x080000c1

  Load Region LR_IROM1 (Base: 0x08000000, Size: 0x00005b54, Max: 0x00008000, ABSOLUTE)

    Execution Region ER_IROM1 (Exec base: 0x08000000, Load base: 0x08000000, Size: 0x00005b24, Max: 0x00008000, ABSOLUTE)

    Exec Addr    Load Addr    Size         Type   Attr      Idx    E Section Name        Object

    0x08000000   0x08000000   0x000000c0   Data   RO         3890    RESET               startup_stm32l031xx.o
    0x080000c0   0x080000c0   0x00000000   Code   RO         3905  * .ARM.Collect$$$$00000000  mc_p.l(entry.o)
    0x080000c0   0x080000c0   0x00000004   Code   RO         4233    .ARM.Collect$$$$00000001  mc_p.l(entry2.o)
    0x080000c4   0x080000c4   0x00000004   Code   RO         4236    .ARM.Collect$$$$00000004  mc_p.l(entry5.o)
    0x080000c8   0x080000c8   0x00000000   Code   RO         4238    .ARM.Collect$$$$00000008  mc_p.l(entry7b.o)
    0x080000c8   0x080000c8   0x00000000   Code   RO         4240    .ARM.Collect$$$$0000000A  mc_p.l(entry8b.o)
    0x080000c8   0x080000c8   0x00000008   Code   RO         4241    .ARM.Collect$$$$0000000B  mc_p.l(entry9a.o)
    0x080000d0   0x080000d0   0x00000000   Code   RO         4243    .ARM.Collect$$$$0000000D  mc_p.l(entry10a.o)
    0x080000d0   0x080000d0   0x00000000   Code   RO         4245    .ARM.Collect$$$$0000000F  mc_p.l(entry11a.o)
    0x080000d0   0x080000d0   0x00000004   Code   RO         4234    .ARM.Collect$$$$00002712  mc_p.l(entry2.o)
    0x080000d4   0x080000d4   0x0000001c   Code   RO         3891    .text               startup_stm32l031xx.o
    0x080000f0   0x080000f0   0x0000002c   Code   RO         3908    .text               mc_p.l(uidiv.o)
    0x0800011c   0x0800011c   0x00000028   Code   RO         3910    .text               mc_p.l(idiv.o)
    0x08000144   0x08000144   0x00000060   Code   RO         3912    .text               mc_p.l(uldiv.o)
    0x080001a4   0x080001a4   0x0000008c   Code   RO         3918    .text               mc_p.l(mktime.o)
    0x08000230   0x08000230   0x00000024   Code   RO         3921    .text               mc_p.l(memseta.o)
    0x08000254   0x08000254   0x00000014   Code   RO         4184    .text               mc_p.l(uread4.o)
    0x08000268   0x08000268   0x00000012   Code   RO         4186    .text               mc_p.l(uwrite4.o)
    0x0800027a   0x0800027a   0x0000007a   Code   RO         4188    .text               mf_p.l(fmul.o)
    0x080002f4   0x080002f4   0x0000007c   Code   RO         4190    .text               mf_p.l(fdiv.o)
    0x08000370   0x08000370   0x00000164   Code   RO         4192    .text               mf_p.l(dadd.o)
    0x080004d4   0x080004d4   0x000000d0   Code   RO         4194    .text               mf_p.l(dmul.o)
    0x080005a4   0x080005a4   0x000000f0   Code   RO         4196    .text               mf_p.l(ddiv.o)
    0x08000694   0x08000694   0x0000001c   Code   RO         4198    .text               mf_p.l(dfltui.o)
    0x080006b0   0x080006b0   0x00000028   Code   RO         4200    .text               mf_p.l(ffixui.o)
    0x080006d8   0x080006d8   0x00000028   Code   RO         4202    .text               mf_p.l(f2d.o)
    0x08000700   0x08000700   0x00000038   Code   RO         4204    .text               mf_p.l(d2f.o)
    0x08000738   0x08000738   0x00000020   Code   RO         4248    .text               mc_p.l(llshl.o)
    0x08000758   0x08000758   0x00000022   Code   RO         4250    .text               mc_p.l(llushr.o)
    0x0800077a   0x0800077a   0x00000026   Code   RO         4252    .text               mc_p.l(llsshr.o)
    0x080007a0   0x080007a0   0x00000074   Code   RO         4257    .text               mc_p.l(localtime_i.o)
    0x08000814   0x08000814   0x00000000   Code   RO         4267    .text               mc_p.l(iusefp.o)
    0x08000814   0x08000814   0x00000082   Code   RO         4268    .text               mf_p.l(fepilogue.o)
    0x08000896   0x08000896   0x000000be   Code   RO         4270    .text               mf_p.l(depilogue.o)
    0x08000954   0x08000954   0x0000002c   Code   RO         4274    .text               mf_p.l(dscalb.o)
    0x08000980   0x08000980   0x00000028   Code   RO         4276    .text               mf_p.l(dflti.o)
    0x080009a8   0x080009a8   0x00000040   Code   RO         4278    .text               mf_p.l(dfixul.o)
    0x080009e8   0x080009e8   0x00000028   Code   RO         4280    .text               mf_p.l(cdrcmple.o)
    0x08000a10   0x08000a10   0x00000024   Code   RO         4282    .text               mc_p.l(init.o)
    0x08000a34   0x08000a34   0x000000a2   Code   RO         4284    .text               mf_p.l(dsqrt.o)
    0x08000ad6   0x08000ad6   0x00000052   Code   RO         1017    i.ADC_ConversionStop  stm32l0xx_hal_adc.o
    0x08000b28   0x08000b28   0x00000024   Code   RO         1021    i.ADC_DelayMicroSecond  stm32l0xx_hal_adc.o
    0x08000b4c   0x08000b4c   0x00000060   Code   RO         1022    i.ADC_Disable       stm32l0xx_hal_adc.o
    0x08000bac   0x08000bac   0x00000064   Code   RO         1023    i.ADC_Enable        stm32l0xx_hal_adc.o
    0x08000c10   0x08000c10   0x00000098   Code   RO          868    i.AT45_test         at45db.o
    0x08000ca8   0x08000ca8   0x00000140   Code   RO          871    i.AT45dbxx_Init     at45db.o
    0x08000de8   0x08000de8   0x00000064   Code   RO          873    i.AT45dbxx_ReadPage  at45db.o
    0x08000e4c   0x08000e4c   0x00000024   Code   RO          874    i.AT45dbxx_ReadStatus  at45db.o
    0x08000e70   0x08000e70   0x0000001a   Code   RO          875    i.AT45dbxx_Resume   at45db.o
    0x08000e8a   0x08000e8a   0x00000002   PAD
    0x08000e8c   0x08000e8c   0x00000024   Code   RO          876    i.AT45dbxx_Spi      at45db.o
    0x08000eb0   0x08000eb0   0x0000002e   Code   RO          877    i.AT45dbxx_WaitBusy  at45db.o
    0x08000ede   0x08000ede   0x00000002   PAD
    0x08000ee0   0x08000ee0   0x00000058   Code   RO          878    i.AT45dbxx_WritePage  at45db.o
    0x08000f38   0x08000f38   0x00000024   Code   RO            3    i.Dev_ReInit        main.o
    0x08000f5c   0x08000f5c   0x00000020   Code   RO          957    i.EERead            ieeprom.o
    0x08000f7c   0x08000f7c   0x00000034   Code   RO          958    i.EEWrite           ieeprom.o
    0x08000fb0   0x08000fb0   0x00000002   Code   RO            4    i.Error_Handler     main.o
    0x08000fb2   0x08000fb2   0x00000002   PAD
    0x08000fb4   0x08000fb4   0x00000090   Code   RO         2851    i.FLASH_SetErrorCode  stm32l0xx_hal_flash.o
    0x08001044   0x08001044   0x00000070   Code   RO         2852    i.FLASH_WaitForLastOperation  stm32l0xx_hal_flash.o
    0x080010b4   0x080010b4   0x000000aa   Code   RO         1200    i.HAL_ADCEx_Calibration_Start  stm32l0xx_hal_adc_ex.o
    0x0800115e   0x0800115e   0x00000002   PAD
    0x08001160   0x08001160   0x00000010   Code   RO         1201    i.HAL_ADCEx_DisableVREFINT  stm32l0xx_hal_adc_ex.o
    0x08001170   0x08001170   0x00000030   Code   RO         1203    i.HAL_ADCEx_EnableVREFINT  stm32l0xx_hal_adc_ex.o
    0x080011a0   0x080011a0   0x00000094   Code   RO         1025    i.HAL_ADC_ConfigChannel  stm32l0xx_hal_adc.o
    0x08001234   0x08001234   0x00000004   Code   RO         1031    i.HAL_ADC_GetState  stm32l0xx_hal_adc.o
    0x08001238   0x08001238   0x00000006   Code   RO         1032    i.HAL_ADC_GetValue  stm32l0xx_hal_adc.o
    0x0800123e   0x0800123e   0x00000002   PAD
    0x08001240   0x08001240   0x000001c8   Code   RO         1034    i.HAL_ADC_Init      stm32l0xx_hal_adc.o
    0x08001408   0x08001408   0x00000034   Code   RO          275    i.HAL_ADC_MspDeInit  stm32l0xx_hal_msp.o
    0x0800143c   0x0800143c   0x00000050   Code   RO          276    i.HAL_ADC_MspInit   stm32l0xx_hal_msp.o
    0x0800148c   0x0800148c   0x000000c0   Code   RO         1038    i.HAL_ADC_PollForConversion  stm32l0xx_hal_adc.o
    0x0800154c   0x0800154c   0x0000005c   Code   RO         1040    i.HAL_ADC_Start     stm32l0xx_hal_adc.o
    0x080015a8   0x080015a8   0x0000003e   Code   RO         1043    i.HAL_ADC_Stop      stm32l0xx_hal_adc.o
    0x080015e6   0x080015e6   0x0000001c   Code   RO         1966    i.HAL_Delay         stm32l0xx_hal.o
    0x08001602   0x08001602   0x00000002   PAD
    0x08001604   0x08001604   0x00000014   Code   RO         2955    i.HAL_FLASHEx_DATAEEPROM_Lock  stm32l0xx_hal_flash_ex.o
    0x08001618   0x08001618   0x00000054   Code   RO         2956    i.HAL_FLASHEx_DATAEEPROM_Program  stm32l0xx_hal_flash_ex.o
    0x0800166c   0x0800166c   0x00000034   Code   RO         2957    i.HAL_FLASHEx_DATAEEPROM_Unlock  stm32l0xx_hal_flash_ex.o
    0x080016a0   0x080016a0   0x000000d4   Code   RO         3057    i.HAL_GPIO_DeInit   stm32l0xx_hal_gpio.o
    0x08001774   0x08001774   0x00000168   Code   RO         3060    i.HAL_GPIO_Init     stm32l0xx_hal_gpio.o
    0x080018dc   0x080018dc   0x00000008   Code   RO         3063    i.HAL_GPIO_TogglePin  stm32l0xx_hal_gpio.o
    0x080018e4   0x080018e4   0x0000000c   Code   RO         3064    i.HAL_GPIO_WritePin  stm32l0xx_hal_gpio.o
    0x080018f0   0x080018f0   0x0000000c   Code   RO         1970    i.HAL_GetTick       stm32l0xx_hal.o
    0x080018fc   0x080018fc   0x0000007c   Code   RO            5    i.HAL_Get_CPU_RCC_Clock  main.o
    0x08001978   0x08001978   0x00000010   Code   RO         1974    i.HAL_IncTick       stm32l0xx_hal.o
    0x08001988   0x08001988   0x00000028   Code   RO         1975    i.HAL_Init          stm32l0xx_hal.o
    0x080019b0   0x080019b0   0x00000030   Code   RO         1976    i.HAL_InitTick      stm32l0xx_hal.o
    0x080019e0   0x080019e0   0x00000018   Code   RO          277    i.HAL_MspInit       stm32l0xx_hal_msp.o
    0x080019f8   0x080019f8   0x00000014   Code   RO         3384    i.HAL_NVIC_EnableIRQ  stm32l0xx_hal_cortex.o
    0x08001a0c   0x08001a0c   0x00000008   Code   RO         3388    i.HAL_NVIC_SetPriority  stm32l0xx_hal_cortex.o
    0x08001a14   0x08001a14   0x00000010   Code   RO         3329    i.HAL_PWREx_EnableFastWakeUp  stm32l0xx_hal_pwr_ex.o
    0x08001a24   0x08001a24   0x00000010   Code   RO         3331    i.HAL_PWREx_EnableUltraLowPower  stm32l0xx_hal_pwr_ex.o
    0x08001a34   0x08001a34   0x00000010   Code   RO         3217    i.HAL_PWR_EnableBkUpAccess  stm32l0xx_hal_pwr.o
    0x08001a44   0x08001a44   0x00000034   Code   RO         3224    i.HAL_PWR_EnterSTOPMode  stm32l0xx_hal_pwr.o
    0x08001a78   0x08001a78   0x00000150   Code   RO         2747    i.HAL_RCCEx_PeriphCLKConfig  stm32l0xx_hal_rcc_ex.o
    0x08001bc8   0x08001bc8   0x0000016c   Code   RO         2649    i.HAL_RCC_ClockConfig  stm32l0xx_hal_rcc.o
    0x08001d34   0x08001d34   0x0000000c   Code   RO         2653    i.HAL_RCC_GetHCLKFreq  stm32l0xx_hal_rcc.o
    0x08001d40   0x08001d40   0x00000020   Code   RO         2655    i.HAL_RCC_GetPCLK1Freq  stm32l0xx_hal_rcc.o
    0x08001d60   0x08001d60   0x00000020   Code   RO         2656    i.HAL_RCC_GetPCLK2Freq  stm32l0xx_hal_rcc.o
    0x08001d80   0x08001d80   0x00000078   Code   RO         2657    i.HAL_RCC_GetSysClockFreq  stm32l0xx_hal_rcc.o
    0x08001df8   0x08001df8   0x0000042c   Code   RO         2660    i.HAL_RCC_OscConfig  stm32l0xx_hal_rcc.o
    0x08002224   0x08002224   0x00000002   Code   RO         1387    i.HAL_RTCEx_AlarmBEventCallback  stm32l0xx_hal_rtc_ex.o
    0x08002226   0x08002226   0x0000000c   Code   RO         1388    i.HAL_RTCEx_BKUPRead  stm32l0xx_hal_rtc_ex.o
    0x08002232   0x08002232   0x0000000c   Code   RO         1389    i.HAL_RTCEx_BKUPWrite  stm32l0xx_hal_rtc_ex.o
    0x0800223e   0x0800223e   0x00000002   PAD
    0x08002240   0x08002240   0x000000f8   Code   RO         1414    i.HAL_RTCEx_SetWakeUpTimer_IT  stm32l0xx_hal_rtc_ex.o
    0x08002338   0x08002338   0x0000000c   Code   RO          658    i.HAL_RTCEx_WakeUpTimerEventCallback  rtc.o
    0x08002344   0x08002344   0x00000038   Code   RO         1421    i.HAL_RTCEx_WakeUpTimerIRQHandler  stm32l0xx_hal_rtc_ex.o
    0x0800237c   0x0800237c   0x0000000c   Code   RO          659    i.HAL_RTC_AlarmAEventCallback  rtc.o
    0x08002388   0x08002388   0x00000060   Code   RO         1255    i.HAL_RTC_AlarmIRQHandler  stm32l0xx_hal_rtc.o
    0x080023e8   0x080023e8   0x00000044   Code   RO         1259    i.HAL_RTC_GetDate   stm32l0xx_hal_rtc.o
    0x0800242c   0x0800242c   0x0000005c   Code   RO         1261    i.HAL_RTC_GetTime   stm32l0xx_hal_rtc.o
    0x08002488   0x08002488   0x000000bc   Code   RO         1262    i.HAL_RTC_Init      stm32l0xx_hal_rtc.o
    0x08002544   0x08002544   0x00000030   Code   RO          279    i.HAL_RTC_MspInit   stm32l0xx_hal_msp.o
    0x08002574   0x08002574   0x00000190   Code   RO         1267    i.HAL_RTC_SetAlarm_IT  stm32l0xx_hal_rtc.o
    0x08002704   0x08002704   0x000000c4   Code   RO         1268    i.HAL_RTC_SetDate   stm32l0xx_hal_rtc.o
    0x080027c8   0x080027c8   0x000000e8   Code   RO         1269    i.HAL_RTC_SetTime   stm32l0xx_hal_rtc.o
    0x080028b0   0x080028b0   0x00000034   Code   RO         1270    i.HAL_RTC_WaitForSynchro  stm32l0xx_hal_rtc.o
    0x080028e4   0x080028e4   0x00000010   Code   RO         1979    i.HAL_ResumeTick    stm32l0xx_hal.o
    0x080028f4   0x080028f4   0x00000030   Code   RO         1617    i.HAL_SPI_DeInit    stm32l0xx_hal_spi.o
    0x08002924   0x08002924   0x00000076   Code   RO         1622    i.HAL_SPI_Init      stm32l0xx_hal_spi.o
    0x0800299a   0x0800299a   0x00000002   PAD
    0x0800299c   0x0800299c   0x00000028   Code   RO          280    i.HAL_SPI_MspDeInit  stm32l0xx_hal_msp.o
    0x080029c4   0x080029c4   0x00000058   Code   RO          281    i.HAL_SPI_MspInit   stm32l0xx_hal_msp.o
    0x08002a1c   0x08002a1c   0x00000146   Code   RO         1625    i.HAL_SPI_Receive   stm32l0xx_hal_spi.o
    0x08002b62   0x08002b62   0x0000015c   Code   RO         1630    i.HAL_SPI_Transmit  stm32l0xx_hal_spi.o
    0x08002cbe   0x08002cbe   0x000001f0   Code   RO         1631    i.HAL_SPI_TransmitReceive  stm32l0xx_hal_spi.o
    0x08002eae   0x08002eae   0x00000002   PAD
    0x08002eb0   0x08002eb0   0x00000030   Code   RO         3392    i.HAL_SYSTICK_Config  stm32l0xx_hal_cortex.o
    0x08002ee0   0x08002ee0   0x00000010   Code   RO         1984    i.HAL_SuspendTick   stm32l0xx_hal.o
    0x08002ef0   0x08002ef0   0x0000006a   Code   RO         3502    i.HAL_UART_Init     stm32l0xx_hal_uart.o
    0x08002f5a   0x08002f5a   0x00000002   PAD
    0x08002f5c   0x08002f5c   0x0000005c   Code   RO          283    i.HAL_UART_MspInit  stm32l0xx_hal_msp.o
    0x08002fb8   0x08002fb8   0x000000ce   Code   RO         3510    i.HAL_UART_Transmit  stm32l0xx_hal_uart.o
    0x08003086   0x08003086   0x00000002   Code   RO          210    i.HardFault_Handler  stm32l0xx_it.o
    0x08003088   0x08003088   0x00000002   Code   RO          384    i.Instruction_Process  data_tran.o
    0x0800308a   0x0800308a   0x00000002   PAD
    0x0800308c   0x0800308c   0x00000078   Code   RO          601    i.MX_ADC_Init       adc.o
    0x08003104   0x08003104   0x000000bc   Code   RO          778    i.MX_GPIO_Deinit    gpio.o
    0x080031c0   0x080031c0   0x0000009c   Code   RO          779    i.MX_GPIO_Init      gpio.o
    0x0800325c   0x0800325c   0x00000038   Code   RO          804    i.MX_LPUART1_UART_Init  uart.o
    0x08003294   0x08003294   0x00000058   Code   RO          661    i.MX_RTC_Init       rtc.o
    0x080032ec   0x080032ec   0x00000040   Code   RO          740    i.MX_SPI1_Init      spi.o
    0x0800332c   0x0800332c   0x00000002   Code   RO          211    i.NMI_Handler       stm32l0xx_it.o
    0x0800332e   0x0800332e   0x00000002   PAD
    0x08003330   0x08003330   0x00000044   Code   RO         3394    i.NVIC_SetPriority  stm32l0xx_hal_cortex.o
    0x08003374   0x08003374   0x00000002   Code   RO          212    i.PendSV_Handler    stm32l0xx_it.o
    0x08003376   0x08003376   0x00000010   Code   RO         1271    i.RTC_Bcd2ToByte    stm32l0xx_hal_rtc.o
    0x08003386   0x08003386   0x00000018   Code   RO         1272    i.RTC_ByteToBcd2    stm32l0xx_hal_rtc.o
    0x0800339e   0x0800339e   0x00000002   PAD
    0x080033a0   0x080033a0   0x00000084   Code   RO          662    i.RTC_CalendarShow  rtc.o
    0x08003424   0x08003424   0x0000002c   Code   RO          663    i.RTC_DateTime_To_Timestamp  rtc.o
    0x08003450   0x08003450   0x00000038   Code   RO         1273    i.RTC_EnterInitMode  stm32l0xx_hal_rtc.o
    0x08003488   0x08003488   0x0000006c   Code   RO          664    i.RTC_Get_Week      rtc.o
    0x080034f4   0x080034f4   0x00000014   Code   RO          213    i.RTC_IRQHandler    stm32l0xx_it.o
    0x08003508   0x08003508   0x000000ac   Code   RO          665    i.RTC_SetDataTime   rtc.o
    0x080035b4   0x080035b4   0x00000018   Code   RO          411    i.SI446x_Change_Status  si4463.o
    0x080035cc   0x080035cc   0x00000036   Code   RO          412    i.SI446x_Config_Gpio  si4463.o
    0x08003602   0x08003602   0x00000002   PAD
    0x08003604   0x08003604   0x000000bc   Code   RO          413    i.SI446x_Config_Init  si4463.o
    0x080036c0   0x080036c0   0x00000024   Code   RO          414    i.SI446x_Get_Device_Status  si4463.o
    0x080036e4   0x080036e4   0x0000003c   Code   RO          421    i.SI446x_Init       si4463.o
    0x08003720   0x08003720   0x0000002c   Code   RO          424    i.SI446x_Power_Up   si4463.o
    0x0800374c   0x0800374c   0x00000038   Code   RO          426    i.SI446x_Read_Response  si4463.o
    0x08003784   0x08003784   0x0000002c   Code   RO          427    i.SI446x_Reset      si4463.o
    0x080037b0   0x080037b0   0x00000016   Code   RO          428    i.SI446x_Reset_RxFifo  si4463.o
    0x080037c6   0x080037c6   0x00000016   Code   RO          429    i.SI446x_Reset_TxFifo  si4463.o
    0x080037dc   0x080037dc   0x00000010   Code   RO          431    i.SI446x_Set_Power  si4463.o
    0x080037ec   0x080037ec   0x00000024   Code   RO          433    i.SI446x_Set_Property_1  si4463.o
    0x08003810   0x08003810   0x0000003a   Code   RO          434    i.SI446x_Start_Rx   si4463.o
    0x0800384a   0x0800384a   0x0000003c   Code   RO          436    i.SI446x_Wait_Cts   si4463.o
    0x08003886   0x08003886   0x00000030   Code   RO          437    i.SI446x_Write_Cmds  si4463.o
    0x080038b6   0x080038b6   0x0000005c   Code   RO         1659    i.SPI_EndRxTransaction  stm32l0xx_hal_spi.o
    0x08003912   0x08003912   0x00000042   Code   RO         1660    i.SPI_EndRxTxTransaction  stm32l0xx_hal_spi.o
    0x08003954   0x08003954   0x00000038   Code   RO          742    i.SPI_SELECT        spi.o
    0x0800398c   0x0800398c   0x0000008c   Code   RO         1665    i.SPI_WaitFlagStateUntilTimeout  stm32l0xx_hal_spi.o
    0x08003a18   0x08003a18   0x00000002   Code   RO          214    i.SVC_Handler       stm32l0xx_it.o
    0x08003a1a   0x08003a1a   0x00000002   PAD
    0x08003a1c   0x08003a1c   0x00000068   Code   RO          667    i.Set_Alarm         rtc.o
    0x08003a84   0x08003a84   0x0000003c   Code   RO          215    i.SysTick_Handler   stm32l0xx_it.o
    0x08003ac0   0x08003ac0   0x000000a4   Code   RO          838    i.SystemClock_Config_MSI_2MHz  clock_config.o
    0x08003b64   0x08003b64   0x00000054   Code   RO          984    i.SystemInit        system_stm32l0xx.o
    0x08003bb8   0x08003bb8   0x000000ca   Code   RO         3515    i.UART_AdvFeatureConfig  stm32l0xx_hal_uart.o
    0x08003c82   0x08003c82   0x00000002   PAD
    0x08003c84   0x08003c84   0x00000060   Code   RO         3516    i.UART_CheckIdleState  stm32l0xx_hal_uart.o
    0x08003ce4   0x08003ce4   0x00000204   Code   RO         3531    i.UART_SetConfig    stm32l0xx_hal_uart.o
    0x08003ee8   0x08003ee8   0x00000062   Code   RO         3534    i.UART_WaitOnFlagUntilTimeout  stm32l0xx_hal_uart.o
    0x08003f4a   0x08003f4a   0x00000002   PAD
    0x08003f4c   0x08003f4c   0x00000020   Code   RO         4156    i.__0printf         mc_p.l(printfa.o)
    0x08003f6c   0x08003f6c   0x0000002e   Code   RO         4272    i.__ARM_clz         mf_p.l(depilogue.o)
    0x08003f9a   0x08003f9a   0x0000001a   Code   RO          943    i.__ARM_common_switch8  at45db.o
    0x08003fb4   0x08003fb4   0x0000002c   Code   RO         4220    i.__ARM_fpclassify  m_ps.l(fpclassify.o)
    0x08003fe0   0x08003fe0   0x000000ac   Code   RO         4222    i.__kernel_poly     m_ps.l(poly.o)
    0x0800408c   0x0800408c   0x00000014   Code   RO         4206    i.__mathlib_dbl_divzero  m_ps.l(dunder.o)
    0x080040a0   0x080040a0   0x00000008   Code   RO         4208    i.__mathlib_dbl_infnan2  m_ps.l(dunder.o)
    0x080040a8   0x080040a8   0x00000010   Code   RO         4209    i.__mathlib_dbl_invalid  m_ps.l(dunder.o)
    0x080040b8   0x080040b8   0x00000014   Code   RO         4210    i.__mathlib_dbl_overflow  m_ps.l(dunder.o)
    0x080040cc   0x080040cc   0x00000014   Code   RO         4212    i.__mathlib_dbl_underflow  m_ps.l(dunder.o)
    0x080040e0   0x080040e0   0x0000000e   Code   RO         4290    i.__scatterload_copy  mc_p.l(handlers.o)
    0x080040ee   0x080040ee   0x00000002   Code   RO         4291    i.__scatterload_null  mc_p.l(handlers.o)
    0x080040f0   0x080040f0   0x0000000e   Code   RO         4292    i.__scatterload_zeroinit  mc_p.l(handlers.o)
    0x080040fe   0x080040fe   0x00000002   PAD
    0x08004100   0x08004100   0x0000000c   Code   RO         4262    i.__set_errno       mc_p.l(errno.o)
    0x0800410c   0x0800410c   0x00000174   Code   RO         4163    i._fp_digits        mc_p.l(printfa.o)
    0x08004280   0x08004280   0x000006ec   Code   RO         4164    i._printf_core      mc_p.l(printfa.o)
    0x0800496c   0x0800496c   0x00000020   Code   RO         4165    i._printf_post_padding  mc_p.l(printfa.o)
    0x0800498c   0x0800498c   0x0000002c   Code   RO         4166    i._printf_pre_padding  mc_p.l(printfa.o)
    0x080049b8   0x080049b8   0x00000024   Code   RO          439    i.drv_spi_read_write_byte  si4463.o
    0x080049dc   0x080049dc   0x000000a0   Code   RO          343    i.enter_stopmode    lowpower.o
    0x08004a7c   0x08004a7c   0x0000001c   Code   RO          805    i.fputc             uart.o
    0x08004a98   0x08004a98   0x000000d0   Code   RO          602    i.get_adc           adc.o
    0x08004b68   0x08004b68   0x000000d0   Code   RO          603    i.get_temp_t        adc.o
    0x08004c38   0x08004c38   0x00000074   Code   RO          604    i.get_vdd_v         adc.o
    0x08004cac   0x08004cac   0x000001fc   Code   RO            6    i.main              main.o
    0x08004ea8   0x08004ea8   0x000009fc   Code   RO         3896    i.pow               m_ps.l(pow.o)
    0x080058a4   0x080058a4   0x00000048   Code   RO         4226    i.sqrt              m_ps.l(sqrt.o)
    0x080058ec   0x080058ec   0x0000014a   Data   RO          441    .constdata          si4463.o
    0x08005a36   0x08005a36   0x00000019   Data   RO          985    .constdata          system_stm32l0xx.o
    0x08005a4f   0x08005a4f   0x00000008   Data   RO          986    .constdata          system_stm32l0xx.o
    0x08005a57   0x08005a57   0x00000001   PAD
    0x08005a58   0x08005a58   0x00000088   Data   RO         3897    .constdata          m_ps.l(pow.o)
    0x08005ae0   0x08005ae0   0x0000000c   Data   RO         3919    .constdata          mc_p.l(mktime.o)
    0x08005aec   0x08005aec   0x00000004   PAD
    0x08005af0   0x08005af0   0x00000008   Data   RO         4224    .constdata          m_ps.l(qnan.o)
    0x08005af8   0x08005af8   0x0000000c   Data   RO         4258    .constdata          mc_p.l(localtime_i.o)
    0x08005b04   0x08005b04   0x00000020   Data   RO         4288    Region$$Table       anon$$obj.o


    Execution Region RW_IRAM1 (Exec base: 0x20000000, Load base: 0x08005b24, Size: 0x000005b8, Max: 0x00002000, ABSOLUTE)

    Exec Addr    Load Addr    Size         Type   Attr      Idx    E Section Name        Object

    0x20000000   0x08005b24   0x00000008   Data   RW            7    .data               main.o
    0x20000008   0x08005b2c   0x00000004   Data   RW          216    .data               stm32l0xx_it.o
    0x2000000c   0x08005b30   0x0000000c   Data   RW          606    .data               adc.o
    0x20000018   0x08005b3c   0x00000008   Data   RW          879    .data               at45db.o
    0x20000020   0x08005b44   0x00000004   Data   RW          987    .data               system_stm32l0xx.o
    0x20000024   0x08005b48   0x00000004   Data   RW         1985    .data               stm32l0xx_hal.o
    0x20000028   0x08005b4c   0x00000004   Data   RW         4247    .data               mc_p.l(stdout.o)
    0x2000002c   0x08005b50   0x00000004   Data   RW         4263    .data               mc_p.l(errno.o)
    0x20000030        -       0x00000012   Zero   RW          363    .bss                storage.o
    0x20000042   0x08005b54   0x00000002   PAD
    0x20000044        -       0x0000005c   Zero   RW          605    .bss                adc.o
    0x200000a0        -       0x00000024   Zero   RW          668    .bss                rtc.o
    0x200000c4        -       0x00000058   Zero   RW          743    .bss                spi.o
    0x2000011c        -       0x00000080   Zero   RW          806    .bss                uart.o
    0x2000019c        -       0x00000018   Zero   RW         2864    .bss                stm32l0xx_hal_flash.o
    0x200001b4   0x08005b54   0x00000004   PAD
    0x200001b8        -       0x00000400   Zero   RW         3888    STACK               startup_stm32l031xx.o


==============================================================================

Image component sizes


      Code (inc. data)   RO Data    RW Data    ZI Data      Debug   Object Name

       652        110          0         12         92       2913   adc.o
       830         86          0          8          0       7639   at45db.o
       164         10          0          0          0        662   clock_config.o
         2          0          0          0          0        398   data_tran.o
       344         20          0          0          0       1532   gpio.o
        84         12          0          0          0       1191   ieeprom.o
       160         52          0          0          0        485   lowpower.o
       670        278          0          8          0     338323   main.o
       672         94          0          0         36       5113   rtc.o
       804         26        330          0          0       8881   si4463.o
       120         12          0          0         88       1168   spi.o
        28          8        192          0       1024        572   startup_stm32l031xx.o
       176         28          0          4          0       4546   stm32l0xx_hal.o
      1274         36          0          0          0       8412   stm32l0xx_hal_adc.o
       234          8          0          0          0       2551   stm32l0xx_hal_adc_ex.o
       144         24          0          0          0       8993   stm32l0xx_hal_cortex.o
       256         16          0          0         24       3118   stm32l0xx_hal_flash.o
       156         26          0          0          0       2211   stm32l0xx_hal_flash_ex.o
       592         44          0          0          0       3675   stm32l0xx_hal_gpio.o
       424         56          0          0          0       4063   stm32l0xx_hal_msp.o
        68         12          0          0          0       1099   stm32l0xx_hal_pwr.o
        32          8          0          0          0       1001   stm32l0xx_hal_pwr_ex.o
      1628         94          0          0          0       5888   stm32l0xx_hal_rcc.o
       336         12          0          0          0       1396   stm32l0xx_hal_rcc_ex.o
      1420         36          0          0          0       8852   stm32l0xx_hal_rtc.o
       330         18          0          0          0       4335   stm32l0xx_hal_rtc_ex.o
      1634          0          0          0          0       8947   stm32l0xx_hal_spi.o
      1224         72          0          0          0       6325   stm32l0xx_hal_uart.o
        88         14          0          4          0       2680   stm32l0xx_it.o
         0          0          0          0         18        813   storage.o
        84         18         33          4          0       1151   system_stm32l0xx.o
        84         18          0          0        128       1082   uart.o

    ----------------------------------------------------------------------
     14748       1248        588         40       1416     450015   Object Totals
         0          0         32          0          0          0   (incl. Generated)
        34          0          1          0          6          0   (incl. Padding)

    ----------------------------------------------------------------------

      Code (inc. data)   RO Data    RW Data    ZI Data      Debug   Library Member Name

        84         14          0          0          0        340   dunder.o
        44          4          0          0          0         60   fpclassify.o
       172          0          0          0          0         76   poly.o
      2556        196        136          0          0        240   pow.o
         0          0          8          0          0          0   qnan.o
        72          6          0          0          0         76   sqrt.o
         0          0          0          0          0          0   entry.o
         0          0          0          0          0          0   entry10a.o
         0          0          0          0          0          0   entry11a.o
         8          4          0          0          0          0   entry2.o
         4          0          0          0          0          0   entry5.o
         0          0          0          0          0          0   entry7b.o
         0          0          0          0          0          0   entry8b.o
         8          4          0          0          0          0   entry9a.o
        12          6          0          4          0         60   errno.o
        30          0          0          0          0          0   handlers.o
        40          0          0          0          0         72   idiv.o
        36          8          0          0          0         68   init.o
         0          0          0          0          0          0   iusefp.o
        32          0          0          0          0         68   llshl.o
        38          0          0          0          0         68   llsshr.o
        34          0          0          0          0         68   llushr.o
       116         12         12          0          0         72   localtime_i.o
        36          0          0          0          0        100   memseta.o
       140         16         12          0          0         72   mktime.o
      2252         98          0          0          0        412   printfa.o
         0          0          0          4          0          0   stdout.o
        44          0          0          0          0         72   uidiv.o
        96          0          0          0          0         84   uldiv.o
        20          0          0          0          0         60   uread4.o
        18          0          0          0          0         60   uwrite4.o
        40          2          0          0          0         68   cdrcmple.o
        56          0          0          0          0         68   d2f.o
       356          4          0          0          0        140   dadd.o
       240          6          0          0          0         84   ddiv.o
       236          0          0          0          0        216   depilogue.o
        64         10          0          0          0         68   dfixul.o
        40          6          0          0          0         68   dflti.o
        28          4          0          0          0         68   dfltui.o
       208          6          0          0          0         88   dmul.o
        44          0          0          0          0         72   dscalb.o
       162          0          0          0          0         80   dsqrt.o
        40          0          0          0          0         60   f2d.o
       124          0          0          0          0         72   fdiv.o
       130          0          0          0          0        144   fepilogue.o
        40          0          0          0          0         60   ffixui.o
       122          0          0          0          0         72   fmul.o

    ----------------------------------------------------------------------
      7824        406        172          8          0       3556   Library Totals
         2          0          4          0          0          0   (incl. Padding)

    ----------------------------------------------------------------------

      Code (inc. data)   RO Data    RW Data    ZI Data      Debug   Library Name

      2928        220        144          0          0        792   m_ps.l
      2964        148         24          8          0       1336   mc_p.l
      1930         38          0          0          0       1428   mf_p.l

    ----------------------------------------------------------------------
      7824        406        172          8          0       3556   Library Totals

    ----------------------------------------------------------------------

==============================================================================


      Code (inc. data)   RO Data    RW Data    ZI Data      Debug   

     22572       1654        760         48       1416     445795   Grand Totals
     22572       1654        760         48       1416     445795   ELF Image Totals
     22572       1654        760         48          0          0   ROM Totals

==============================================================================

    Total RO  Size (Code + RO Data)                23332 (  22.79kB)
    Total RW  Size (RW Data + ZI Data)              1464 (   1.43kB)
    Total ROM Size (Code + RO Data + RW Data)      23380 (  22.83kB)

==============================================================================

