Component: ARM Compiler 5.06 update 6 (build 750) Tool: armlink [4d35ed]

==============================================================================

Section Cross References

    main.o(i.Dev_ReInit) refers to clock_config.o(i.SystemClock_Config_MSI_2MHz) for SystemClock_Config_MSI_2MHz
    main.o(i.Dev_ReInit) refers to main.o(i.MX_IWDG_Init) for MX_IWDG_Init
    main.o(i.Dev_ReInit) refers to gpio.o(i.MX_GPIO_Init) for MX_GPIO_Init
    main.o(i.Dev_ReInit) refers to spi.o(i.MX_SPI1_Init) for MX_SPI1_Init
    main.o(i.Dev_ReInit) refers to adc.o(i.MX_ADC_Init) for MX_ADC_Init
    main.o(i.Dev_ReInit) refers to uart.o(i.MX_LPUART1_UART_Init) for MX_LPUART1_UART_Init
    main.o(i.Dev_ReInit) refers to rtc.o(i.MX_RTC_Init) for MX_RTC_Init
    main.o(i.Dev_ReInit) refers to rtc.o(i.Set_Alarm) for Set_Alarm
    main.o(i.Dev_ReInit) refers to at45db.o(i.AT45dbxx_Init) for AT45dbxx_Init
    main.o(i.Dev_ReInit) refers to stm32l0xx_hal_iwdg.o(i.HAL_IWDG_Refresh) for HAL_IWDG_Refresh
    main.o(i.Dev_ReInit) refers to main.o(.bss) for .bss
    main.o(i.Dev_parameter_init) refers to ieeprom.o(i.EEWrite) for EEWrite
    main.o(i.Dev_parameter_init) refers to ieeprom.o(i.EERead) for EERead
    main.o(i.Dev_parameter_init) refers to stm32l0xx_hal_iwdg.o(i.HAL_IWDG_Refresh) for HAL_IWDG_Refresh
    main.o(i.Dev_parameter_init) refers to printfa.o(i.__0printf) for __2printf
    main.o(i.Dev_parameter_init) refers to uwrite4.o(.text) for __aeabi_uwrite4
    main.o(i.Dev_parameter_init) refers to adc.o(i.get_adc) for get_adc
    main.o(i.Dev_parameter_init) refers to uread4.o(.text) for __aeabi_uread4
    main.o(i.Dev_parameter_init) refers to main.o(.bss) for .bss
    main.o(i.Dev_parameter_init) refers to storage.o(.bss) for Deviceinfo
    main.o(i.HAL_Get_CPU_RCC_Clock) refers to stm32l0xx_hal_rcc.o(i.HAL_RCC_GetSysClockFreq) for HAL_RCC_GetSysClockFreq
    main.o(i.HAL_Get_CPU_RCC_Clock) refers to dfltui.o(.text) for __aeabi_ui2d
    main.o(i.HAL_Get_CPU_RCC_Clock) refers to ddiv.o(.text) for __aeabi_ddiv
    main.o(i.HAL_Get_CPU_RCC_Clock) refers to printfa.o(i.__0printf) for __2printf
    main.o(i.HAL_Get_CPU_RCC_Clock) refers to stm32l0xx_hal_rcc.o(i.HAL_RCC_GetHCLKFreq) for HAL_RCC_GetHCLKFreq
    main.o(i.MX_IWDG_Init) refers to stm32l0xx_hal_iwdg.o(i.HAL_IWDG_Init) for HAL_IWDG_Init
    main.o(i.MX_IWDG_Init) refers to main.o(.bss) for .bss
    main.o(i.main) refers to memseta.o(.text) for __aeabi_memclr4
    main.o(i.main) refers to stm32l0xx_hal.o(i.HAL_Init) for HAL_Init
    main.o(i.main) refers to main.o(i.Dev_ReInit) for Dev_ReInit
    main.o(i.main) refers to main.o(i.HAL_Get_CPU_RCC_Clock) for HAL_Get_CPU_RCC_Clock
    main.o(i.main) refers to stm32l0xx_hal.o(i.HAL_Delay) for HAL_Delay
    main.o(i.main) refers to main.o(i.Dev_parameter_init) for Dev_parameter_init
    main.o(i.main) refers to printfa.o(i.__0printf) for __2printf
    main.o(i.main) refers to stm32l0xx_hal_iwdg.o(i.HAL_IWDG_Refresh) for HAL_IWDG_Refresh
    main.o(i.main) refers to rtc.o(i.RTC_CalendarShow) for RTC_CalendarShow
    main.o(i.main) refers to ieeprom.o(i.EEWrite) for EEWrite
    main.o(i.main) refers to uread4.o(.text) for __aeabi_uread4
    main.o(i.main) refers to storage.o(i.dev_data_sample_and_storage) for dev_data_sample_and_storage
    main.o(i.main) refers to stm32l0xx_hal_gpio.o(i.HAL_GPIO_WritePin) for HAL_GPIO_WritePin
    main.o(i.main) refers to si4463.o(i.SI446x_Init) for SI446x_Init
    main.o(i.main) refers to data_tran.o(i.SI446x_TX_RX_Data) for SI446x_TX_RX_Data
    main.o(i.main) refers to data_tran.o(i.Instruction_Process) for Instruction_Process
    main.o(i.main) refers to lowpower.o(i.enter_stopmode) for enter_stopmode
    main.o(i.main) refers to main.o(.data) for .data
    main.o(i.main) refers to main.o(.bss) for .bss
    main.o(i.main) refers to storage.o(.bss) for Deviceinfo
    main.o(i.main) refers to data_tran.o(.data) for wl_rx_Flag
    main.o(i.main) refers to data_tran.o(.bss) for wl_rx_buff
    main.o(.data) refers to main.o(.conststring) for .conststring
    stm32l0xx_it.o(i.ADCx_IRQHandler) refers to stm32l0xx_hal_adc.o(i.HAL_ADC_IRQHandler) for HAL_ADC_IRQHandler
    stm32l0xx_it.o(i.ADCx_IRQHandler) refers to adc.o(.bss) for hadc
    stm32l0xx_it.o(i.RTC_IRQHandler) refers to stm32l0xx_hal_rtc.o(i.HAL_RTC_AlarmIRQHandler) for HAL_RTC_AlarmIRQHandler
    stm32l0xx_it.o(i.RTC_IRQHandler) refers to stm32l0xx_hal_rtc_ex.o(i.HAL_RTCEx_WakeUpTimerIRQHandler) for HAL_RTCEx_WakeUpTimerIRQHandler
    stm32l0xx_it.o(i.RTC_IRQHandler) refers to rtc.o(.bss) for hrtc
    stm32l0xx_it.o(i.SysTick_Handler) refers to stm32l0xx_hal.o(i.HAL_IncTick) for HAL_IncTick
    stm32l0xx_it.o(i.SysTick_Handler) refers to stm32l0xx_hal_gpio.o(i.HAL_GPIO_TogglePin) for HAL_GPIO_TogglePin
    stm32l0xx_it.o(i.SysTick_Handler) refers to stm32l0xx_it.o(.data) for .data
    stm32l0xx_it.o(i.SysTick_Handler) refers to main.o(.data) for re_window
[...]
    i.Error_Handler                          0x0800114c   Section        0  main.o(i.Error_Handler)
    i.FLASH_SetErrorCode                     0x08001150   Section        0  stm32l0xx_hal_flash.o(i.FLASH_SetErrorCode)
    FLASH_SetErrorCode                       0x08001151   Thumb Code   134  stm32l0xx_hal_flash.o(i.FLASH_SetErrorCode)
    i.FLASH_WaitForLastOperation             0x080011e0   Section        0  stm32l0xx_hal_flash.o(i.FLASH_WaitForLastOperation)
    i.HAL_ADCEx_Calibration_Start            0x08001250   Section        0  stm32l0xx_hal_adc_ex.o(i.HAL_ADCEx_Calibration_Start)
    i.HAL_ADCEx_DisableVREFINT               0x080012fc   Section        0  stm32l0xx_hal_adc_ex.o(i.HAL_ADCEx_DisableVREFINT)
    i.HAL_ADCEx_EnableVREFINT                0x0800130c   Section        0  stm32l0xx_hal_adc_ex.o(i.HAL_ADCEx_EnableVREFINT)
    i.HAL_ADC_ConfigChannel                  0x0800133c   Section        0  stm32l0xx_hal_adc.o(i.HAL_ADC_ConfigChannel)
    i.HAL_ADC_GetState                       0x080013d0   Section        0  stm32l0xx_hal_adc.o(i.HAL_ADC_GetState)
    i.HAL_ADC_GetValue                       0x080013d4   Section        0  stm32l0xx_hal_adc.o(i.HAL_ADC_GetValue)
    i.HAL_ADC_Init                           0x080013dc   Section        0  stm32l0xx_hal_adc.o(i.HAL_ADC_Init)
    i.HAL_ADC_MspDeInit                      0x080015a4   Section        0  stm32l0xx_hal_msp.o(i.HAL_ADC_MspDeInit)
    i.HAL_ADC_MspInit                        0x080015d8   Section        0  stm32l0xx_hal_msp.o(i.HAL_ADC_MspInit)
    i.HAL_ADC_PollForConversion              0x08001628   Section        0  stm32l0xx_hal_adc.o(i.HAL_ADC_PollForConversion)
    i.HAL_ADC_Start                          0x080016e8   Section        0  stm32l0xx_hal_adc.o(i.HAL_ADC_Start)
    i.HAL_ADC_Stop                           0x08001744   Section        0  stm32l0xx_hal_adc.o(i.HAL_ADC_Stop)
    i.HAL_Delay                              0x08001782   Section        0  stm32l0xx_hal.o(i.HAL_Delay)
    i.HAL_FLASHEx_DATAEEPROM_Lock            0x080017a0   Section        0  stm32l0xx_hal_flash_ex.o(i.HAL_FLASHEx_DATAEEPROM_Lock)
    i.HAL_FLASHEx_DATAEEPROM_Program         0x080017b4   Section        0  stm32l0xx_hal_flash_ex.o(i.HAL_FLASHEx_DATAEEPROM_Program)
    i.HAL_FLASHEx_DATAEEPROM_Unlock          0x08001808   Section        0  stm32l0xx_hal_flash_ex.o(i.HAL_FLASHEx_DATAEEPROM_Unlock)
    i.HAL_GPIO_DeInit                        0x0800183c   Section        0  stm32l0xx_hal_gpio.o(i.HAL_GPIO_DeInit)
    i.HAL_GPIO_Init                          0x08001910   Section        0  stm32l0xx_hal_gpio.o(i.HAL_GPIO_Init)
    i.HAL_GPIO_TogglePin                     0x08001a78   Section        0  stm32l0xx_hal_gpio.o(i.HAL_GPIO_TogglePin)
    i.HAL_GPIO_WritePin                      0x08001a80   Section        0  stm32l0xx_hal_gpio.o(i.HAL_GPIO_WritePin)
    i.HAL_GetTick                            0x08001a8c   Section        0  stm32l0xx_hal.o(i.HAL_GetTick)
    i.HAL_Get_CPU_RCC_Clock                  0x08001a98   Section        0  main.o(i.HAL_Get_CPU_RCC_Clock)
    i.HAL_IWDG_Init                          0x08001b3c   Section        0  stm32l0xx_hal_iwdg.o(i.HAL_IWDG_Init)
    i.HAL_IWDG_Refresh                       0x08001ba0   Section        0  stm32l0xx_hal_iwdg.o(i.HAL_IWDG_Refresh)
    i.HAL_IncTick                            0x08001bb0   Section        0  stm32l0xx_hal.o(i.HAL_IncTick)
    i.HAL_Init                               0x08001bc0   Section        0  stm32l0xx_hal.o(i.HAL_Init)
    i.HAL_InitTick                           0x08001be8   Section        0  stm32l0xx_hal.o(i.HAL_InitTick)
    i.HAL_MspInit                            0x08001c18   Section        0  stm32l0xx_hal_msp.o(i.HAL_MspInit)
    i.HAL_NVIC_EnableIRQ                     0x08001c30   Section        0  stm32l0xx_hal_cortex.o(i.HAL_NVIC_EnableIRQ)
    i.HAL_NVIC_SetPriority                   0x08001c44   Section        0  stm32l0xx_hal_cortex.o(i.HAL_NVIC_SetPriority)
    i.HAL_PWREx_EnableFastWakeUp             0x08001c4c   Section        0  stm32l0xx_hal_pwr_ex.o(i.HAL_PWREx_EnableFastWakeUp)
    i.HAL_PWREx_EnableUltraLowPower          0x08001c5c   Section        0  stm32l0xx_hal_pwr_ex.o(i.HAL_PWREx_EnableUltraLowPower)
    i.HAL_PWR_EnableBkUpAccess               0x08001c6c   Section        0  stm32l0xx_hal_pwr.o(i.HAL_PWR_EnableBkUpAccess)
    i.HAL_PWR_EnterSTOPMode                  0x08001c7c   Section        0  stm32l0xx_hal_pwr.o(i.HAL_PWR_EnterSTOPMode)
    i.HAL_RCCEx_PeriphCLKConfig              0x08001cb0   Section        0  stm32l0xx_hal_rcc_ex.o(i.HAL_RCCEx_PeriphCLKConfig)
    i.HAL_RCC_ClockConfig                    0x08001e00   Section        0  stm32l0xx_hal_rcc.o(i.HAL_RCC_ClockConfig)
    i.HAL_RCC_GetHCLKFreq                    0x08001f6c   Section        0  stm32l0xx_hal_rcc.o(i.HAL_RCC_GetHCLKFreq)
    i.HAL_RCC_GetPCLK1Freq                   0x08001f78   Section        0  stm32l0xx_hal_rcc.o(i.HAL_RCC_GetPCLK1Freq)
    i.HAL_RCC_GetPCLK2Freq                   0x08001f98   Section        0  stm32l0xx_hal_rcc.o(i.HAL_RCC_GetPCLK2Freq)
    i.HAL_RCC_GetSysClockFreq                0x08001fb8   Section        0  stm32l0xx_hal_rcc.o(i.HAL_RCC_GetSysClockFreq)
    i.HAL_RCC_OscConfig                      0x08002030   Section        0  stm32l0xx_hal_rcc.o(i.HAL_RCC_OscConfig)
    i.HAL_RTCEx_AlarmBEventCallback          0x0800245c   Section        0  stm32l0xx_hal_rtc_ex.o(i.HAL_RTCEx_AlarmBEventCallback)
    i.HAL_RTCEx_BKUPRead                     0x0800245e   Section        0  stm32l0xx_hal_rtc_ex.o(i.HAL_RTCEx_BKUPRead)
    i.HAL_RTCEx_BKUPWrite                    0x0800246a   Section        0  stm32l0xx_hal_rtc_ex.o(i.HAL_RTCEx_BKUPWrite)
    i.HAL_RTCEx_SetWakeUpTimer_IT            0x08002478   Section        0  stm32l0xx_hal_rtc_ex.o(i.HAL_RTCEx_SetWakeUpTimer_IT)
    i.HAL_RTCEx_WakeUpTimerEventCallback     0x08002570   Section        0  rtc.o(i.HAL_RTCEx_WakeUpTimerEventCallback)
    i.HAL_RTCEx_WakeUpTimerIRQHandler        0x0800257c   Section        0  stm32l0xx_hal_rtc_ex.o(i.HAL_RTCEx_WakeUpTimerIRQHandler)
    i.HAL_RTC_AlarmAEventCallback            0x080025b4   Section        0  rtc.o(i.HAL_RTC_AlarmAEventCallback)
    i.HAL_RTC_AlarmIRQHandler                0x080025c0   Section        0  stm32l0xx_hal_rtc.o(i.HAL_RTC_AlarmIRQHandler)
    i.HAL_RTC_GetDate                        0x08002620   Section        0  stm32l0xx_hal_rtc.o(i.HAL_RTC_GetDate)
    i.HAL_RTC_GetTime                        0x08002664   Section        0  stm32l0xx_hal_rtc.o(i.HAL_RTC_GetTime)
    i.HAL_RTC_Init                           0x080026c0   Section        0  stm32l0xx_hal_rtc.o(i.HAL_RTC_Init)
    i.HAL_RTC_MspInit                        0x0800277c   Section        0  stm32l0xx_hal_msp.o(i.HAL_RTC_MspInit)
    i.HAL_RTC_SetDate                        0x080027ac   Section        0  stm32l0xx_hal_rtc.o(i.HAL_RTC_SetDate)
    i.HAL_RTC_SetTime                        0x08002870   Section        0  stm32l0xx_hal_rtc.o(i.HAL_RTC_SetTime)
    i.HAL_RTC_WaitForSynchro                 0x08002958   Section        0  stm32l0xx_hal_rtc.o(i.HAL_RTC_WaitForSynchro)
    i.HAL_ResumeTick                         0x0800298c   Section        0  stm32l0xx_hal.o(i.HAL_ResumeTick)
    i.HAL_SPI_DeInit                         0x0800299c   Section        0  stm32l0xx_hal_spi.o(i.HAL_SPI_DeInit)
    i.HAL_SPI_Init                           0x080029cc   Section        0  stm32l0xx_hal_spi.o(i.HAL_SPI_Init)
    i.HAL_SPI_MspDeInit                      0x08002a44   Section        0  stm32l0xx_hal_msp.o(i.HAL_SPI_MspDeInit)
    i.HAL_SPI_MspInit                        0x08002a6c   Section        0  stm32l0xx_hal_msp.o(i.HAL_SPI_MspInit)
    i.HAL_SPI_Receive                        0x08002ac4   Section        0  stm32l0xx_hal_spi.o(i.HAL_SPI_Receive)
    i.HAL_SPI_Transmit                       0x08002c0a   Section        0  stm32l0xx_hal_spi.o(i.HAL_SPI_Transmit)
    i.HAL_SPI_TransmitReceive                0x08002d66   Section        0  stm32l0xx_hal_spi.o(i.HAL_SPI_TransmitReceive)
    i.HAL_SYSTICK_Config                     0x08002f58   Section        0  stm32l0xx_hal_cortex.o(i.HAL_SYSTICK_Config)
    i.HAL_SuspendTick                        0x08002f88   Section        0  stm32l0xx_hal.o(i.HAL_SuspendTick)
    i.HAL_UART_Init                          0x08002f98   Section        0  stm32l0xx_hal_uart.o(i.HAL_UART_Init)
    i.HAL_UART_MspInit                       0x08003004   Section        0  stm32l0xx_hal_msp.o(i.HAL_UART_MspInit)
    i.HAL_UART_Transmit                      0x08003060   Section        0  stm32l0xx_hal_uart.o(i.HAL_UART_Transmit)
    i.HardFault_Handler                      0x0800312e   Section        0  stm32l0xx_it.o(i.HardFault_Handler)
    i.Instruction_Process                    0x08003130   Section        0  data_tran.o(i.Instruction_Process)
    i.MX_ADC_Init                            0x080032f0   Section        0  adc.o(i.MX_ADC_Init)
    i.MX_GPIO_Deinit                         0x08003368   Section        0  gpio.o(i.MX_GPIO_Deinit)
    i.MX_GPIO_Init                           0x08003424   Section        0  gpio.o(i.MX_GPIO_Init)
    i.MX_IWDG_Init                           0x080034c0   Section        0  main.o(i.MX_IWDG_Init)
    i.MX_LPUART1_UART_Init                   0x080034e4   Section        0  uart.o(i.MX_LPUART1_UART_Init)
    i.MX_RTC_Init                            0x0800351c   Section        0  rtc.o(i.MX_RTC_Init)
    i.MX_SPI1_Init                           0x08003574   Section        0  spi.o(i.MX_SPI1_Init)
    i.NMI_Handler                            0x080035b4   Section        0  stm32l0xx_it.o(i.NMI_Handler)
    i.NVIC_SetPriority                       0x080035b8   Section        0  stm32l0xx_hal_cortex.o(i.NVIC_SetPriority)
    NVIC_SetPriority                         0x080035b9   Thumb Code    60  stm32l0xx_hal_cortex.o(i.NVIC_SetPriority)
    i.PendSV_Handler                         0x080035fc   Section        0  stm32l0xx_it.o(i.PendSV_Handler)
    i.RTC_Bcd2ToByte                         0x080035fe   Section        0  stm32l0xx_hal_rtc.o(i.RTC_Bcd2ToByte)
    i.RTC_ByteToBcd2                         0x0800360e   Section        0  stm32l0xx_hal_rtc.o(i.RTC_ByteToBcd2)
    i.RTC_CalendarShow                       0x08003628   Section        0  rtc.o(i.RTC_CalendarShow)
    i.RTC_DateTime_To_Timestamp              0x080036c4   Section        0  rtc.o(i.RTC_DateTime_To_Timestamp)
    i.RTC_EnterInitMode                      0x08003720   Section        0  stm32l0xx_hal_rtc.o(i.RTC_EnterInitMode)
    i.RTC_Get_Week                           0x08003758   Section        0  rtc.o(i.RTC_Get_Week)
    i.RTC_IRQHandler                         0x080037c4   Section        0  stm32l0xx_it.o(i.RTC_IRQHandler)
    i.RTC_SetDataTime                        0x080037d8   Section        0  rtc.o(i.RTC_SetDataTime)
    i.RTC_Timestamp_To_DateTime              0x080038fc   Section        0  rtc.o(i.RTC_Timestamp_To_DateTime)
    i.SI446x_Change_Status                   0x08003984   Section        0  si4463.o(i.SI446x_Change_Status)
    i.SI446x_Config_Gpio                     0x0800399c   Section        0  si4463.o(i.SI446x_Config_Gpio)
    i.SI446x_Config_Init                     0x080039d4   Section        0  si4463.o(i.SI446x_Config_Init)
    i.SI446x_Get_Device_Status               0x08003a90   Section        0  si4463.o(i.SI446x_Get_Device_Status)
    i.SI446x_Init                            0x08003ab4   Section        0  si4463.o(i.SI446x_Init)
    i.SI446x_Interrupt_Status                0x08003af0   Section        0  si4463.o(i.SI446x_Interrupt_Status)
    i.SI446x_Power_Up                        0x08003b16   Section        0  si4463.o(i.SI446x_Power_Up)
    i.SI446x_Read_Packet                     0x08003b42   Section        0  si4463.o(i.SI446x_Read_Packet)
    i.SI446x_Read_Response                   0x08003b84   Section        0  si4463.o(i.SI446x_Read_Response)
    i.SI446x_Reset                           0x08003bbc   Section        0  si4463.o(i.SI446x_Reset)
    i.SI446x_Reset_RxFifo                    0x08003be8   Section        0  si4463.o(i.SI446x_Reset_RxFifo)
    i.SI446x_Reset_TxFifo                    0x08003bfe   Section        0  si4463.o(i.SI446x_Reset_TxFifo)
    i.SI446x_Send_Packet                     0x08003c14   Section        0  si4463.o(i.SI446x_Send_Packet)
    i.SI446x_Set_Power                       0x08003c98   Section        0  si4463.o(i.SI446x_Set_Power)
    i.SI446x_Set_Property_1                  0x08003ca8   Section        0  si4463.o(i.SI446x_Set_Property_1)
    i.SI446x_Start_Rx                        0x08003ccc   Section        0  si4463.o(i.SI446x_Start_Rx)
    i.SI446x_TX_RX_Data                      0x08003d08   Section        0  data_tran.o(i.SI446x_TX_RX_Data)
    i.SI446x_Wait_Cts                        0x08003d80   Section        0  si4463.o(i.SI446x_Wait_Cts)
    i.SI446x_Write_Cmds                      0x08003dbc   Section        0  si4463.o(i.SI446x_Write_Cmds)
    i.SPI_EndRxTransaction                   0x08003dec   Section        0  stm32l0xx_hal_spi.o(i.SPI_EndRxTransaction)
    SPI_EndRxTransaction                     0x08003ded   Thumb Code    92  stm32l0xx_hal_spi.o(i.SPI_EndRxTransaction)
    i.SPI_EndRxTxTransaction                 0x08003e48   Section        0  stm32l0xx_hal_spi.o(i.SPI_EndRxTxTransaction)
    SPI_EndRxTxTransaction                   0x08003e49   Thumb Code    66  stm32l0xx_hal_spi.o(i.SPI_EndRxTxTransaction)
    i.SPI_SELECT                             0x08003e8c   Section        0  spi.o(i.SPI_SELECT)
    i.SPI_WaitFlagStateUntilTimeout          0x08003ec4   Section        0  stm32l0xx_hal_spi.o(i.SPI_WaitFlagStateUntilTimeout)
    SPI_WaitFlagStateUntilTimeout            0x08003ec5   Thumb Code   140  stm32l0xx_hal_spi.o(i.SPI_WaitFlagStateUntilTimeout)
    i.SVC_Handler                            0x08003f50   Section        0  stm32l0xx_it.o(i.SVC_Handler)
    i.Set_Alarm                              0x08003f54   Section        0  rtc.o(i.Set_Alarm)
    i.SysTick_Handler                        0x08003f74   Section        0  stm32l0xx_it.o(i.SysTick_Handler)
    i.SystemClock_Config_MSI_2MHz            0x08003fac   Section        0  clock_config.o(i.SystemClock_Config_MSI_2MHz)
    i.SystemInit                             0x08004050   Section        0  system_stm32l0xx.o(i.SystemInit)
    i.UART_AdvFeatureConfig                  0x080040a4   Section        0  stm32l0xx_hal_uart.o(i.UART_AdvFeatureConfig)
    i.UART_CheckIdleState                    0x08004170   Section        0  stm32l0xx_hal_uart.o(i.UART_CheckIdleState)
    i.UART_SetConfig                         0x080041d0   Section        0  stm32l0xx_hal_uart.o(i.UART_SetConfig)
    i.UART_WaitOnFlagUntilTimeout            0x080043d4   Section        0  stm32l0xx_hal_uart.o(i.UART_WaitOnFlagUntilTimeout)
    i.__0printf                              0x08004438   Section        0  printfa.o(i.__0printf)
    i.__ARM_clz                              0x08004458   Section        0  depilogue.o(i.__ARM_clz)
    i.__ARM_common_switch8                   0x08004486   Section        0  at45db.o(i.__ARM_common_switch8)
    i.__ARM_fpclassify                       0x080044a0   Section        0  fpclassify.o(i.__ARM_fpclassify)
    i.__kernel_poly                          0x080044cc   Section        0  poly.o(i.__kernel_poly)
    i.__mathlib_dbl_divzero                  0x08004578   Section        0  dunder.o(i.__mathlib_dbl_divzero)
    i.__mathlib_dbl_infnan2                  0x0800458c   Section        0  dunder.o(i.__mathlib_dbl_infnan2)
    i.__mathlib_dbl_invalid                  0x08004594   Section        0  dunder.o(i.__mathlib_dbl_invalid)
    i.__mathlib_dbl_overflow                 0x080045a4   Section        0  dunder.o(i.__mathlib_dbl_overflow)
    i.__mathlib_dbl_underflow                0x080045b8   Section        0  dunder.o(i.__mathlib_dbl_underflow)
    i.__scatterload_copy                     0x080045cc   Section       14  handlers.o(i.__scatterload_copy)
    i.__scatterload_null                     0x080045da   Section        2  handlers.o(i.__scatterload_null)
    i.__scatterload_zeroinit                 0x080045dc   Section       14  handlers.o(i.__scatterload_zeroinit)
    i.__set_errno                            0x080045ec   Section        0  errno.o(i.__set_errno)
    i._fp_digits                             0x080045f8   Section        0  printfa.o(i._fp_digits)
    _fp_digits                               0x080045f9   Thumb Code   344  printfa.o(i._fp_digits)
    i._printf_core                           0x0800476c   Section        0  printfa.o(i._printf_core)
    _printf_core                             0x0800476d   Thumb Code  1754  printfa.o(i._printf_core)
    i._printf_post_padding                   0x08004e58   Section        0  printfa.o(i._printf_post_padding)
    _printf_post_padding                     0x08004e59   Thumb Code    32  printfa.o(i._printf_post_padding)
    i._printf_pre_padding                    0x08004e78   Section        0  printfa.o(i._printf_pre_padding)
    _printf_pre_padding                      0x08004e79   Thumb Code    44  printfa.o(i._printf_pre_padding)
    i.clear_wl_rx_buff                       0x08004ea4   Section        0  data_tran.o(i.clear_wl_rx_buff)
    i.dev_Extract_Ack                        0x08004ec0   Section        0  data_tran.o(i.dev_Extract_Ack)
    i.dev_Send_EOT                           0x08004fc4   Section        0  data_tran.o(i.dev_Send_EOT)
    i.dev_Set_SampleInterval                 0x0800502c   Section        0  data_tran.o(i.dev_Set_SampleInterval)
    i.dev_TimeService                        0x0800510c   Section        0  data_tran.o(i.dev_TimeService)
    i.dev_data_request                       0x08005270   Section        0  data_tran.o(i.dev_data_request)
    i.dev_data_sample_and_storage            0x0800582c   Section        0  storage.o(i.dev_data_sample_and_storage)
    i.dev_inquire_info                       0x08005958   Section        0  data_tran.o(i.dev_inquire_info)
    i.drv_spi_read_write_byte                0x08005ac0   Section        0  si4463.o(i.drv_spi_read_write_byte)
    i.enter_stopmode                         0x08005ae8   Section        0  lowpower.o(i.enter_stopmode)
    i.fputc                                  0x08005b88   Section        0  uart.o(i.fputc)
    i.get_adc                                0x08005ba4   Section        0  adc.o(i.get_adc)
    i.get_temp_t                             0x08005cb4   Section        0  adc.o(i.get_temp_t)
    i.get_vdd_v                              0x08005d84   Section        0  adc.o(i.get_vdd_v)
    i.main                                   0x08005df8   Section        0  main.o(i.main)
    i.pow                                    0x08005fd0   Section        0  pow.o(i.pow)
    i.sqrt                                   0x080069cc   Section        0  sqrt.o(i.sqrt)
    .constdata                               0x08006a14   Section      363  si4463.o(.constdata)
    config_table                             0x08006a14   Data         363  si4463.o(.constdata)
    .constdata                               0x08006b7f   Section       25  system_stm32l0xx.o(.constdata)
    .constdata                               0x08006b98   Section        8  system_stm32l0xx.o(.constdata)
    .constdata                               0x08006ba0   Section      136  pow.o(.constdata)
    bp                                       0x08006ba0   Data          16  pow.o(.constdata)
    dp_h                                     0x08006bb0   Data          16  pow.o(.constdata)
    dp_l                                     0x08006bc0   Data          16  pow.o(.constdata)
    L                                        0x08006bd0   Data          48  pow.o(.constdata)
    P                                        0x08006c00   Data          40  pow.o(.constdata)
    .constdata                               0x08006c28   Section       12  mktime.o(.constdata)
    monlen                                   0x08006c28   Data          12  mktime.o(.constdata)
    .constdata                               0x08006c38   Section        8  qnan.o(.constdata)
    .constdata                               0x08006c40   Section       12  localtime_i.o(.constdata)
    monlen                                   0x08006c40   Data          12  localtime_i.o(.constdata)
    .conststring                             0x08006c4c   Section       74  storage.o(.conststring)
    .conststring                             0x08006c98   Section       94  data_tran.o(.conststring)
    .data                                    0x20000000   Section        1  main.o(.data)
    .data                                    0x20000004   Section       16  main.o(.data)
    .data                                    0x20000014   Section        4  stm32l0xx_it.o(.data)
    .data                                    0x20000018   Section        8  storage.o(.data)
    .data                                    0x20000020   Section        2  data_tran.o(.data)
    .data                                    0x20000024   Section       12  adc.o(.data)
    .data                                    0x20000030   Section        8  at45db.o(.data)
    .data                                    0x20000038   Section        4  system_stm32l0xx.o(.data)
    .data                                    0x2000003c   Section        4  stm32l0xx_hal.o(.data)
    .data                                    0x20000040   Section        4  stdout.o(.data)
    .data                                    0x20000044   Section        4  errno.o(.data)
    _errno                                   0x20000044   Data           4  errno.o(.data)
    .bss                                     0x20000048   Section       16  main.o(.bss)
    .bss                                     0x20000058   Section       24  storage.o(.bss)
    .bss                                     0x20000070   Section       73  data_tran.o(.bss)
    .bss                                     0x200000bc   Section       92  adc.o(.bss)
    .bss                                     0x20000118   Section       36  rtc.o(.bss)
    .bss                                     0x2000013c   Section       88  spi.o(.bss)
    .bss                                     0x20000194   Section      128  uart.o(.bss)
    .bss                                     0x20000214   Section       24  stm32l0xx_hal_flash.o(.bss)
    .bss                                     0x2000022c   Section       44  localtime_w.o(.bss)
    _tms                                     0x2000022c   Data          44  localtime_w.o(.bss)
    STACK                                    0x20000258   Section     1024  startup_stm32l031xx.o(STACK)

    Global Symbols

    Symbol Name                              Value     Ov Type        Size  Object(Section)

    BuildAttributes$$THM_ISAv3M$S$PE$A:L22$X:L11$S22$IEEE1$IW$USESV6$~STKCKD$USESV7$~SHL$OTIME$ROPI$IEEEX$EBA8$MICROLIB$REQ8$PRES8$EABIv2 0x00000000   Number         0  anon$$obj.o ABSOLUTE
    __ARM_use_no_argv                        0x00000000   Number         0  main.o ABSOLUTE
    _printf_a                                0x00000000   Number         0  stubs.o ABSOLUTE
    _printf_c                                0x00000000   Number         0  stubs.o ABSOLUTE
    _printf_charcount                        0x00000000   Number         0  stubs.o ABSOLUTE
    _printf_d                                0x00000000   Number         0  stubs.o ABSOLUTE
    _printf_e                                0x00000000   Number         0  stubs.o ABSOLUTE
    _printf_f                                0x00000000   Number         0  stubs.o ABSOLUTE
    _printf_flags                            0x00000000   Number         0  stubs.o ABSOLUTE
    _printf_fp_dec                           0x00000000   Number         0  stubs.o ABSOLUTE
    _printf_fp_hex                           0x00000000   Number         0  stubs.o ABSOLUTE
    _printf_g                                0x00000000   Number         0  stubs.o ABSOLUTE
    _printf_i                                0x00000000   Number         0  stubs.o ABSOLUTE
    _printf_int_dec                          0x00000000   Number         0  stubs.o ABSOLUTE
    _printf_l                                0x00000000   Number         0  stubs.o ABSOLUTE
    _printf_lc                               0x00000000   Number         0  stubs.o ABSOLUTE
    _printf_ll                               0x00000000   Number         0  stubs.o ABSOLUTE
    _printf_lld                              0x00000000   Number         0  stubs.o ABSOLUTE
    _printf_lli                              0x00000000   Number         0  stubs.o ABSOLUTE
    _printf_llo                              0x00000000   Number         0  stubs.o ABSOLUTE
    _printf_llu                              0x00000000   Number         0  stubs.o ABSOLUTE
    _printf_llx                              0x00000000   Number         0  stubs.o ABSOLUTE
    _printf_longlong_dec                     0x00000000   Number         0  stubs.o ABSOLUTE
    _printf_longlong_hex                     0x00000000   Number         0  stubs.o ABSOLUTE
    _printf_longlong_oct                     0x00000000   Number         0  stubs.o ABSOLUTE
    _printf_ls                               0x00000000   Number         0  stubs.o ABSOLUTE
    _printf_mbtowc                           0x00000000   Number         0  stubs.o ABSOLUTE
    _printf_n                                0x00000000   Number         0  stubs.o ABSOLUTE
    _printf_o                                0x00000000   Number         0  stubs.o ABSOLUTE
    _printf_p                                0x00000000   Number         0  stubs.o ABSOLUTE
    _printf_percent                          0x00000000   Number         0  stubs.o ABSOLUTE
    _printf_pre_padding                      0x00000000   Number         0  stubs.o ABSOLUTE
    _printf_return_value                     0x00000000   Number         0  stubs.o ABSOLUTE
    _printf_s                                0x00000000   Number         0  stubs.o ABSOLUTE
    _printf_sizespec                         0x00000000   Number         0  stubs.o ABSOLUTE
    _printf_str                              0x00000000   Number         0  stubs.o ABSOLUTE
    _printf_truncate_signed                  0x00000000   Number         0  stubs.o ABSOLUTE
    _printf_truncate_unsigned                0x00000000   Number         0  stubs.o ABSOLUTE
    _printf_u                                0x00000000   Number         0  stubs.o ABSOLUTE
    _printf_wc                               0x00000000   Number         0  stubs.o ABSOLUTE
    _printf_wctomb                           0x00000000   Number         0  stubs.o ABSOLUTE
    _printf_widthprec                        0x00000000   Number         0  stubs.o ABSOLUTE
    _printf_x                                0x00000000   Number         0  stubs.o ABSOLUTE
    __cpp_initialize__aeabi_                  - Undefined Weak Reference
    __cxa_finalize                            - Undefined Weak Reference
    __decompress                              - Undefined Weak Reference
    _clock_init                               - Undefined Weak Reference
    _microlib_exit                            - Undefined Weak Reference
    __Vectors_Size                           0x000000c0   Number         0  startup_stm32l031xx.o ABSOLUTE
    __Vectors                                0x08000000   Data           4  startup_stm32l031xx.o(RESET)
    __Vectors_End                            0x080000c0   Data           0  startup_stm32l031xx.o(RESET)
    __main                                   0x080000c1   Thumb Code     0  entry.o(.ARM.Collect$$$$00000000)
    _main_stk                                0x080000c1   Thumb Code     0  entry2.o(.ARM.Collect$$$$00000001)
    _main_scatterload                        0x080000c5   Thumb Code     0  entry5.o(.ARM.Collect$$$$00000004)
    __main_after_scatterload                 0x080000c9   Thumb Code     0  entry5.o(.ARM.Collect$$$$00000004)
    _main_clock                              0x080000c9   Thumb Code     0  entry7b.o(.ARM.Collect$$$$00000008)
    _main_cpp_init                           0x080000c9   Thumb Code     0  entry8b.o(.ARM.Collect$$$$0000000A)
    _main_init                               0x080000c9   Thumb Code     0  entry9a.o(.ARM.Collect$$$$0000000B)
    __rt_final_cpp                           0x080000d1   Thumb Code     0  entry10a.o(.ARM.Collect$$$$0000000D)
    __rt_final_exit                          0x080000d1   Thumb Code     0  entry11a.o(.ARM.Collect$$$$0000000F)
    Reset_Handler                            0x080000d5   Thumb Code     8  startup_stm32l031xx.o(.text)
    ADC1_COMP_IRQHandler                     0x080000e7   Thumb Code     0  startup_stm32l031xx.o(.text)
    DMA1_Channel1_IRQHandler                 0x080000e7   Thumb Code     0  startup_stm32l031xx.o(.text)
    DMA1_Channel2_3_IRQHandler               0x080000e7   Thumb Code     0  startup_stm32l031xx.o(.text)
    DMA1_Channel4_5_6_7_IRQHandler           0x080000e7   Thumb Code     0  startup_stm32l031xx.o(.text)
    EXTI0_1_IRQHandler                       0x080000e7   Thumb Code     0  startup_stm32l031xx.o(.text)
    EXTI2_3_IRQHandler                       0x080000e7   Thumb Code     0  startup_stm32l031xx.o(.text)
    EXTI4_15_IRQHandler                      0x080000e7   Thumb Code     0  startup_stm32l031xx.o(.text)
    FLASH_IRQHandler                         0x080000e7   Thumb Code     0  startup_stm32l031xx.o(.text)
    I2C1_IRQHandler                          0x080000e7   Thumb Code     0  startup_stm32l031xx.o(.text)
    LPTIM1_IRQHandler                        0x080000e7   Thumb Code     0  startup_stm32l031xx.o(.text)
    LPUART1_IRQHandler                       0x080000e7   Thumb Code     0  startup_stm32l031xx.o(.text)
    PVD_IRQHandler                           0x080000e7   Thumb Code     0  startup_stm32l031xx.o(.text)
    RCC_IRQHandler                           0x080000e7   Thumb Code     0  startup_stm32l031xx.o(.text)
    SPI1_IRQHandler                          0x080000e7   Thumb Code     0  startup_stm32l031xx.o(.text)
    TIM21_IRQHandler                         0x080000e7   Thumb Code     0  startup_stm32l031xx.o(.text)
    TIM22_IRQHandler                         0x080000e7   Thumb Code     0  startup_stm32l031xx.o(.text)
    TIM2_IRQHandler                          0x080000e7   Thumb Code     0  startup_stm32l031xx.o(.text)
    USART2_IRQHandler                        0x080000e7   Thumb Code     0  startup_stm32l031xx.o(.text)
    WWDG_IRQHandler                          0x080000e7   Thumb Code     0  startup_stm32l031xx.o(.text)
    __aeabi_uidiv                            0x080000f1   Thumb Code     0  uidiv.o(.text)
    __aeabi_uidivmod                         0x080000f1   Thumb Code    44  uidiv.o(.text)
    __aeabi_idiv                             0x0800011d   Thumb Code     0  idiv.o(.text)
    __aeabi_idivmod                          0x0800011d   Thumb Code    40  idiv.o(.text)
    __aeabi_uldivmod                         0x08000145   Thumb Code    96  uldiv.o(.text)
    mktime                                   0x080001a5   Thumb Code   124  mktime.o(.text)
    __aeabi_memcpy                           0x08000231   Thumb Code    36  memcpya.o(.text)
    __aeabi_memcpy4                          0x08000231   Thumb Code     0  memcpya.o(.text)
    __aeabi_memcpy8                          0x08000231   Thumb Code     0  memcpya.o(.text)
    __aeabi_memset                           0x08000255   Thumb Code    14  memseta.o(.text)
    __aeabi_memset4                          0x08000255   Thumb Code     0  memseta.o(.text)
    __aeabi_memset8                          0x08000255   Thumb Code     0  memseta.o(.text)
    __aeabi_memclr                           0x08000263   Thumb Code     4  memseta.o(.text)
    __aeabi_memclr4                          0x08000263   Thumb Code     0  memseta.o(.text)
    __aeabi_memclr8                          0x08000263   Thumb Code     0  memseta.o(.text)
    _memset$wrapper                          0x08000267   Thumb Code    18  memseta.o(.text)
    __aeabi_uread4                           0x08000279   Thumb Code    20  uread4.o(.text)
    __rt_uread4                              0x08000279   Thumb Code     0  uread4.o(.text)
    _uread4                                  0x08000279   Thumb Code     0  uread4.o(.text)
    __aeabi_uwrite4                          0x0800028d   Thumb Code    18  uwrite4.o(.text)
    __rt_uwrite4                             0x0800028d   Thumb Code     0  uwrite4.o(.text)
    _uwrite4                                 0x0800028d   Thumb Code     0  uwrite4.o(.text)
    __aeabi_fmul                             0x0800029f   Thumb Code   122  fmul.o(.text)
    __aeabi_fdiv                             0x08000319   Thumb Code   124  fdiv.o(.text)
    __aeabi_dadd                             0x08000395   Thumb Code   328  dadd.o(.text)
    __aeabi_dsub                             0x080004dd   Thumb Code    12  dadd.o(.text)
    __aeabi_drsub                            0x080004e9   Thumb Code    12  dadd.o(.text)
    __aeabi_dmul                             0x080004f9   Thumb Code   202  dmul.o(.text)
    __aeabi_ddiv                             0x080005c9   Thumb Code   234  ddiv.o(.text)
    __aeabi_ui2d                             0x080006b9   Thumb Code    24  dfltui.o(.text)
    __aeabi_f2iz                             0x080006d5   Thumb Code    50  ffixi.o(.text)
    __aeabi_d2iz                             0x08000709   Thumb Code    62  dfixi.o(.text)
    __aeabi_f2d                              0x08000751   Thumb Code    40  f2d.o(.text)
    __aeabi_d2f                              0x08000779   Thumb Code    56  d2f.o(.text)
    __aeabi_llsl                             0x080007b1   Thumb Code    32  llshl.o(.text)
    _ll_shift_l                              0x080007b1   Thumb Code     0  llshl.o(.text)
    __aeabi_llsr                             0x080007d1   Thumb Code    34  llushr.o(.text)
    _ll_ushift_r                             0x080007d1   Thumb Code     0  llushr.o(.text)
    __aeabi_lasr                             0x080007f3   Thumb Code    38  llsshr.o(.text)
    _ll_sshift_r                             0x080007f3   Thumb Code     0  llsshr.o(.text)
    localtime                                0x08000819   Thumb Code    10  localtime_w.o(.text)
    _localtime                               0x08000829   Thumb Code   104  localtime_i.o(.text)
    __I$use$fp                               0x0800089d   Thumb Code     0  iusefp.o(.text)
    _float_round                             0x0800089d   Thumb Code    16  fepilogue.o(.text)
    _float_epilogue                          0x080008ad   Thumb Code   114  fepilogue.o(.text)
    _double_round                            0x0800091f   Thumb Code    26  depilogue.o(.text)
    _double_epilogue                         0x08000939   Thumb Code   164  depilogue.o(.text)
    __ARM_scalbn                             0x080009dd   Thumb Code    44  dscalb.o(.text)
    scalbn                                   0x080009dd   Thumb Code     0  dscalb.o(.text)
    __aeabi_i2d                              0x08000a09   Thumb Code    34  dflti.o(.text)
    __aeabi_d2ulz                            0x08000a31   Thumb Code    54  dfixul.o(.text)
    __aeabi_cdrcmple                         0x08000a71   Thumb Code    38  cdrcmple.o(.text)
    __scatterload                            0x08000a99   Thumb Code    28  init.o(.text)
    __scatterload_rt2                        0x08000a99   Thumb Code     0  init.o(.text)
    _dsqrt                                   0x08000abd   Thumb Code   162  dsqrt.o(.text)
    AT45dbxx_Init                            0x08000c99   Thumb Code   278  at45db.o(i.AT45dbxx_Init)
    AT45dbxx_ReadPage                        0x08000dd9   Thumb Code    90  at45db.o(i.AT45dbxx_ReadPage)
    AT45dbxx_ReadStatus                      0x08000e3d   Thumb Code    36  at45db.o(i.AT45dbxx_ReadStatus)
    AT45dbxx_Resume                          0x08000e61   Thumb Code    26  at45db.o(i.AT45dbxx_Resume)
    AT45dbxx_Spi                             0x08000e7d   Thumb Code    32  at45db.o(i.AT45dbxx_Spi)
    AT45dbxx_WaitBusy                        0x08000ea1   Thumb Code    46  at45db.o(i.AT45dbxx_WaitBusy)
    AT45dbxx_WritePage                       0x08000ed1   Thumb Code    80  at45db.o(i.AT45dbxx_WritePage)
    Check_cumulative_sum                     0x08000f29   Thumb Code    28  check.o(i.Check_cumulative_sum)
    Dev_ReInit                               0x08000f45   Thumb Code    46  main.o(i.Dev_ReInit)
    Dev_parameter_init                       0x08000f79   Thumb Code   232  main.o(i.Dev_parameter_init)
    EERead                                   0x080010f9   Thumb Code    26  ieeprom.o(i.EERead)
    EEWrite                                  0x08001119   Thumb Code    46  ieeprom.o(i.EEWrite)
    Error_Handler                            0x0800114d   Thumb Code     2  main.o(i.Error_Handler)
    FLASH_WaitForLastOperation               0x080011e1   Thumb Code   106  stm32l0xx_hal_flash.o(i.FLASH_WaitForLastOperation)
    HAL_ADCEx_Calibration_Start              0x08001251   Thumb Code   170  stm32l0xx_hal_adc_ex.o(i.HAL_ADCEx_Calibration_Start)
    HAL_ADCEx_DisableVREFINT                 0x080012fd   Thumb Code    12  stm32l0xx_hal_adc_ex.o(i.HAL_ADCEx_DisableVREFINT)
    HAL_ADCEx_EnableVREFINT                  0x0800130d   Thumb Code    44  stm32l0xx_hal_adc_ex.o(i.HAL_ADCEx_EnableVREFINT)
    HAL_ADC_ConfigChannel                    0x0800133d   Thumb Code   140  stm32l0xx_hal_adc.o(i.HAL_ADC_ConfigChannel)
    HAL_ADC_GetState                         0x080013d1   Thumb Code     4  stm32l0xx_hal_adc.o(i.HAL_ADC_GetState)
    HAL_ADC_GetValue                         0x080013d5   Thumb Code     6  stm32l0xx_hal_adc.o(i.HAL_ADC_GetValue)
    HAL_ADC_Init                             0x080013dd   Thumb Code   446  stm32l0xx_hal_adc.o(i.HAL_ADC_Init)
    HAL_ADC_MspDeInit                        0x080015a5   Thumb Code    44  stm32l0xx_hal_msp.o(i.HAL_ADC_MspDeInit)
    HAL_ADC_MspInit                          0x080015d9   Thumb Code    72  stm32l0xx_hal_msp.o(i.HAL_ADC_MspInit)
    HAL_ADC_PollForConversion                0x08001629   Thumb Code   192  stm32l0xx_hal_adc.o(i.HAL_ADC_PollForConversion)
    HAL_ADC_Start                            0x080016e9   Thumb Code    86  stm32l0xx_hal_adc.o(i.HAL_ADC_Start)
    HAL_ADC_Stop                             0x08001745   Thumb Code    62  stm32l0xx_hal_adc.o(i.HAL_ADC_Stop)
    HAL_Delay                                0x08001783   Thumb Code    28  stm32l0xx_hal.o(i.HAL_Delay)
    HAL_FLASHEx_DATAEEPROM_Lock              0x080017a1   Thumb Code    14  stm32l0xx_hal_flash_ex.o(i.HAL_FLASHEx_DATAEEPROM_Lock)
    HAL_FLASHEx_DATAEEPROM_Program           0x080017b5   Thumb Code    76  stm32l0xx_hal_flash_ex.o(i.HAL_FLASHEx_DATAEEPROM_Program)
    HAL_FLASHEx_DATAEEPROM_Unlock            0x08001809   Thumb Code    40  stm32l0xx_hal_flash_ex.o(i.HAL_FLASHEx_DATAEEPROM_Unlock)
    HAL_GPIO_DeInit                          0x0800183d   Thumb Code   192  stm32l0xx_hal_gpio.o(i.HAL_GPIO_DeInit)
    HAL_GPIO_Init                            0x08001911   Thumb Code   336  stm32l0xx_hal_gpio.o(i.HAL_GPIO_Init)
    HAL_GPIO_TogglePin                       0x08001a79   Thumb Code     8  stm32l0xx_hal_gpio.o(i.HAL_GPIO_TogglePin)
    HAL_GPIO_WritePin                        0x08001a81   Thumb Code    12  stm32l0xx_hal_gpio.o(i.HAL_GPIO_WritePin)
    HAL_GetTick                              0x08001a8d   Thumb Code     6  stm32l0xx_hal.o(i.HAL_GetTick)
    HAL_Get_CPU_RCC_Clock                    0x08001a99   Thumb Code    58  main.o(i.HAL_Get_CPU_RCC_Clock)
    HAL_IWDG_Init                            0x08001b3d   Thumb Code    86  stm32l0xx_hal_iwdg.o(i.HAL_IWDG_Init)
    HAL_IWDG_Refresh                         0x08001ba1   Thumb Code    10  stm32l0xx_hal_iwdg.o(i.HAL_IWDG_Refresh)
    HAL_IncTick                              0x08001bb1   Thumb Code    10  stm32l0xx_hal.o(i.HAL_IncTick)
    HAL_Init                                 0x08001bc1   Thumb Code    36  stm32l0xx_hal.o(i.HAL_Init)
    HAL_InitTick                             0x08001be9   Thumb Code    44  stm32l0xx_hal.o(i.HAL_InitTick)
    HAL_MspInit                              0x08001c19   Thumb Code    20  stm32l0xx_hal_msp.o(i.HAL_MspInit)
    HAL_NVIC_EnableIRQ                       0x08001c31   Thumb Code    14  stm32l0xx_hal_cortex.o(i.HAL_NVIC_EnableIRQ)
    HAL_NVIC_SetPriority                     0x08001c45   Thumb Code     8  stm32l0xx_hal_cortex.o(i.HAL_NVIC_SetPriority)
    HAL_PWREx_EnableFastWakeUp               0x08001c4d   Thumb Code    12  stm32l0xx_hal_pwr_ex.o(i.HAL_PWREx_EnableFastWakeUp)
    HAL_PWREx_EnableUltraLowPower            0x08001c5d   Thumb Code    12  stm32l0xx_hal_pwr_ex.o(i.HAL_PWREx_EnableUltraLowPower)
    HAL_PWR_EnableBkUpAccess                 0x08001c6d   Thumb Code    12  stm32l0xx_hal_pwr.o(i.HAL_PWR_EnableBkUpAccess)
    HAL_PWR_EnterSTOPMode                    0x08001c7d   Thumb Code    44  stm32l0xx_hal_pwr.o(i.HAL_PWR_EnterSTOPMode)
    HAL_RCCEx_PeriphCLKConfig                0x08001cb1   Thumb Code   324  stm32l0xx_hal_rcc_ex.o(i.HAL_RCCEx_PeriphCLKConfig)
    HAL_RCC_ClockConfig                      0x08001e01   Thumb Code   344  stm32l0xx_hal_rcc.o(i.HAL_RCC_ClockConfig)
    HAL_RCC_GetHCLKFreq                      0x08001f6d   Thumb Code     6  stm32l0xx_hal_rcc.o(i.HAL_RCC_GetHCLKFreq)
    HAL_RCC_GetPCLK1Freq                     0x08001f79   Thumb Code    20  stm32l0xx_hal_rcc.o(i.HAL_RCC_GetPCLK1Freq)
    HAL_RCC_GetPCLK2Freq                     0x08001f99   Thumb Code    20  stm32l0xx_hal_rcc.o(i.HAL_RCC_GetPCLK2Freq)
    HAL_RCC_GetSysClockFreq                  0x08001fb9   Thumb Code   100  stm32l0xx_hal_rcc.o(i.HAL_RCC_GetSysClockFreq)
    HAL_RCC_OscConfig                        0x08002031   Thumb Code  1068  stm32l0xx_hal_rcc.o(i.HAL_RCC_OscConfig)
    HAL_RTCEx_AlarmBEventCallback            0x0800245d   Thumb Code     2  stm32l0xx_hal_rtc_ex.o(i.HAL_RTCEx_AlarmBEventCallback)
    HAL_RTCEx_BKUPRead                       0x0800245f   Thumb Code    12  stm32l0xx_hal_rtc_ex.o(i.HAL_RTCEx_BKUPRead)
    HAL_RTCEx_BKUPWrite                      0x0800246b   Thumb Code    12  stm32l0xx_hal_rtc_ex.o(i.HAL_RTCEx_BKUPWrite)
    HAL_RTCEx_SetWakeUpTimer_IT              0x08002479   Thumb Code   238  stm32l0xx_hal_rtc_ex.o(i.HAL_RTCEx_SetWakeUpTimer_IT)
    HAL_RTCEx_WakeUpTimerEventCallback       0x08002571   Thumb Code     8  rtc.o(i.HAL_RTCEx_WakeUpTimerEventCallback)
    HAL_RTCEx_WakeUpTimerIRQHandler          0x0800257d   Thumb Code    48  stm32l0xx_hal_rtc_ex.o(i.HAL_RTCEx_WakeUpTimerIRQHandler)
    HAL_RTC_AlarmAEventCallback              0x080025b5   Thumb Code     8  rtc.o(i.HAL_RTC_AlarmAEventCallback)
    HAL_RTC_AlarmIRQHandler                  0x080025c1   Thumb Code    88  stm32l0xx_hal_rtc.o(i.HAL_RTC_AlarmIRQHandler)
    HAL_RTC_GetDate                          0x08002621   Thumb Code    68  stm32l0xx_hal_rtc.o(i.HAL_RTC_GetDate)
    HAL_RTC_GetTime                          0x08002665   Thumb Code    88  stm32l0xx_hal_rtc.o(i.HAL_RTC_GetTime)
    HAL_RTC_Init                             0x080026c1   Thumb Code   184  stm32l0xx_hal_rtc.o(i.HAL_RTC_Init)
    HAL_RTC_MspInit                          0x0800277d   Thumb Code    40  stm32l0xx_hal_msp.o(i.HAL_RTC_MspInit)
    HAL_RTC_SetDate                          0x080027ad   Thumb Code   190  stm32l0xx_hal_rtc.o(i.HAL_RTC_SetDate)
    HAL_RTC_SetTime                          0x08002871   Thumb Code   228  stm32l0xx_hal_rtc.o(i.HAL_RTC_SetTime)
    HAL_RTC_WaitForSynchro                   0x08002959   Thumb Code    52  stm32l0xx_hal_rtc.o(i.HAL_RTC_WaitForSynchro)
    HAL_ResumeTick                           0x0800298d   Thumb Code    12  stm32l0xx_hal.o(i.HAL_ResumeTick)
    HAL_SPI_DeInit                           0x0800299d   Thumb Code    48  stm32l0xx_hal_spi.o(i.HAL_SPI_DeInit)
    HAL_SPI_Init                             0x080029cd   Thumb Code   118  stm32l0xx_hal_spi.o(i.HAL_SPI_Init)
    HAL_SPI_MspDeInit                        0x08002a45   Thumb Code    32  stm32l0xx_hal_msp.o(i.HAL_SPI_MspDeInit)
    HAL_SPI_MspInit                          0x08002a6d   Thumb Code    78  stm32l0xx_hal_msp.o(i.HAL_SPI_MspInit)
    HAL_SPI_Receive                          0x08002ac5   Thumb Code   326  stm32l0xx_hal_spi.o(i.HAL_SPI_Receive)
    HAL_SPI_Transmit                         0x08002c0b   Thumb Code   348  stm32l0xx_hal_spi.o(i.HAL_SPI_Transmit)
    HAL_SPI_TransmitReceive                  0x08002d67   Thumb Code   496  stm32l0xx_hal_spi.o(i.HAL_SPI_TransmitReceive)
    HAL_SYSTICK_Config                       0x08002f59   Thumb Code    38  stm32l0xx_hal_cortex.o(i.HAL_SYSTICK_Config)
    HAL_SuspendTick                          0x08002f89   Thumb Code    12  stm32l0xx_hal.o(i.HAL_SuspendTick)
    HAL_UART_Init                            0x08002f99   Thumb Code   106  stm32l0xx_hal_uart.o(i.HAL_UART_Init)
    HAL_UART_MspInit                         0x08003005   Thumb Code    82  stm32l0xx_hal_msp.o(i.HAL_UART_MspInit)
    HAL_UART_Transmit                        0x08003061   Thumb Code   206  stm32l0xx_hal_uart.o(i.HAL_UART_Transmit)
    HardFault_Handler                        0x0800312f   Thumb Code     2  stm32l0xx_it.o(i.HardFault_Handler)
    Instruction_Process                      0x08003131   Thumb Code   350  data_tran.o(i.Instruction_Process)
    MX_ADC_Init                              0x080032f1   Thumb Code   108  adc.o(i.MX_ADC_Init)
    MX_GPIO_Deinit                           0x08003369   Thumb Code   176  gpio.o(i.MX_GPIO_Deinit)
    MX_GPIO_Init                             0x08003425   Thumb Code   148  gpio.o(i.MX_GPIO_Init)
    MX_IWDG_Init                             0x080034c1   Thumb Code    24  main.o(i.MX_IWDG_Init)
    MX_LPUART1_UART_Init                     0x080034e5   Thumb Code    48  uart.o(i.MX_LPUART1_UART_Init)
    MX_RTC_Init                              0x0800351d   Thumb Code    72  rtc.o(i.MX_RTC_Init)
    MX_SPI1_Init                             0x08003575   Thumb Code    56  spi.o(i.MX_SPI1_Init)
    NMI_Handler                              0x080035b5   Thumb Code     2  stm32l0xx_it.o(i.NMI_Handler)
    PendSV_Handler                           0x080035fd   Thumb Code     2  stm32l0xx_it.o(i.PendSV_Handler)
    RTC_Bcd2ToByte                           0x080035ff   Thumb Code    16  stm32l0xx_hal_rtc.o(i.RTC_Bcd2ToByte)
    RTC_ByteToBcd2                           0x0800360f   Thumb Code    24  stm32l0xx_hal_rtc.o(i.RTC_ByteToBcd2)
    RTC_CalendarShow                         0x08003629   Thumb Code    90  rtc.o(i.RTC_CalendarShow)
    RTC_DateTime_To_Timestamp                0x080036c5   Thumb Code    52  rtc.o(i.RTC_DateTime_To_Timestamp)
    RTC_EnterInitMode                        0x08003721   Thumb Code    56  stm32l0xx_hal_rtc.o(i.RTC_EnterInitMode)
    RTC_Get_Week                             0x08003759   Thumb Code   108  rtc.o(i.RTC_Get_Week)
    RTC_IRQHandler                           0x080037c5   Thumb Code    16  stm32l0xx_it.o(i.RTC_IRQHandler)
    RTC_SetDataTime                          0x080037d9   Thumb Code   214  rtc.o(i.RTC_SetDataTime)
    RTC_Timestamp_To_DateTime                0x080038fd   Thumb Code    70  rtc.o(i.RTC_Timestamp_To_DateTime)
    SI446x_Change_Status                     0x08003985   Thumb Code    24  si4463.o(i.SI446x_Change_Status)
    SI446x_Config_Gpio                       0x0800399d   Thumb Code    54  si4463.o(i.SI446x_Config_Gpio)
    SI446x_Config_Init                       0x080039d5   Thumb Code   178  si4463.o(i.SI446x_Config_Init)
    SI446x_Get_Device_Status                 0x08003a91   Thumb Code    36  si4463.o(i.SI446x_Get_Device_Status)
    SI446x_Init                              0x08003ab5   Thumb Code    56  si4463.o(i.SI446x_Init)
    SI446x_Interrupt_Status                  0x08003af1   Thumb Code    38  si4463.o(i.SI446x_Interrupt_Status)
    SI446x_Power_Up                          0x08003b17   Thumb Code    44  si4463.o(i.SI446x_Power_Up)
    SI446x_Read_Packet                       0x08003b43   Thumb Code    66  si4463.o(i.SI446x_Read_Packet)
    SI446x_Read_Response                     0x08003b85   Thumb Code    56  si4463.o(i.SI446x_Read_Response)
    SI446x_Reset                             0x08003bbd   Thumb Code    40  si4463.o(i.SI446x_Reset)
    SI446x_Reset_RxFifo                      0x08003be9   Thumb Code    22  si4463.o(i.SI446x_Reset_RxFifo)
    SI446x_Reset_TxFifo                      0x08003bff   Thumb Code    22  si4463.o(i.SI446x_Reset_TxFifo)
    SI446x_Send_Packet                       0x08003c15   Thumb Code   130  si4463.o(i.SI446x_Send_Packet)
    SI446x_Set_Power                         0x08003c99   Thumb Code    12  si4463.o(i.SI446x_Set_Power)
    SI446x_Set_Property_1                    0x08003ca9   Thumb Code    36  si4463.o(i.SI446x_Set_Property_1)
    SI446x_Start_Rx                          0x08003ccd   Thumb Code    58  si4463.o(i.SI446x_Start_Rx)
    SI446x_TX_RX_Data                        0x08003d09   Thumb Code   112  data_tran.o(i.SI446x_TX_RX_Data)
    SI446x_Wait_Cts                          0x08003d81   Thumb Code    60  si4463.o(i.SI446x_Wait_Cts)
    SI446x_Write_Cmds                        0x08003dbd   Thumb Code    48  si4463.o(i.SI446x_Write_Cmds)
    SPI_SELECT                               0x08003e8d   Thumb Code    52  spi.o(i.SPI_SELECT)
    SVC_Handler                              0x08003f51   Thumb Code     2  stm32l0xx_it.o(i.SVC_Handler)
    Set_Alarm                                0x08003f55   Thumb Code    26  rtc.o(i.Set_Alarm)
    SysTick_Handler                          0x08003f75   Thumb Code    48  stm32l0xx_it.o(i.SysTick_Handler)
    SystemClock_Config_MSI_2MHz              0x08003fad   Thumb Code   154  clock_config.o(i.SystemClock_Config_MSI_2MHz)
    SystemInit                               0x08004051   Thumb Code    66  system_stm32l0xx.o(i.SystemInit)
    UART_AdvFeatureConfig                    0x080040a5   Thumb Code   202  stm32l0xx_hal_uart.o(i.UART_AdvFeatureConfig)
    UART_CheckIdleState                      0x08004171   Thumb Code    90  stm32l0xx_hal_uart.o(i.UART_CheckIdleState)
    UART_SetConfig                           0x080041d1   Thumb Code   474  stm32l0xx_hal_uart.o(i.UART_SetConfig)
    UART_WaitOnFlagUntilTimeout              0x080043d5   Thumb Code    98  stm32l0xx_hal_uart.o(i.UART_WaitOnFlagUntilTimeout)
    __0printf                                0x08004439   Thumb Code    24  printfa.o(i.__0printf)
    __1printf                                0x08004439   Thumb Code     0  printfa.o(i.__0printf)
    __2printf                                0x08004439   Thumb Code     0  printfa.o(i.__0printf)
    __c89printf                              0x08004439   Thumb Code     0  printfa.o(i.__0printf)
    printf                                   0x08004439   Thumb Code     0  printfa.o(i.__0printf)
    __ARM_clz                                0x08004459   Thumb Code    46  depilogue.o(i.__ARM_clz)
    __ARM_common_switch8                     0x08004487   Thumb Code    26  at45db.o(i.__ARM_common_switch8)
    __ARM_fpclassify                         0x080044a1   Thumb Code    40  fpclassify.o(i.__ARM_fpclassify)
    __kernel_poly                            0x080044cd   Thumb Code   172  poly.o(i.__kernel_poly)
    __mathlib_dbl_divzero                    0x08004579   Thumb Code    16  dunder.o(i.__mathlib_dbl_divzero)
    __mathlib_dbl_infnan2                    0x0800458d   Thumb Code     8  dunder.o(i.__mathlib_dbl_infnan2)
    __mathlib_dbl_invalid                    0x08004595   Thumb Code    16  dunder.o(i.__mathlib_dbl_invalid)
    __mathlib_dbl_overflow                   0x080045a5   Thumb Code    16  dunder.o(i.__mathlib_dbl_overflow)
    __mathlib_dbl_underflow                  0x080045b9   Thumb Code    14  dunder.o(i.__mathlib_dbl_underflow)
    __scatterload_copy                       0x080045cd   Thumb Code    14  handlers.o(i.__scatterload_copy)
    __scatterload_null                       0x080045db   Thumb Code     2  handlers.o(i.__scatterload_null)
    __scatterload_zeroinit                   0x080045dd   Thumb Code    14  handlers.o(i.__scatterload_zeroinit)
    __set_errno                              0x080045ed   Thumb Code     6  errno.o(i.__set_errno)
    clear_wl_rx_buff                         0x08004ea5   Thumb Code    20  data_tran.o(i.clear_wl_rx_buff)
    dev_Extract_Ack                          0x08004ec1   Thumb Code   208  data_tran.o(i.dev_Extract_Ack)
    dev_Send_EOT                             0x08004fc5   Thumb Code   102  data_tran.o(i.dev_Send_EOT)
    dev_Set_SampleInterval                   0x0800502d   Thumb Code   208  data_tran.o(i.dev_Set_SampleInterval)
    dev_TimeService                          0x0800510d   Thumb Code   256  data_tran.o(i.dev_TimeService)
    dev_data_request                         0x08005271   Thumb Code  1450  data_tran.o(i.dev_data_request)
    dev_data_sample_and_storage              0x0800582d   Thumb Code   210  storage.o(i.dev_data_sample_and_storage)
    dev_inquire_info                         0x08005959   Thumb Code   304  data_tran.o(i.dev_inquire_info)
    drv_spi_read_write_byte                  0x08005ac1   Thumb Code    32  si4463.o(i.drv_spi_read_write_byte)
    enter_stopmode                           0x08005ae9   Thumb Code   108  lowpower.o(i.enter_stopmode)
    fputc                                    0x08005b89   Thumb Code    18  uart.o(i.fputc)
    get_adc                                  0x08005ba5   Thumb Code   212  adc.o(i.get_adc)
    get_temp_t                               0x08005cb5   Thumb Code   168  adc.o(i.get_temp_t)
    get_vdd_v                                0x08005d85   Thumb Code    96  adc.o(i.get_vdd_v)
    main                                     0x08005df9   Thumb Code   296  main.o(i.main)
    pow                                      0x08005fd1   Thumb Code  2548  pow.o(i.pow)
    sqrt                                     0x080069cd   Thumb Code    66  sqrt.o(i.sqrt)
    AHBPrescTable                            0x08006b7f   Data          16  system_stm32l0xx.o(.constdata)
    PLLMulTable                              0x08006b8f   Data           9  system_stm32l0xx.o(.constdata)
    APBPrescTable                            0x08006b98   Data           8  system_stm32l0xx.o(.constdata)
    __mathlib_zero                           0x08006c38   Data           8  qnan.o(.constdata)
    Region$$Table$$Base                      0x08006cf8   Number         0  anon$$obj.o(Region$$Table)
    Region$$Table$$Limit                     0x08006d18   Number         0  anon$$obj.o(Region$$Table)
    alarm_flag                               0x20000000   Data           1  main.o(.data)
    wakeup_flag                              0x20000004   Data           1  main.o(.data)
    worktime_buf                             0x20000008   Data           4  main.o(.data)
    samp_count                               0x2000000c   Data           4  main.o(.data)
    re_window                                0x20000010   Data           4  main.o(.data)
    sys_count                                0x20000014   Data           4  stm32l0xx_it.o(.data)
    Datastorage                              0x20000018   Data           8  storage.o(.data)
    wl_rx_Flag                               0x20000020   Data           1  data_tran.o(.data)
    wl_rx_Len                                0x20000021   Data           1  data_tran.o(.data)
    ubADC_overrun_status                     0x20000024   Data           1  adc.o(.data)
    sConfig                                  0x20000028   Data           8  adc.o(.data)
    AT45dbxx                                 0x20000030   Data           8  at45db.o(.data)
    SystemCoreClock                          0x20000038   Data           4  system_stm32l0xx.o(.data)
    uwTick                                   0x2000003c   Data           4  stm32l0xx_hal.o(.data)
    __stdout                                 0x20000040   Data           4  stdout.o(.data)
    hiwdg                                    0x20000048   Data          16  main.o(.bss)
    Deviceinfo                               0x20000058   Data          24  storage.o(.bss)
    g_SI4463ItStatus                         0x20000070   Data           9  data_tran.o(.bss)
    wl_rx_buff                               0x20000079   Data          64  data_tran.o(.bss)
    hadc                                     0x200000bc   Data          92  adc.o(.bss)
    hrtc                                     0x20000118   Data          36  rtc.o(.bss)
    hspi1                                    0x2000013c   Data          88  spi.o(.bss)
    hlpuart1                                 0x20000194   Data         128  uart.o(.bss)
    pFlash                                   0x20000214   Data          24  stm32l0xx_hal_flash.o(.bss)
    __initial_sp                             0x20000658   Data           0  startup_stm32l031xx.o(STACK)



==============================================================================

Memory Map of the image

  Image Entry point : 0x080000c1

  Load Region LR_IROM1 (Base: 0x08000000, Size: 0x00006d60, Max: 0x00008000, ABSOLUTE)

    Execution Region ER_IROM1 (Exec base: 0x08000000, Load base: 0x08000000, Size: 0x00006d18, Max: 0x00008000, ABSOLUTE)

    Exec Addr    Load Addr    Size         Type   Attr      Idx    E Section Name        Object

    0x08000000   0x08000000   0x000000c0   Data   RO         4063    RESET               startup_stm32l031xx.o
    0x080000c0   0x080000c0   0x00000000   Code   RO         4078  * .ARM.Collect$$$$00000000  mc_p.l(entry.o)
    0x080000c0   0x080000c0   0x00000004   Code   RO         4412    .ARM.Collect$$$$00000001  mc_p.l(entry2.o)
    0x080000c4   0x080000c4   0x00000004   Code   RO         4415    .ARM.Collect$$$$00000004  mc_p.l(entry5.o)
    0x080000c8   0x080000c8   0x00000000   Code   RO         4417    .ARM.Collect$$$$00000008  mc_p.l(entry7b.o)
    0x080000c8   0x080000c8   0x00000000   Code   RO         4419    .ARM.Collect$$$$0000000A  mc_p.l(entry8b.o)
    0x080000c8   0x080000c8   0x00000008   Code   RO         4420    .ARM.Collect$$$$0000000B  mc_p.l(entry9a.o)
    0x080000d0   0x080000d0   0x00000000   Code   RO         4422    .ARM.Collect$$$$0000000D  mc_p.l(entry10a.o)
    0x080000d0   0x080000d0   0x00000000   Code   RO         4424    .ARM.Collect$$$$0000000F  mc_p.l(entry11a.o)
    0x080000d0   0x080000d0   0x00000004   Code   RO         4413    .ARM.Collect$$$$00002712  mc_p.l(entry2.o)
    0x080000d4   0x080000d4   0x0000001c   Code   RO         4064    .text               startup_stm32l031xx.o
    0x080000f0   0x080000f0   0x0000002c   Code   RO         4081    .text               mc_p.l(uidiv.o)
    0x0800011c   0x0800011c   0x00000028   Code   RO         4083    .text               mc_p.l(idiv.o)
    0x08000144   0x08000144   0x00000060   Code   RO         4085    .text               mc_p.l(uldiv.o)
    0x080001a4   0x080001a4   0x0000008c   Code   RO         4091    .text               mc_p.l(mktime.o)
    0x08000230   0x08000230   0x00000024   Code   RO         4094    .text               mc_p.l(memcpya.o)
    0x08000254   0x08000254   0x00000024   Code   RO         4096    .text               mc_p.l(memseta.o)
    0x08000278   0x08000278   0x00000014   Code   RO         4361    .text               mc_p.l(uread4.o)
    0x0800028c   0x0800028c   0x00000012   Code   RO         4363    .text               mc_p.l(uwrite4.o)
    0x0800029e   0x0800029e   0x0000007a   Code   RO         4365    .text               mf_p.l(fmul.o)
    0x08000318   0x08000318   0x0000007c   Code   RO         4367    .text               mf_p.l(fdiv.o)
    0x08000394   0x08000394   0x00000164   Code   RO         4369    .text               mf_p.l(dadd.o)
    0x080004f8   0x080004f8   0x000000d0   Code   RO         4371    .text               mf_p.l(dmul.o)
    0x080005c8   0x080005c8   0x000000f0   Code   RO         4373    .text               mf_p.l(ddiv.o)
    0x080006b8   0x080006b8   0x0000001c   Code   RO         4375    .text               mf_p.l(dfltui.o)
    0x080006d4   0x080006d4   0x00000032   Code   RO         4377    .text               mf_p.l(ffixi.o)
    0x08000706   0x08000706   0x00000002   PAD
    0x08000708   0x08000708   0x00000048   Code   RO         4379    .text               mf_p.l(dfixi.o)
    0x08000750   0x08000750   0x00000028   Code   RO         4381    .text               mf_p.l(f2d.o)
    0x08000778   0x08000778   0x00000038   Code   RO         4383    .text               mf_p.l(d2f.o)
    0x080007b0   0x080007b0   0x00000020   Code   RO         4427    .text               mc_p.l(llshl.o)
    0x080007d0   0x080007d0   0x00000022   Code   RO         4429    .text               mc_p.l(llushr.o)
    0x080007f2   0x080007f2   0x00000026   Code   RO         4431    .text               mc_p.l(llsshr.o)
    0x08000818   0x08000818   0x00000010   Code   RO         4433    .text               mc_p.l(localtime_w.o)
    0x08000828   0x08000828   0x00000074   Code   RO         4436    .text               mc_p.l(localtime_i.o)
    0x0800089c   0x0800089c   0x00000000   Code   RO         4446    .text               mc_p.l(iusefp.o)
    0x0800089c   0x0800089c   0x00000082   Code   RO         4447    .text               mf_p.l(fepilogue.o)
    0x0800091e   0x0800091e   0x000000be   Code   RO         4449    .text               mf_p.l(depilogue.o)
    0x080009dc   0x080009dc   0x0000002c   Code   RO         4453    .text               mf_p.l(dscalb.o)
    0x08000a08   0x08000a08   0x00000028   Code   RO         4455    .text               mf_p.l(dflti.o)
    0x08000a30   0x08000a30   0x00000040   Code   RO         4457    .text               mf_p.l(dfixul.o)
    0x08000a70   0x08000a70   0x00000028   Code   RO         4459    .text               mf_p.l(cdrcmple.o)
    0x08000a98   0x08000a98   0x00000024   Code   RO         4461    .text               mc_p.l(init.o)
    0x08000abc   0x08000abc   0x000000a2   Code   RO         4463    .text               mf_p.l(dsqrt.o)
    0x08000b5e   0x08000b5e   0x00000052   Code   RO         1164    i.ADC_ConversionStop  stm32l0xx_hal_adc.o
    0x08000bb0   0x08000bb0   0x00000024   Code   RO         1168    i.ADC_DelayMicroSecond  stm32l0xx_hal_adc.o
    0x08000bd4   0x08000bd4   0x00000060   Code   RO         1169    i.ADC_Disable       stm32l0xx_hal_adc.o
    0x08000c34   0x08000c34   0x00000064   Code   RO         1170    i.ADC_Enable        stm32l0xx_hal_adc.o
    0x08000c98   0x08000c98   0x00000140   Code   RO         1013    i.AT45dbxx_Init     at45db.o
    0x08000dd8   0x08000dd8   0x00000064   Code   RO         1015    i.AT45dbxx_ReadPage  at45db.o
    0x08000e3c   0x08000e3c   0x00000024   Code   RO         1016    i.AT45dbxx_ReadStatus  at45db.o
    0x08000e60   0x08000e60   0x0000001a   Code   RO         1017    i.AT45dbxx_Resume   at45db.o
    0x08000e7a   0x08000e7a   0x00000002   PAD
    0x08000e7c   0x08000e7c   0x00000024   Code   RO         1018    i.AT45dbxx_Spi      at45db.o
    0x08000ea0   0x08000ea0   0x0000002e   Code   RO         1019    i.AT45dbxx_WaitBusy  at45db.o
    0x08000ece   0x08000ece   0x00000002   PAD
    0x08000ed0   0x08000ed0   0x00000058   Code   RO         1020    i.AT45dbxx_WritePage  at45db.o
    0x08000f28   0x08000f28   0x0000001c   Code   RO          497    i.Check_cumulative_sum  check.o
    0x08000f44   0x08000f44   0x00000034   Code   RO            3    i.Dev_ReInit        main.o
    0x08000f78   0x08000f78   0x00000180   Code   RO            4    i.Dev_parameter_init  main.o
    0x080010f8   0x080010f8   0x00000020   Code   RO         1104    i.EERead            ieeprom.o
    0x08001118   0x08001118   0x00000034   Code   RO         1105    i.EEWrite           ieeprom.o
    0x0800114c   0x0800114c   0x00000002   Code   RO            5    i.Error_Handler     main.o
    0x0800114e   0x0800114e   0x00000002   PAD
    0x08001150   0x08001150   0x00000090   Code   RO         2998    i.FLASH_SetErrorCode  stm32l0xx_hal_flash.o
    0x080011e0   0x080011e0   0x00000070   Code   RO         2999    i.FLASH_WaitForLastOperation  stm32l0xx_hal_flash.o
    0x08001250   0x08001250   0x000000aa   Code   RO         1347    i.HAL_ADCEx_Calibration_Start  stm32l0xx_hal_adc_ex.o
    0x080012fa   0x080012fa   0x00000002   PAD
    0x080012fc   0x080012fc   0x00000010   Code   RO         1348    i.HAL_ADCEx_DisableVREFINT  stm32l0xx_hal_adc_ex.o
    0x0800130c   0x0800130c   0x00000030   Code   RO         1350    i.HAL_ADCEx_EnableVREFINT  stm32l0xx_hal_adc_ex.o
    0x0800133c   0x0800133c   0x00000094   Code   RO         1172    i.HAL_ADC_ConfigChannel  stm32l0xx_hal_adc.o
    0x080013d0   0x080013d0   0x00000004   Code   RO         1178    i.HAL_ADC_GetState  stm32l0xx_hal_adc.o
    0x080013d4   0x080013d4   0x00000006   Code   RO         1179    i.HAL_ADC_GetValue  stm32l0xx_hal_adc.o
    0x080013da   0x080013da   0x00000002   PAD
    0x080013dc   0x080013dc   0x000001c8   Code   RO         1181    i.HAL_ADC_Init      stm32l0xx_hal_adc.o
    0x080015a4   0x080015a4   0x00000034   Code   RO          299    i.HAL_ADC_MspDeInit  stm32l0xx_hal_msp.o
    0x080015d8   0x080015d8   0x00000050   Code   RO          300    i.HAL_ADC_MspInit   stm32l0xx_hal_msp.o
    0x08001628   0x08001628   0x000000c0   Code   RO         1185    i.HAL_ADC_PollForConversion  stm32l0xx_hal_adc.o
    0x080016e8   0x080016e8   0x0000005c   Code   RO         1187    i.HAL_ADC_Start     stm32l0xx_hal_adc.o
    0x08001744   0x08001744   0x0000003e   Code   RO         1190    i.HAL_ADC_Stop      stm32l0xx_hal_adc.o
    0x08001782   0x08001782   0x0000001c   Code   RO         2113    i.HAL_Delay         stm32l0xx_hal.o
    0x0800179e   0x0800179e   0x00000002   PAD
    0x080017a0   0x080017a0   0x00000014   Code   RO         3102    i.HAL_FLASHEx_DATAEEPROM_Lock  stm32l0xx_hal_flash_ex.o
    0x080017b4   0x080017b4   0x00000054   Code   RO         3103    i.HAL_FLASHEx_DATAEEPROM_Program  stm32l0xx_hal_flash_ex.o
    0x08001808   0x08001808   0x00000034   Code   RO         3104    i.HAL_FLASHEx_DATAEEPROM_Unlock  stm32l0xx_hal_flash_ex.o
    0x0800183c   0x0800183c   0x000000d4   Code   RO         3204    i.HAL_GPIO_DeInit   stm32l0xx_hal_gpio.o
    0x08001910   0x08001910   0x00000168   Code   RO         3207    i.HAL_GPIO_Init     stm32l0xx_hal_gpio.o
    0x08001a78   0x08001a78   0x00000008   Code   RO         3210    i.HAL_GPIO_TogglePin  stm32l0xx_hal_gpio.o
    0x08001a80   0x08001a80   0x0000000c   Code   RO         3211    i.HAL_GPIO_WritePin  stm32l0xx_hal_gpio.o
    0x08001a8c   0x08001a8c   0x0000000c   Code   RO         2117    i.HAL_GetTick       stm32l0xx_hal.o
    0x08001a98   0x08001a98   0x000000a4   Code   RO            6    i.HAL_Get_CPU_RCC_Clock  main.o
    0x08001b3c   0x08001b3c   0x00000064   Code   RO         4037    i.HAL_IWDG_Init     stm32l0xx_hal_iwdg.o
    0x08001ba0   0x08001ba0   0x00000010   Code   RO         4038    i.HAL_IWDG_Refresh  stm32l0xx_hal_iwdg.o
    0x08001bb0   0x08001bb0   0x00000010   Code   RO         2121    i.HAL_IncTick       stm32l0xx_hal.o
    0x08001bc0   0x08001bc0   0x00000028   Code   RO         2122    i.HAL_Init          stm32l0xx_hal.o
    0x08001be8   0x08001be8   0x00000030   Code   RO         2123    i.HAL_InitTick      stm32l0xx_hal.o
    0x08001c18   0x08001c18   0x00000018   Code   RO          301    i.HAL_MspInit       stm32l0xx_hal_msp.o
    0x08001c30   0x08001c30   0x00000014   Code   RO         3531    i.HAL_NVIC_EnableIRQ  stm32l0xx_hal_cortex.o
    0x08001c44   0x08001c44   0x00000008   Code   RO         3535    i.HAL_NVIC_SetPriority  stm32l0xx_hal_cortex.o
    0x08001c4c   0x08001c4c   0x00000010   Code   RO         3476    i.HAL_PWREx_EnableFastWakeUp  stm32l0xx_hal_pwr_ex.o
    0x08001c5c   0x08001c5c   0x00000010   Code   RO         3478    i.HAL_PWREx_EnableUltraLowPower  stm32l0xx_hal_pwr_ex.o
    0x08001c6c   0x08001c6c   0x00000010   Code   RO         3364    i.HAL_PWR_EnableBkUpAccess  stm32l0xx_hal_pwr.o
    0x08001c7c   0x08001c7c   0x00000034   Code   RO         3371    i.HAL_PWR_EnterSTOPMode  stm32l0xx_hal_pwr.o
    0x08001cb0   0x08001cb0   0x00000150   Code   RO         2894    i.HAL_RCCEx_PeriphCLKConfig  stm32l0xx_hal_rcc_ex.o
    0x08001e00   0x08001e00   0x0000016c   Code   RO         2796    i.HAL_RCC_ClockConfig  stm32l0xx_hal_rcc.o
    0x08001f6c   0x08001f6c   0x0000000c   Code   RO         2800    i.HAL_RCC_GetHCLKFreq  stm32l0xx_hal_rcc.o
    0x08001f78   0x08001f78   0x00000020   Code   RO         2802    i.HAL_RCC_GetPCLK1Freq  stm32l0xx_hal_rcc.o
    0x08001f98   0x08001f98   0x00000020   Code   RO         2803    i.HAL_RCC_GetPCLK2Freq  stm32l0xx_hal_rcc.o
    0x08001fb8   0x08001fb8   0x00000078   Code   RO         2804    i.HAL_RCC_GetSysClockFreq  stm32l0xx_hal_rcc.o
    0x08002030   0x08002030   0x0000042c   Code   RO         2807    i.HAL_RCC_OscConfig  stm32l0xx_hal_rcc.o
    0x0800245c   0x0800245c   0x00000002   Code   RO         1534    i.HAL_RTCEx_AlarmBEventCallback  stm32l0xx_hal_rtc_ex.o
    0x0800245e   0x0800245e   0x0000000c   Code   RO         1535    i.HAL_RTCEx_BKUPRead  stm32l0xx_hal_rtc_ex.o
    0x0800246a   0x0800246a   0x0000000c   Code   RO         1536    i.HAL_RTCEx_BKUPWrite  stm32l0xx_hal_rtc_ex.o
    0x08002476   0x08002476   0x00000002   PAD
    0x08002478   0x08002478   0x000000f8   Code   RO         1561    i.HAL_RTCEx_SetWakeUpTimer_IT  stm32l0xx_hal_rtc_ex.o
    0x08002570   0x08002570   0x0000000c   Code   RO          787    i.HAL_RTCEx_WakeUpTimerEventCallback  rtc.o
    0x0800257c   0x0800257c   0x00000038   Code   RO         1568    i.HAL_RTCEx_WakeUpTimerIRQHandler  stm32l0xx_hal_rtc_ex.o
    0x080025b4   0x080025b4   0x0000000c   Code   RO          788    i.HAL_RTC_AlarmAEventCallback  rtc.o
    0x080025c0   0x080025c0   0x00000060   Code   RO         1402    i.HAL_RTC_AlarmIRQHandler  stm32l0xx_hal_rtc.o
    0x08002620   0x08002620   0x00000044   Code   RO         1406    i.HAL_RTC_GetDate   stm32l0xx_hal_rtc.o
    0x08002664   0x08002664   0x0000005c   Code   RO         1408    i.HAL_RTC_GetTime   stm32l0xx_hal_rtc.o
    0x080026c0   0x080026c0   0x000000bc   Code   RO         1409    i.HAL_RTC_Init      stm32l0xx_hal_rtc.o
    0x0800277c   0x0800277c   0x00000030   Code   RO          303    i.HAL_RTC_MspInit   stm32l0xx_hal_msp.o
    0x080027ac   0x080027ac   0x000000c4   Code   RO         1415    i.HAL_RTC_SetDate   stm32l0xx_hal_rtc.o
    0x08002870   0x08002870   0x000000e8   Code   RO         1416    i.HAL_RTC_SetTime   stm32l0xx_hal_rtc.o
    0x08002958   0x08002958   0x00000034   Code   RO         1417    i.HAL_RTC_WaitForSynchro  stm32l0xx_hal_rtc.o
    0x0800298c   0x0800298c   0x00000010   Code   RO         2126    i.HAL_ResumeTick    stm32l0xx_hal.o
    0x0800299c   0x0800299c   0x00000030   Code   RO         1764    i.HAL_SPI_DeInit    stm32l0xx_hal_spi.o
    0x080029cc   0x080029cc   0x00000076   Code   RO         1769    i.HAL_SPI_Init      stm32l0xx_hal_spi.o
    0x08002a42   0x08002a42   0x00000002   PAD
    0x08002a44   0x08002a44   0x00000028   Code   RO          304    i.HAL_SPI_MspDeInit  stm32l0xx_hal_msp.o
    0x08002a6c   0x08002a6c   0x00000058   Code   RO          305    i.HAL_SPI_MspInit   stm32l0xx_hal_msp.o
    0x08002ac4   0x08002ac4   0x00000146   Code   RO         1772    i.HAL_SPI_Receive   stm32l0xx_hal_spi.o
    0x08002c0a   0x08002c0a   0x0000015c   Code   RO         1777    i.HAL_SPI_Transmit  stm32l0xx_hal_spi.o
    0x08002d66   0x08002d66   0x000001f0   Code   RO         1778    i.HAL_SPI_TransmitReceive  stm32l0xx_hal_spi.o
    0x08002f56   0x08002f56   0x00000002   PAD
    0x08002f58   0x08002f58   0x00000030   Code   RO         3539    i.HAL_SYSTICK_Config  stm32l0xx_hal_cortex.o
    0x08002f88   0x08002f88   0x00000010   Code   RO         2131    i.HAL_SuspendTick   stm32l0xx_hal.o
    0x08002f98   0x08002f98   0x0000006a   Code   RO         3649    i.HAL_UART_Init     stm32l0xx_hal_uart.o
    0x08003002   0x08003002   0x00000002   PAD
    0x08003004   0x08003004   0x0000005c   Code   RO          307    i.HAL_UART_MspInit  stm32l0xx_hal_msp.o
    0x08003060   0x08003060   0x000000ce   Code   RO         3657    i.HAL_UART_Transmit  stm32l0xx_hal_uart.o
    0x0800312e   0x0800312e   0x00000002   Code   RO          234    i.HardFault_Handler  stm32l0xx_it.o
    0x08003130   0x08003130   0x000001c0   Code   RO          415    i.Instruction_Process  data_tran.o
    0x080032f0   0x080032f0   0x00000078   Code   RO          730    i.MX_ADC_Init       adc.o
    0x08003368   0x08003368   0x000000bc   Code   RO          919    i.MX_GPIO_Deinit    gpio.o
    0x08003424   0x08003424   0x0000009c   Code   RO          920    i.MX_GPIO_Init      gpio.o
    0x080034c0   0x080034c0   0x00000024   Code   RO            7    i.MX_IWDG_Init      main.o
    0x080034e4   0x080034e4   0x00000038   Code   RO          945    i.MX_LPUART1_UART_Init  uart.o
    0x0800351c   0x0800351c   0x00000058   Code   RO          790    i.MX_RTC_Init       rtc.o
    0x08003574   0x08003574   0x00000040   Code   RO          881    i.MX_SPI1_Init      spi.o
    0x080035b4   0x080035b4   0x00000002   Code   RO          235    i.NMI_Handler       stm32l0xx_it.o
    0x080035b6   0x080035b6   0x00000002   PAD
    0x080035b8   0x080035b8   0x00000044   Code   RO         3541    i.NVIC_SetPriority  stm32l0xx_hal_cortex.o
    0x080035fc   0x080035fc   0x00000002   Code   RO          236    i.PendSV_Handler    stm32l0xx_it.o
    0x080035fe   0x080035fe   0x00000010   Code   RO         1418    i.RTC_Bcd2ToByte    stm32l0xx_hal_rtc.o
    0x0800360e   0x0800360e   0x00000018   Code   RO         1419    i.RTC_ByteToBcd2    stm32l0xx_hal_rtc.o
    0x08003626   0x08003626   0x00000002   PAD
    0x08003628   0x08003628   0x0000009c   Code   RO          791    i.RTC_CalendarShow  rtc.o
    0x080036c4   0x080036c4   0x0000005c   Code   RO          792    i.RTC_DateTime_To_Timestamp  rtc.o
    0x08003720   0x08003720   0x00000038   Code   RO         1420    i.RTC_EnterInitMode  stm32l0xx_hal_rtc.o
    0x08003758   0x08003758   0x0000006c   Code   RO          793    i.RTC_Get_Week      rtc.o
    0x080037c4   0x080037c4   0x00000014   Code   RO          237    i.RTC_IRQHandler    stm32l0xx_it.o
    0x080037d8   0x080037d8   0x00000124   Code   RO          794    i.RTC_SetDataTime   rtc.o
    0x080038fc   0x080038fc   0x00000088   Code   RO          795    i.RTC_Timestamp_To_DateTime  rtc.o
    0x08003984   0x08003984   0x00000018   Code   RO          541    i.SI446x_Change_Status  si4463.o
    0x0800399c   0x0800399c   0x00000036   Code   RO          542    i.SI446x_Config_Gpio  si4463.o
    0x080039d2   0x080039d2   0x00000002   PAD
    0x080039d4   0x080039d4   0x000000bc   Code   RO          543    i.SI446x_Config_Init  si4463.o
    0x08003a90   0x08003a90   0x00000024   Code   RO          544    i.SI446x_Get_Device_Status  si4463.o
    0x08003ab4   0x08003ab4   0x0000003c   Code   RO          551    i.SI446x_Init       si4463.o
    0x08003af0   0x08003af0   0x00000026   Code   RO          552    i.SI446x_Interrupt_Status  si4463.o
    0x08003b16   0x08003b16   0x0000002c   Code   RO          554    i.SI446x_Power_Up   si4463.o
    0x08003b42   0x08003b42   0x00000042   Code   RO          555    i.SI446x_Read_Packet  si4463.o
    0x08003b84   0x08003b84   0x00000038   Code   RO          556    i.SI446x_Read_Response  si4463.o
    0x08003bbc   0x08003bbc   0x0000002c   Code   RO          557    i.SI446x_Reset      si4463.o
    0x08003be8   0x08003be8   0x00000016   Code   RO          558    i.SI446x_Reset_RxFifo  si4463.o
    0x08003bfe   0x08003bfe   0x00000016   Code   RO          559    i.SI446x_Reset_TxFifo  si4463.o
    0x08003c14   0x08003c14   0x00000082   Code   RO          560    i.SI446x_Send_Packet  si4463.o
    0x08003c96   0x08003c96   0x00000002   PAD
    0x08003c98   0x08003c98   0x00000010   Code   RO          561    i.SI446x_Set_Power  si4463.o
    0x08003ca8   0x08003ca8   0x00000024   Code   RO          563    i.SI446x_Set_Property_1  si4463.o
    0x08003ccc   0x08003ccc   0x0000003a   Code   RO          564    i.SI446x_Start_Rx   si4463.o
    0x08003d06   0x08003d06   0x00000002   PAD
    0x08003d08   0x08003d08   0x00000078   Code   RO          416    i.SI446x_TX_RX_Data  data_tran.o
    0x08003d80   0x08003d80   0x0000003c   Code   RO          566    i.SI446x_Wait_Cts   si4463.o
    0x08003dbc   0x08003dbc   0x00000030   Code   RO          567    i.SI446x_Write_Cmds  si4463.o
    0x08003dec   0x08003dec   0x0000005c   Code   RO         1806    i.SPI_EndRxTransaction  stm32l0xx_hal_spi.o
    0x08003e48   0x08003e48   0x00000042   Code   RO         1807    i.SPI_EndRxTxTransaction  stm32l0xx_hal_spi.o
    0x08003e8a   0x08003e8a   0x00000002   PAD
    0x08003e8c   0x08003e8c   0x00000038   Code   RO          883    i.SPI_SELECT        spi.o
    0x08003ec4   0x08003ec4   0x0000008c   Code   RO         1812    i.SPI_WaitFlagStateUntilTimeout  stm32l0xx_hal_spi.o
    0x08003f50   0x08003f50   0x00000002   Code   RO          238    i.SVC_Handler       stm32l0xx_it.o
    0x08003f52   0x08003f52   0x00000002   PAD
    0x08003f54   0x08003f54   0x00000020   Code   RO          796    i.Set_Alarm         rtc.o
    0x08003f74   0x08003f74   0x00000038   Code   RO          239    i.SysTick_Handler   stm32l0xx_it.o
    0x08003fac   0x08003fac   0x000000a4   Code   RO          979    i.SystemClock_Config_MSI_2MHz  clock_config.o
    0x08004050   0x08004050   0x00000054   Code   RO         1131    i.SystemInit        system_stm32l0xx.o
    0x080040a4   0x080040a4   0x000000ca   Code   RO         3662    i.UART_AdvFeatureConfig  stm32l0xx_hal_uart.o
    0x0800416e   0x0800416e   0x00000002   PAD
    0x08004170   0x08004170   0x00000060   Code   RO         3663    i.UART_CheckIdleState  stm32l0xx_hal_uart.o
    0x080041d0   0x080041d0   0x00000204   Code   RO         3678    i.UART_SetConfig    stm32l0xx_hal_uart.o
    0x080043d4   0x080043d4   0x00000062   Code   RO         3681    i.UART_WaitOnFlagUntilTimeout  stm32l0xx_hal_uart.o
    0x08004436   0x08004436   0x00000002   PAD
    0x08004438   0x08004438   0x00000020   Code   RO         4333    i.__0printf         mc_p.l(printfa.o)
    0x08004458   0x08004458   0x0000002e   Code   RO         4451    i.__ARM_clz         mf_p.l(depilogue.o)
    0x08004486   0x08004486   0x0000001a   Code   RO         1090    i.__ARM_common_switch8  at45db.o
    0x080044a0   0x080044a0   0x0000002c   Code   RO         4399    i.__ARM_fpclassify  m_ps.l(fpclassify.o)
    0x080044cc   0x080044cc   0x000000ac   Code   RO         4401    i.__kernel_poly     m_ps.l(poly.o)
    0x08004578   0x08004578   0x00000014   Code   RO         4385    i.__mathlib_dbl_divzero  m_ps.l(dunder.o)
    0x0800458c   0x0800458c   0x00000008   Code   RO         4387    i.__mathlib_dbl_infnan2  m_ps.l(dunder.o)
    0x08004594   0x08004594   0x00000010   Code   RO         4388    i.__mathlib_dbl_invalid  m_ps.l(dunder.o)
    0x080045a4   0x080045a4   0x00000014   Code   RO         4389    i.__mathlib_dbl_overflow  m_ps.l(dunder.o)
    0x080045b8   0x080045b8   0x00000014   Code   RO         4391    i.__mathlib_dbl_underflow  m_ps.l(dunder.o)
    0x080045cc   0x080045cc   0x0000000e   Code   RO         4469    i.__scatterload_copy  mc_p.l(handlers.o)
    0x080045da   0x080045da   0x00000002   Code   RO         4470    i.__scatterload_null  mc_p.l(handlers.o)
    0x080045dc   0x080045dc   0x0000000e   Code   RO         4471    i.__scatterload_zeroinit  mc_p.l(handlers.o)
    0x080045ea   0x080045ea   0x00000002   PAD
    0x080045ec   0x080045ec   0x0000000c   Code   RO         4441    i.__set_errno       mc_p.l(errno.o)
    0x080045f8   0x080045f8   0x00000174   Code   RO         4340    i._fp_digits        mc_p.l(printfa.o)
    0x0800476c   0x0800476c   0x000006ec   Code   RO         4341    i._printf_core      mc_p.l(printfa.o)
    0x08004e58   0x08004e58   0x00000020   Code   RO         4342    i._printf_post_padding  mc_p.l(printfa.o)
    0x08004e78   0x08004e78   0x0000002c   Code   RO         4343    i._printf_pre_padding  mc_p.l(printfa.o)
    0x08004ea4   0x08004ea4   0x0000001c   Code   RO          417    i.clear_wl_rx_buff  data_tran.o
    0x08004ec0   0x08004ec0   0x00000104   Code   RO          418    i.dev_Extract_Ack   data_tran.o
    0x08004fc4   0x08004fc4   0x00000066   Code   RO          419    i.dev_Send_EOT      data_tran.o
    0x0800502a   0x0800502a   0x00000002   PAD
    0x0800502c   0x0800502c   0x000000e0   Code   RO          420    i.dev_Set_SampleInterval  data_tran.o
    0x0800510c   0x0800510c   0x00000164   Code   RO          421    i.dev_TimeService   data_tran.o
    0x08005270   0x08005270   0x000005bc   Code   RO          422    i.dev_data_request  data_tran.o
    0x0800582c   0x0800582c   0x0000012c   Code   RO          387    i.dev_data_sample_and_storage  storage.o
    0x08005958   0x08005958   0x00000168   Code   RO          423    i.dev_inquire_info  data_tran.o
    0x08005ac0   0x08005ac0   0x00000028   Code   RO          569    i.drv_spi_read_write_byte  si4463.o
    0x08005ae8   0x08005ae8   0x000000a0   Code   RO          367    i.enter_stopmode    lowpower.o
    0x08005b88   0x08005b88   0x0000001c   Code   RO          946    i.fputc             uart.o
    0x08005ba4   0x08005ba4   0x00000110   Code   RO          731    i.get_adc           adc.o
    0x08005cb4   0x08005cb4   0x000000d0   Code   RO          732    i.get_temp_t        adc.o
    0x08005d84   0x08005d84   0x00000074   Code   RO          733    i.get_vdd_v         adc.o
    0x08005df8   0x08005df8   0x000001d8   Code   RO            8    i.main              main.o
    0x08005fd0   0x08005fd0   0x000009fc   Code   RO         4069    i.pow               m_ps.l(pow.o)
    0x080069cc   0x080069cc   0x00000048   Code   RO         4405    i.sqrt              m_ps.l(sqrt.o)
    0x08006a14   0x08006a14   0x0000016b   Data   RO          571    .constdata          si4463.o
    0x08006b7f   0x08006b7f   0x00000019   Data   RO         1132    .constdata          system_stm32l0xx.o
    0x08006b98   0x08006b98   0x00000008   Data   RO         1133    .constdata          system_stm32l0xx.o
    0x08006ba0   0x08006ba0   0x00000088   Data   RO         4070    .constdata          m_ps.l(pow.o)
    0x08006c28   0x08006c28   0x0000000c   Data   RO         4092    .constdata          mc_p.l(mktime.o)
    0x08006c34   0x08006c34   0x00000004   PAD
    0x08006c38   0x08006c38   0x00000008   Data   RO         4403    .constdata          m_ps.l(qnan.o)
    0x08006c40   0x08006c40   0x0000000c   Data   RO         4437    .constdata          mc_p.l(localtime_i.o)
    0x08006c4c   0x08006c4c   0x0000004a   Data   RO          389    .conststring        storage.o
    0x08006c96   0x08006c96   0x00000002   PAD
    0x08006c98   0x08006c98   0x0000005e   Data   RO          426    .conststring        data_tran.o
    0x08006cf6   0x08006cf6   0x00000002   PAD
    0x08006cf8   0x08006cf8   0x00000020   Data   RO         4467    Region$$Table       anon$$obj.o


    Execution Region RW_IRAM1 (Exec base: 0x20000000, Load base: 0x08006d18, Size: 0x00000658, Max: 0x00002000, ABSOLUTE)

    Exec Addr    Load Addr    Size         Type   Attr      Idx    E Section Name        Object

    0x20000000   0x08006d18   0x00000001   Data   RW           11    .data               main.o
    0x20000001   0x08006d19   0x00000003   PAD
    0x20000004   0x08006d1c   0x00000010   Data   RW           12    .data               main.o
    0x20000014   0x08006d2c   0x00000004   Data   RW          240    .data               stm32l0xx_it.o
    0x20000018   0x08006d30   0x00000008   Data   RW          390    .data               storage.o
    0x20000020   0x08006d38   0x00000002   Data   RW          429    .data               data_tran.o
    0x20000022   0x08006d3a   0x00000002   PAD
    0x20000024   0x08006d3c   0x0000000c   Data   RW          735    .data               adc.o
    0x20000030   0x08006d48   0x00000008   Data   RW         1021    .data               at45db.o
    0x20000038   0x08006d50   0x00000004   Data   RW         1134    .data               system_stm32l0xx.o
    0x2000003c   0x08006d54   0x00000004   Data   RW         2132    .data               stm32l0xx_hal.o
    0x20000040   0x08006d58   0x00000004   Data   RW         4426    .data               mc_p.l(stdout.o)
    0x20000044   0x08006d5c   0x00000004   Data   RW         4442    .data               mc_p.l(errno.o)
    0x20000048        -       0x00000010   Zero   RW            9    .bss                main.o
    0x20000058        -       0x00000018   Zero   RW          388    .bss                storage.o
    0x20000070        -       0x00000049   Zero   RW          424    .bss                data_tran.o
    0x200000b9   0x08006d60   0x00000003   PAD
    0x200000bc        -       0x0000005c   Zero   RW          734    .bss                adc.o
    0x20000118        -       0x00000024   Zero   RW          799    .bss                rtc.o
    0x2000013c        -       0x00000058   Zero   RW          884    .bss                spi.o
    0x20000194        -       0x00000080   Zero   RW          947    .bss                uart.o
    0x20000214        -       0x00000018   Zero   RW         3011    .bss                stm32l0xx_hal_flash.o
    0x2000022c        -       0x0000002c   Zero   RW         4434    .bss                mc_p.l(localtime_w.o)
    0x20000258        -       0x00000400   Zero   RW         4061    STACK               startup_stm32l031xx.o


==============================================================================

Image component sizes


      Code (inc. data)   RO Data    RW Data    ZI Data      Debug   Object Name

       716        132          0         12         92       3033   adc.o
       678         72          0          8          0       6959   at45db.o
        28          0          0          0          0        671   check.o
       164         10          0          0          0        662   clock_config.o
      3366        576         94          2         73      10035   data_tran.o
       344         20          0          0          0       1532   gpio.o
        84         12          0          0          0       1191   ieeprom.o
       160         52          0          0          0        485   lowpower.o
      1110        452          0         17         16     341618   main.o
       928        280          0          0         36       5661   rtc.o
      1042         30        363          0          0      10967   si4463.o
       120         12          0          0         88       1168   spi.o
        28          8        192          0       1024        580   startup_stm32l031xx.o
       176         28          0          4          0       4546   stm32l0xx_hal.o
      1274         36          0          0          0       8412   stm32l0xx_hal_adc.o
       234          8          0          0          0       2551   stm32l0xx_hal_adc_ex.o
       144         24          0          0          0       8993   stm32l0xx_hal_cortex.o
       256         16          0          0         24       3118   stm32l0xx_hal_flash.o
       156         26          0          0          0       2211   stm32l0xx_hal_flash_ex.o
       592         44          0          0          0       3675   stm32l0xx_hal_gpio.o
       116         20          0          0          0       1655   stm32l0xx_hal_iwdg.o
       424         56          0          0          0       4063   stm32l0xx_hal_msp.o
        68         12          0          0          0       1099   stm32l0xx_hal_pwr.o
        32          8          0          0          0       1001   stm32l0xx_hal_pwr_ex.o
      1628         94          0          0          0       5888   stm32l0xx_hal_rcc.o
       336         12          0          0          0       1396   stm32l0xx_hal_rcc_ex.o
      1020         26          0          0          0       7634   stm32l0xx_hal_rtc.o
       330         18          0          0          0       4335   stm32l0xx_hal_rtc_ex.o
      1634          0          0          0          0       8947   stm32l0xx_hal_spi.o
      1224         72          0          0          0       6325   stm32l0xx_hal_uart.o
        84         12          0          4          0       2680   stm32l0xx_it.o
       300         90         74          8         24       1559   storage.o
        84         18         33          4          0       1151   system_stm32l0xx.o
        84         18          0          0        128       1082   uart.o

    ----------------------------------------------------------------------
     19004       2294        792         64       1508     466883   Object Totals
         0          0         32          0          0          0   (incl. Generated)
        40          0          4          5          3          0   (incl. Padding)

    ----------------------------------------------------------------------

      Code (inc. data)   RO Data    RW Data    ZI Data      Debug   Library Member Name

        84         14          0          0          0        340   dunder.o
        44          4          0          0          0         60   fpclassify.o
       172          0          0          0          0         76   poly.o
      2556        196        136          0          0        240   pow.o
         0          0          8          0          0          0   qnan.o
        72          6          0          0          0         76   sqrt.o
         0          0          0          0          0          0   entry.o
         0          0          0          0          0          0   entry10a.o
         0          0          0          0          0          0   entry11a.o
         8          4          0          0          0          0   entry2.o
         4          0          0          0          0          0   entry5.o
         0          0          0          0          0          0   entry7b.o
         0          0          0          0          0          0   entry8b.o
         8          4          0          0          0          0   entry9a.o
        12          6          0          4          0         60   errno.o
        30          0          0          0          0          0   handlers.o
        40          0          0          0          0         72   idiv.o
        36          8          0          0          0         68   init.o
         0          0          0          0          0          0   iusefp.o
        32          0          0          0          0         68   llshl.o
        38          0          0          0          0         68   llsshr.o
        34          0          0          0          0         68   llushr.o
       116         12         12          0          0         72   localtime_i.o
        16          6          0          0         44         68   localtime_w.o
        36          0          0          0          0         60   memcpya.o
        36          0          0          0          0        100   memseta.o
       140         16         12          0          0         72   mktime.o
      2252         98          0          0          0        412   printfa.o
         0          0          0          4          0          0   stdout.o
        44          0          0          0          0         72   uidiv.o
        96          0          0          0          0         84   uldiv.o
        20          0          0          0          0         60   uread4.o
        18          0          0          0          0         60   uwrite4.o
        40          2          0          0          0         68   cdrcmple.o
        56          0          0          0          0         68   d2f.o
       356          4          0          0          0        140   dadd.o
       240          6          0          0          0         84   ddiv.o
       236          0          0          0          0        216   depilogue.o
        72         10          0          0          0         72   dfixi.o
        64         10          0          0          0         68   dfixul.o
        40          6          0          0          0         68   dflti.o
        28          4          0          0          0         68   dfltui.o
       208          6          0          0          0         88   dmul.o
        44          0          0          0          0         72   dscalb.o
       162          0          0          0          0         80   dsqrt.o
        40          0          0          0          0         60   f2d.o
       124          0          0          0          0         72   fdiv.o
       130          0          0          0          0        144   fepilogue.o
        50          0          0          0          0         60   ffixi.o
       122          0          0          0          0         72   fmul.o

    ----------------------------------------------------------------------
      7960        422        172          8         44       3756   Library Totals
         4          0          4          0          0          0   (incl. Padding)

    ----------------------------------------------------------------------

      Code (inc. data)   RO Data    RW Data    ZI Data      Debug   Library Name

      2928        220        144          0          0        792   m_ps.l
      3016        154         24          8         44       1464   mc_p.l
      2012         48          0          0          0       1500   mf_p.l

    ----------------------------------------------------------------------
      7960        422        172          8         44       3756   Library Totals

    ----------------------------------------------------------------------

==============================================================================


      Code (inc. data)   RO Data    RW Data    ZI Data      Debug   

     26964       2716        964         72       1552     462027   Grand Totals
     26964       2716        964         72       1552     462027   ELF Image Totals
     26964       2716        964         72          0          0   ROM Totals

==============================================================================

    Total RO  Size (Code + RO Data)                27928 (  27.27kB)
    Total RW  Size (RW Data + ZI Data)              1624 (   1.59kB)
    Total ROM Size (Code + RO Data + RW Data)      28000 (  27.34kB)

==============================================================================

